Archive member included to satisfy reference by file (symbol)

/Applications/STM32CubeIDE.app/Contents/Eclipse/plugins/com.st.stm32cube.ide.mcu.externaltools.gnu-tools-for-stm32.13.3.rel1.macos64_1.0.0.202411102158/tools/bin/../lib/gcc/arm-none-eabi/13.3.1/../../../../arm-none-eabi/lib/thumb/v7e-m+fp/hard/libc_nano.a(libc_a-exit.o)
                              /Applications/STM32CubeIDE.app/Contents/Eclipse/plugins/com.st.stm32cube.ide.mcu.externaltools.gnu-tools-for-stm32.13.3.rel1.macos64_1.0.0.202411102158/tools/bin/../lib/gcc/arm-none-eabi/13.3.1/../../../../arm-none-eabi/lib/thumb/v7e-m+fp/hard/crt0.o (exit)
/Applications/STM32CubeIDE.app/Contents/Eclipse/plugins/com.st.stm32cube.ide.mcu.externaltools.gnu-tools-for-stm32.13.3.rel1.macos64_1.0.0.202411102158/tools/bin/../lib/gcc/arm-none-eabi/13.3.1/../../../../arm-none-eabi/lib/thumb/v7e-m+fp/hard/libc_nano.a(libc_a-nano-vfprintf_float.o)
                              (_printf_float)
/Applications/STM32CubeIDE.app/Contents/Eclipse/plugins/com.st.stm32cube.ide.mcu.externaltools.gnu-tools-for-stm32.13.3.rel1.macos64_1.0.0.202411102158/tools/bin/../lib/gcc/arm-none-eabi/13.3.1/../../../../arm-none-eabi/lib/thumb/v7e-m+fp/hard/libc_nano.a(libc_a-nano-vfprintf_i.o)
                              /Applications/STM32CubeIDE.app/Contents/Eclipse/plugins/com.st.stm32cube.ide.mcu.externaltools.gnu-tools-for-stm32.13.3.rel1.macos64_1.0.0.202411102158/tools/bin/../lib/gcc/arm-none-eabi/13.3.1/../../../../arm-none-eabi/lib/thumb/v7e-m+fp/hard/libc_nano.a(libc_a-nano-vfprintf_float.o) (_printf_common)
/Applications/STM32CubeIDE.app/Contents/Eclipse/plugins/com.st.stm32cube.ide.mcu.externaltools.gnu-tools-for-stm32.13.3.rel1.macos64_1.0.0.202411102158/tools/bin/../lib/gcc/arm-none-eabi/13.3.1/../../../../arm-none-eabi/lib/thumb/v7e-m+fp/hard/libc_nano.a(libc_a-sprintf.o)
                              build/freertos.o (sprintf)
/Applications/STM32CubeIDE.app/Contents/Eclipse/plugins/com.st.stm32cube.ide.mcu.externaltools.gnu-tools-for-stm32.13.3.rel1.macos64_1.0.0.202411102158/tools/bin/../lib/gcc/arm-none-eabi/13.3.1/../../../../arm-none-eabi/lib/thumb/v7e-m+fp/hard/libc_nano.a(libc_a-findfp.o)
                              /Applications/STM32CubeIDE.app/Contents/Eclipse/plugins/com.st.stm32cube.ide.mcu.externaltools.gnu-tools-for-stm32.13.3.rel1.macos64_1.0.0.202411102158/tools/bin/../lib/gcc/arm-none-eabi/13.3.1/../../../../arm-none-eabi/lib/thumb/v7e-m+fp/hard/libc_nano.a(libc_a-exit.o) (__stdio_exit_handler)
/Applications/STM32CubeIDE.app/Contents/Eclipse/plugins/com.st.stm32cube.ide.mcu.externaltools.gnu-tools-for-stm32.13.3.rel1.macos64_1.0.0.202411102158/tools/bin/../lib/gcc/arm-none-eabi/13.3.1/../../../../arm-none-eabi/lib/thumb/v7e-m+fp/hard/libc_nano.a(libc_a-fwalk.o)
                              /Applications/STM32CubeIDE.app/Contents/Eclipse/plugins/com.st.stm32cube.ide.mcu.externaltools.gnu-tools-for-stm32.13.3.rel1.macos64_1.0.0.202411102158/tools/bin/../lib/gcc/arm-none-eabi/13.3.1/../../../../arm-none-eabi/lib/thumb/v7e-m+fp/hard/libc_nano.a(libc_a-findfp.o) (_fwalk_sglue)
/Applications/STM32CubeIDE.app/Contents/Eclipse/plugins/com.st.stm32cube.ide.mcu.externaltools.gnu-tools-for-stm32.13.3.rel1.macos64_1.0.0.202411102158/tools/bin/../lib/gcc/arm-none-eabi/13.3.1/../../../../arm-none-eabi/lib/thumb/v7e-m+fp/hard/libc_nano.a(libc_a-memset.o)
                              /Applications/STM32CubeIDE.app/Contents/Eclipse/plugins/com.st.stm32cube.ide.mcu.externaltools.gnu-tools-for-stm32.13.3.rel1.macos64_1.0.0.202411102158/tools/bin/../lib/gcc/arm-none-eabi/13.3.1/../../../../arm-none-eabi/lib/thumb/v7e-m+fp/hard/crt0.o (memset)
/Applications/STM32CubeIDE.app/Contents/Eclipse/plugins/com.st.stm32cube.ide.mcu.externaltools.gnu-tools-for-stm32.13.3.rel1.macos64_1.0.0.202411102158/tools/bin/../lib/gcc/arm-none-eabi/13.3.1/../../../../arm-none-eabi/lib/thumb/v7e-m+fp/hard/libc_nano.a(libc_a-errno.o)
                              build/sysmem.o (__errno)
/Applications/STM32CubeIDE.app/Contents/Eclipse/plugins/com.st.stm32cube.ide.mcu.externaltools.gnu-tools-for-stm32.13.3.rel1.macos64_1.0.0.202411102158/tools/bin/../lib/gcc/arm-none-eabi/13.3.1/../../../../arm-none-eabi/lib/thumb/v7e-m+fp/hard/libc_nano.a(libc_a-init.o)
                              /Applications/STM32CubeIDE.app/Contents/Eclipse/plugins/com.st.stm32cube.ide.mcu.externaltools.gnu-tools-for-stm32.13.3.rel1.macos64_1.0.0.202411102158/tools/bin/../lib/gcc/arm-none-eabi/13.3.1/../../../../arm-none-eabi/lib/thumb/v7e-m+fp/hard/crt0.o (__libc_init_array)
/Applications/STM32CubeIDE.app/Contents/Eclipse/plugins/com.st.stm32cube.ide.mcu.externaltools.gnu-tools-for-stm32.13.3.rel1.macos64_1.0.0.202411102158/tools/bin/../lib/gcc/arm-none-eabi/13.3.1/../../../../arm-none-eabi/lib/thumb/v7e-m+fp/hard/libc_nano.a(libc_a-lock.o)
[...]
Memory Configuration

Name             Origin             Length             Attributes
RAM              0x20000000         0x00020000         xrw
FLASH            0x08000000         0x00080000         xr
*default*        0x00000000         0xffffffff

Linker script and memory map

LOAD /Applications/STM32CubeIDE.app/Contents/Eclipse/plugins/com.st.stm32cube.ide.mcu.externaltools.gnu-tools-for-stm32.13.3.rel1.macos64_1.0.0.202411102158/tools/bin/../lib/gcc/arm-none-eabi/13.3.1/thumb/v7e-m+fp/hard/crti.o
LOAD /Applications/STM32CubeIDE.app/Contents/Eclipse/plugins/com.st.stm32cube.ide.mcu.externaltools.gnu-tools-for-stm32.13.3.rel1.macos64_1.0.0.202411102158/tools/bin/../lib/gcc/arm-none-eabi/13.3.1/thumb/v7e-m+fp/hard/crtbegin.o
LOAD /Applications/STM32CubeIDE.app/Contents/Eclipse/plugins/com.st.stm32cube.ide.mcu.externaltools.gnu-tools-for-stm32.13.3.rel1.macos64_1.0.0.202411102158/tools/bin/../lib/gcc/arm-none-eabi/13.3.1/../../../../arm-none-eabi/lib/thumb/v7e-m+fp/hard/crt0.o
LOAD build/main.o
LOAD build/gpio.o
LOAD build/freertos.o
LOAD build/stm32f4xx_it.o
LOAD build/stm32f4xx_hal_msp.o
LOAD build/stm32f4xx_hal_timebase_tim.o
LOAD build/font_ascii.o
LOAD build/font_hangul.o
LOAD build/ssd1306_font.o
LOAD build/ssd1306.o
LOAD build/stm32f4xx_hal_tim.o
LOAD build/stm32f4xx_hal_tim_ex.o
LOAD build/stm32f4xx_hal_rcc.o
LOAD build/stm32f4xx_hal_rcc_ex.o
LOAD build/stm32f4xx_hal_flash.o
LOAD build/stm32f4xx_hal_flash_ex.o
LOAD build/stm32f4xx_hal_flash_ramfunc.o
LOAD build/stm32f4xx_hal_gpio.o
LOAD build/stm32f4xx_hal_dma_ex.o
LOAD build/stm32f4xx_hal_dma.o
LOAD build/stm32f4xx_hal_pwr.o
LOAD build/stm32f4xx_hal_pwr_ex.o
LOAD build/stm32f4xx_hal_cortex.o
LOAD build/stm32f4xx_hal.o
LOAD build/stm32f4xx_hal_exti.o
LOAD build/system_stm32f4xx.o
LOAD build/croutine.o
LOAD build/event_groups.o
LOAD build/list.o
LOAD build/queue.o
LOAD build/stream_buffer.o
LOAD build/tasks.o
LOAD build/timers.o
LOAD build/cmsis_os2.o
LOAD build/heap_4.o
LOAD build/port.o
LOAD build/sysmem.o
LOAD build/syscalls.o
LOAD build/i2c.o
LOAD build/stm32f4xx_hal_i2c.o
LOAD build/stm32f4xx_hal_i2c_ex.o
LOAD build/usart.o
LOAD build/stm32f4xx_hal_uart.o
LOAD build/startup_stm32f411xe.o
LOAD /Applications/STM32CubeIDE.app/Contents/Eclipse/plugins/com.st.stm32cube.ide.mcu.externaltools.gnu-tools-for-stm32.13.3.rel1.macos64_1.0.0.202411102158/tools/bin/../lib/gcc/arm-none-eabi/13.3.1/../../../../arm-none-eabi/lib/thumb/v7e-m+fp/hard/libc_nano.a
LOAD /Applications/STM32CubeIDE.app/Contents/Eclipse/plugins/com.st.stm32cube.ide.mcu.externaltools.gnu-tools-for-stm32.13.3.rel1.macos64_1.0.0.202411102158/tools/bin/../lib/gcc/arm-none-eabi/13.3.1/../../../../arm-none-eabi/lib/thumb/v7e-m+fp/hard/libm.a
LOAD /Applications/STM32CubeIDE.app/Contents/Eclipse/plugins/com.st.stm32cube.ide.mcu.externaltools.gnu-tools-for-stm32.13.3.rel1.macos64_1.0.0.202411102158/tools/bin/../lib/gcc/arm-none-eabi/13.3.1/../../../../arm-none-eabi/lib/thumb/v7e-m+fp/hard/libnosys.a
START GROUP
LOAD /Applications/STM32CubeIDE.app/Contents/Eclipse/plugins/com.st.stm32cube.ide.mcu.externaltools.gnu-tools-for-stm32.13.3.rel1.macos64_1.0.0.202411102158/tools/bin/../lib/gcc/arm-none-eabi/13.3.1/thumb/v7e-m+fp/hard/libgcc.a
LOAD /Applications/STM32CubeIDE.app/Contents/Eclipse/plugins/com.st.stm32cube.ide.mcu.externaltools.gnu-tools-for-stm32.13.3.rel1.macos64_1.0.0.202411102158/tools/bin/../lib/gcc/arm-none-eabi/13.3.1/../../../../arm-none-eabi/lib/thumb/v7e-m+fp/hard/libc_nano.a
END GROUP
START GROUP
LOAD /Applications/STM32CubeIDE.app/Contents/Eclipse/plugins/com.st.stm32cube.ide.mcu.externaltools.gnu-tools-for-stm32.13.3.rel1.macos64_1.0.0.202411102158/tools/bin/../lib/gcc/arm-none-eabi/13.3.1/thumb/v7e-m+fp/hard/libgcc.a
LOAD /Applications/STM32CubeIDE.app/Contents/Eclipse/plugins/com.st.stm32cube.ide.mcu.externaltools.gnu-tools-for-stm32.13.3.rel1.macos64_1.0.0.202411102158/tools/bin/../lib/gcc/arm-none-eabi/13.3.1/../../../../arm-none-eabi/lib/thumb/v7e-m+fp/hard/libc_nano.a
END GROUP
LOAD /Applications/STM32CubeIDE.app/Contents/Eclipse/plugins/com.st.stm32cube.ide.mcu.externaltools.gnu-tools-for-stm32.13.3.rel1.macos64_1.0.0.202411102158/tools/bin/../lib/gcc/arm-none-eabi/13.3.1/thumb/v7e-m+fp/hard/crtend.o
LOAD /Applications/STM32CubeIDE.app/Contents/Eclipse/plugins/com.st.stm32cube.ide.mcu.externaltools.gnu-tools-for-stm32.13.3.rel1.macos64_1.0.0.202411102158/tools/bin/../lib/gcc/arm-none-eabi/13.3.1/thumb/v7e-m+fp/hard/crtn.o
                0x20020000                        _estack = (ORIGIN (RAM) + LENGTH (RAM))
                0x00000200                        _Min_Heap_Size = 0x200
                0x00000400                        _Min_Stack_Size = 0x400

.isr_vector     0x08000000      0x198
                0x08000000                        . = ALIGN (0x4)
 *(.isr_vector)
 .isr_vector    0x08000000      0x198 build/startup_stm32f411xe.o
                0x08000000                g_pfnVectors
                0x08000198                        . = ALIGN (0x4)

.text           0x080001a0     0x79e0
                0x080001a0                        . = ALIGN (0x4)
 *(.text)
 .text          0x080001a0       0x40 /Applications/STM32CubeIDE.app/Contents/Eclipse/plugins/com.st.stm32cube.ide.mcu.externaltools.gnu-tools-for-stm32.13.3.rel1.macos64_1.0.0.202411102158/tools/bin/../lib/gcc/arm-none-eabi/13.3.1/thumb/v7e-m+fp/hard/crtbegin.o
 .text          0x080001e0       0xa0 /Applications/STM32CubeIDE.app/Contents/Eclipse/plugins/com.st.stm32cube.ide.mcu.externaltools.gnu-tools-for-stm32.13.3.rel1.macos64_1.0.0.202411102158/tools/bin/../lib/gcc/arm-none-eabi/13.3.1/../../../../arm-none-eabi/lib/thumb/v7e-m+fp/hard/libc_nano.a(libc_a-memchr.o)
                0x080001e0                memchr
 .text          0x08000280       0x10 /Applications/STM32CubeIDE.app/Contents/Eclipse/plugins/com.st.stm32cube.ide.mcu.externaltools.gnu-tools-for-stm32.13.3.rel1.macos64_1.0.0.202411102158/tools/bin/../lib/gcc/arm-none-eabi/13.3.1/../../../../arm-none-eabi/lib/thumb/v7e-m+fp/hard/libc_nano.a(libc_a-strlen.o)
                0x08000280                strlen
 .text          0x08000290      0x378 /Applications/STM32CubeIDE.app/Contents/Eclipse/plugins/com.st.stm32cube.ide.mcu.externaltools.gnu-tools-for-stm32.13.3.rel1.macos64_1.0.0.202411102158/tools/bin/../lib/gcc/arm-none-eabi/13.3.1/thumb/v7e-m+fp/hard/libgcc.a(_arm_addsubdf3.o)
                0x08000290                __aeabi_drsub
                0x08000298                __subdf3
                0x08000298                __aeabi_dsub
                0x0800029c                __aeabi_dadd
                0x0800029c                __adddf3
                0x08000514                __aeabi_ui2d
                0x08000514                __floatunsidf
                0x08000534                __floatsidf
                0x08000534                __aeabi_i2d
                0x08000558                __extendsfdf2
                0x08000558                __aeabi_f2d
                0x0800059c                __aeabi_ul2d
                0x0800059c                __floatundidf
                0x080005ac                __aeabi_l2d
                0x080005ac                __floatdidf
 .text          0x08000608      0x424 /Applications/STM32CubeIDE.app/Contents/Eclipse/plugins/com.st.stm32cube.ide.mcu.externaltools.gnu-tools-for-stm32.13.3.rel1.macos64_1.0.0.202411102158/tools/bin/../lib/gcc/arm-none-eabi/13.3.1/thumb/v7e-m+fp/hard/libgcc.a(_arm_muldivdf3.o)
                0x08000608                __aeabi_dmul
                0x08000608                __muldf3
                0x0800085c                __aeabi_ddiv
                0x0800085c                __divdf3
 .text          0x08000a2c      0x110 /Applications/STM32CubeIDE.app/Contents/Eclipse/plugins/com.st.stm32cube.ide.mcu.externaltools.gnu-tools-for-stm32.13.3.rel1.macos64_1.0.0.202411102158/tools/bin/../lib/gcc/arm-none-eabi/13.3.1/thumb/v7e-m+fp/hard/libgcc.a(_arm_cmpdf2.o)
                0x08000a2c                __gedf2
                0x08000a2c                __gtdf2
                0x08000a34                __ledf2
                0x08000a34                __ltdf2
                0x08000a3c                __cmpdf2
                0x08000a3c                __eqdf2
                0x08000a3c                __nedf2
                0x08000ab8                __aeabi_cdrcmple
                0x08000ac8                __aeabi_cdcmple
                0x08000ac8                __aeabi_cdcmpeq
                0x08000ad8                __aeabi_dcmpeq
                0x08000aec                __aeabi_dcmplt
                0x08000b00                __aeabi_dcmple
                0x08000b14                __aeabi_dcmpge
                0x08000b28                __aeabi_dcmpgt
 .text          0x08000b3c       0x2c /Applications/STM32CubeIDE.app/Contents/Eclipse/plugins/com.st.stm32cube.ide.mcu.externaltools.gnu-tools-for-stm32.13.3.rel1.macos64_1.0.0.202411102158/tools/bin/../lib/gcc/arm-none-eabi/13.3.1/thumb/v7e-m+fp/hard/libgcc.a(_arm_unorddf2.o)
                0x08000b3c                __aeabi_dcmpun
                0x08000b3c                __unorddf2
 .text          0x08000b68       0x50 /Applications/STM32CubeIDE.app/Contents/Eclipse/plugins/com.st.stm32cube.ide.mcu.externaltools.gnu-tools-for-stm32.13.3.rel1.macos64_1.0.0.202411102158/tools/bin/../lib/gcc/arm-none-eabi/13.3.1/thumb/v7e-m+fp/hard/libgcc.a(_arm_fixdfsi.o)
                0x08000b68                __fixdfsi
                0x08000b68                __aeabi_d2iz
 .text          0x08000bb8       0x30 /Applications/STM32CubeIDE.app/Contents/Eclipse/plugins/com.st.stm32cube.ide.mcu.externaltools.gnu-tools-for-stm32.13.3.rel1.macos64_1.0.0.202411102158/tools/bin/../lib/gcc/arm-none-eabi/13.3.1/thumb/v7e-m+fp/hard/libgcc.a(_aeabi_uldivmod.o)
                0x08000bb8                __aeabi_uldivmod
 .text          0x08000be8      0x2f8 /Applications/STM32CubeIDE.app/Contents/Eclipse/plugins/com.st.stm32cube.ide.mcu.externaltools.gnu-tools-for-stm32.13.3.rel1.macos64_1.0.0.202411102158/tools/bin/../lib/gcc/arm-none-eabi/13.3.1/thumb/v7e-m+fp/hard/libgcc.a(_udivmoddi4.o)
                0x08000be8                __udivmoddi4
 .text          0x08000ee0        0x4 /Applications/STM32CubeIDE.app/Contents/Eclipse/plugins/com.st.stm32cube.ide.mcu.externaltools.gnu-tools-for-stm32.13.3.rel1.macos64_1.0.0.202411102158/tools/bin/../lib/gcc/arm-none-eabi/13.3.1/thumb/v7e-m+fp/hard/libgcc.a(_dvmd_tls.o)
                0x08000ee0                __aeabi_ldiv0
                0x08000ee0                __aeabi_idiv0
 *(.text*)
 .text.HAL_TIM_PeriodElapsedCallback
                0x08000ee4       0x18 build/main.o
                0x08000ee4                HAL_TIM_PeriodElapsedCallback
 .text.Error_Handler
                0x08000efc        0x4 build/main.o
                0x08000efc                Error_Handler
 .text.SystemClock_Config
                0x08000f00       0xa0 build/main.o
                0x08000f00                SystemClock_Config
 .text.main     0x08000fa0       0x24 build/main.o
                0x08000fa0                main
 .text.MX_GPIO_Init
                0x08000fc4       0xa8 build/gpio.o
                0x08000fc4                MX_GPIO_Init
 .text.StartDefaultTask
                0x0800106c      0x124 build/freertos.o
                0x0800106c                StartDefaultTask
 .text.MX_FREERTOS_Init
                0x08001190       0x20 build/freertos.o
                0x08001190                MX_FREERTOS_Init
 .text.vApplicationIdleHook
                0x080011b0       0x1c build/freertos.o
                0x080011b0                vApplicationIdleHook
 .text.NMI_Handler
                0x080011cc        0x2 build/stm32f4xx_it.o
                0x080011cc                NMI_Handler
 .text.HardFault_Handler
                0x080011ce        0x2 build/stm32f4xx_it.o
                0x080011ce                HardFault_Handler
 .text.MemManage_Handler
                0x080011d0        0x2 build/stm32f4xx_it.o
                0x080011d0                MemManage_Handler
 .text.BusFault_Handler
                0x080011d2        0x2 build/stm32f4xx_it.o
                0x080011d2                BusFault_Handler
 .text.UsageFault_Handler
                0x080011d4        0x2 build/stm32f4xx_it.o
                0x080011d4                UsageFault_Handler
 .text.DebugMon_Handler
                0x080011d6        0x2 build/stm32f4xx_it.o
                0x080011d6                DebugMon_Handler
 .text.TIM1_UP_TIM10_IRQHandler
                0x080011d8       0x10 build/stm32f4xx_it.o
                0x080011d8                TIM1_UP_TIM10_IRQHandler
 .text.HAL_MspInit
                0x080011e8       0x44 build/stm32f4xx_hal_msp.o
                0x080011e8                HAL_MspInit
 .text.HAL_InitTick
                0x0800122c       0x94 build/stm32f4xx_hal_timebase_tim.o
                0x0800122c                HAL_InitTick
 .text.utf8_decode
                0x080012c0       0x98 build/ssd1306_font.o
 .text.SSD1306_DrawGlyph
                0x08001358       0x70 build/ssd1306_font.o
 .text.SSD1306_SetCursor
                0x080013c8       0x14 build/ssd1306_font.o
                0x080013c8                SSD1306_SetCursor
 .text.SSD1306_WriteChar
                0x080013dc       0x90 build/ssd1306_font.o
                0x080013dc                SSD1306_WriteChar
 .text.SSD1306_WriteString
                0x0800146c       0x98 build/ssd1306_font.o
                0x0800146c                SSD1306_WriteString
 .text.SSD1306_WriteCommand
                0x08001504       0x28 build/ssd1306.o
 .text.SSD1306_Init
                0x0800152c       0x76 build/ssd1306.o
                0x0800152c                SSD1306_Init
 *fill*         0x080015a2        0x2 
 .text.SSD1306_UpdateScreen
                0x080015a4       0x50 build/ssd1306.o
                0x080015a4                SSD1306_UpdateScreen
 .text.SSD1306_Fill
                0x080015f4       0x1c build/ssd1306.o
                0x080015f4                SSD1306_Fill
 .text.SSD1306_DrawPixel
                0x08001610       0x50 build/ssd1306.o
                0x08001610                SSD1306_DrawPixel
 .text.HAL_TIM_Base_MspInit
                0x08001660        0x2 build/stm32f4xx_hal_tim.o
                0x08001660                HAL_TIM_Base_MspInit
 *fill*         0x08001662        0x2 
 .text.HAL_TIM_Base_Start_IT
                0x08001664       0x78 build/stm32f4xx_hal_tim.o
                0x08001664                HAL_TIM_Base_Start_IT
 .text.HAL_TIM_OC_DelayElapsedCallback
                0x080016dc        0x2 build/stm32f4xx_hal_tim.o
                0x080016dc                HAL_TIM_OC_DelayElapsedCallback
 .text.HAL_TIM_IC_CaptureCallback
                0x080016de        0x2 build/stm32f4xx_hal_tim.o
                0x080016de                HAL_TIM_IC_CaptureCallback
 .text.HAL_TIM_PWM_PulseFinishedCallback
                0x080016e0        0x2 build/stm32f4xx_hal_tim.o
                0x080016e0                HAL_TIM_PWM_PulseFinishedCallback
 .text.HAL_TIM_TriggerCallback
                0x080016e2        0x2 build/stm32f4xx_hal_tim.o
                0x080016e2                HAL_TIM_TriggerCallback
 .text.HAL_TIM_IRQHandler
                0x080016e4      0x15e build/stm32f4xx_hal_tim.o
                0x080016e4                HAL_TIM_IRQHandler
 *fill*         0x08001842        0x2 
 .text.TIM_Base_SetConfig
                0x08001844       0xa4 build/stm32f4xx_hal_tim.o
                0x08001844                TIM_Base_SetConfig
 .text.HAL_TIM_Base_Init
                0x080018e8       0x58 build/stm32f4xx_hal_tim.o
                0x080018e8                HAL_TIM_Base_Init
 .text.HAL_TIMEx_CommutCallback
                0x08001940        0x2 build/stm32f4xx_hal_tim_ex.o
                0x08001940                HAL_TIMEx_CommutCallback
 .text.HAL_TIMEx_BreakCallback
                0x08001942        0x2 build/stm32f4xx_hal_tim_ex.o
                0x08001942                HAL_TIMEx_BreakCallback
 .text.HAL_RCC_OscConfig
                0x08001944      0x3f8 build/stm32f4xx_hal_rcc.o
                0x08001944                HAL_RCC_OscConfig
 .text.HAL_RCC_GetSysClockFreq
                0x08001d3c       0xdc build/stm32f4xx_hal_rcc.o
                0x08001d3c                HAL_RCC_GetSysClockFreq
 .text.HAL_RCC_ClockConfig
                0x08001e18      0x160 build/stm32f4xx_hal_rcc.o
                0x08001e18                HAL_RCC_ClockConfig
 .text.HAL_RCC_GetHCLKFreq
                0x08001f78        0xc build/stm32f4xx_hal_rcc.o
                0x08001f78                HAL_RCC_GetHCLKFreq
 .text.HAL_RCC_GetPCLK1Freq
                0x08001f84       0x20 build/stm32f4xx_hal_rcc.o
                0x08001f84                HAL_RCC_GetPCLK1Freq
 .text.HAL_RCC_GetPCLK2Freq
                0x08001fa4       0x20 build/stm32f4xx_hal_rcc.o
                0x08001fa4                HAL_RCC_GetPCLK2Freq
 .text.HAL_RCC_GetClockConfig
                0x08001fc4       0x3c build/stm32f4xx_hal_rcc.o
                0x08001fc4                HAL_RCC_GetClockConfig
 .text.HAL_GPIO_Init
                0x08002000      0x1c8 build/stm32f4xx_hal_gpio.o
                0x08002000                HAL_GPIO_Init
 .text.HAL_GPIO_WritePin
                0x080021c8        0xc build/stm32f4xx_hal_gpio.o
                0x080021c8                HAL_GPIO_WritePin
 .text.HAL_GPIO_TogglePin
                0x080021d4       0x12 build/stm32f4xx_hal_gpio.o
                0x080021d4                HAL_GPIO_TogglePin
 *fill*         0x080021e6        0x2 
 .text.__NVIC_EnableIRQ
                0x080021e8       0x1c build/stm32f4xx_hal_cortex.o
 .text.__NVIC_SetPriority
                0x08002204       0x28 build/stm32f4xx_hal_cortex.o
 .text.NVIC_EncodePriority
                0x0800222c       0x3e build/stm32f4xx_hal_cortex.o
 *fill*         0x0800226a        0x2 
 .text.HAL_NVIC_SetPriorityGrouping
                0x0800226c       0x24 build/stm32f4xx_hal_cortex.o
                0x0800226c                HAL_NVIC_SetPriorityGrouping
 .text.HAL_NVIC_SetPriority
                0x08002290       0x20 build/stm32f4xx_hal_cortex.o
                0x08002290                HAL_NVIC_SetPriority
 .text.HAL_NVIC_EnableIRQ
                0x080022b0        0x8 build/stm32f4xx_hal_cortex.o
                0x080022b0                HAL_NVIC_EnableIRQ
 .text.HAL_Init
                0x080022b8       0x34 build/stm32f4xx_hal.o
                0x080022b8                HAL_Init
 .text.HAL_IncTick
                0x080022ec       0x18 build/stm32f4xx_hal.o
                0x080022ec                HAL_IncTick
 .text.HAL_GetTick
                0x08002304        0xc build/stm32f4xx_hal.o
                0x08002304                HAL_GetTick
 .text.SystemInit
                0x08002310       0x14 build/system_stm32f4xx.o
                0x08002310                SystemInit
 .text.vListInitialise
                0x08002324       0x16 build/list.o
                0x08002324                vListInitialise
 .text.vListInitialiseItem
                0x0800233a        0x6 build/list.o
                0x0800233a                vListInitialiseItem
 .text.vListInsertEnd
                0x08002340       0x16 build/list.o
                0x08002340                vListInsertEnd
 .text.vListInsert
                0x08002356       0x32 build/list.o
                0x08002356                vListInsert
 .text.uxListRemove
                0x08002388       0x26 build/list.o
                0x08002388                uxListRemove
 .text.prvIsQueueFull
                0x080023ae       0x1e build/queue.o
 .text.prvIsQueueEmpty
                0x080023cc       0x1a build/queue.o
 .text.prvCopyDataToQueue
                0x080023e6       0x76 build/queue.o
 .text.prvCopyDataFromQueue
                0x0800245c       0x24 build/queue.o
 .text.prvUnlockQueue
                0x08002480       0x6e build/queue.o
 .text.xQueueGenericReset
                0x080024ee       0x84 build/queue.o
                0x080024ee                xQueueGenericReset
 .text.prvInitialiseNewQueue
                0x08002572       0x22 build/queue.o
 .text.xQueueGenericCreateStatic
                0x08002594       0x94 build/queue.o
                0x08002594                xQueueGenericCreateStatic
 .text.xQueueGenericSend
                0x08002628      0x188 build/queue.o
                0x08002628                xQueueGenericSend
 .text.xQueueGenericSendFromISR
                0x080027b0       0xce build/queue.o
                0x080027b0                xQueueGenericSendFromISR
 .text.xQueueReceive
                0x0800287e      0x15e build/queue.o
                0x0800287e                xQueueReceive
 .text.vQueueAddToRegistry
                0x080029dc       0x28 build/queue.o
                0x080029dc                vQueueAddToRegistry
 .text.vQueueWaitForMessageRestricted
                0x08002a04       0x52 build/queue.o
                0x08002a04                vQueueWaitForMessageRestricted
 *fill*         0x08002a56        0x2 
 .text.prvResetNextTaskUnblockTime
                0x08002a58       0x2c build/tasks.o
 .text.prvInitialiseNewTask
                0x08002a84       0xa2 build/tasks.o
 *fill*         0x08002b26        0x2 
 .text.prvInitialiseTaskLists
                0x08002b28       0x68 build/tasks.o
 .text.prvAddNewTaskToReadyList
                0x08002b90       0xac build/tasks.o
 .text.prvDeleteTCB
                0x08002c3c       0x38 build/tasks.o
 .text.prvCheckTasksWaitingTermination
                0x08002c74       0x4c build/tasks.o
 .text.prvAddCurrentTaskToDelayedList
                0x08002cc0       0x7c build/tasks.o
 .text.prvIdleTask
                0x08002d3c       0x30 build/tasks.o
 .text.xTaskCreateStatic
                0x08002d6c       0x76 build/tasks.o
                0x08002d6c                xTaskCreateStatic
 .text.xTaskCreate
                0x08002de2       0x64 build/tasks.o
                0x08002de2                xTaskCreate
 *fill*         0x08002e46        0x2 
 .text.vTaskStartScheduler
                0x08002e48       0x98 build/tasks.o
                0x08002e48                vTaskStartScheduler
 .text.vTaskSuspendAll
                0x08002ee0       0x10 build/tasks.o
                0x08002ee0                vTaskSuspendAll
 .text.xTaskGetTickCount
                0x08002ef0        0xc build/tasks.o
                0x08002ef0                xTaskGetTickCount
 .text.xTaskGetTickCountFromISR
                0x08002efc       0x10 build/tasks.o
                0x08002efc                xTaskGetTickCountFromISR
 .text.xTaskIncrementTick
                0x08002f0c      0x118 build/tasks.o
                0x08002f0c                xTaskIncrementTick
 .text.xTaskResumeAll
                0x08003024       0xf8 build/tasks.o
                0x08003024                xTaskResumeAll
 .text.vTaskDelayUntil
                0x0800311c       0xa4 build/tasks.o
                0x0800311c                vTaskDelayUntil
 .text.vTaskDelay
                0x080031c0       0x4c build/tasks.o
                0x080031c0                vTaskDelay
 .text.vTaskSwitchContext
                0x0800320c       0x98 build/tasks.o
                0x0800320c                vTaskSwitchContext
 .text.vTaskPlaceOnEventList
                0x080032a4       0x30 build/tasks.o
                0x080032a4                vTaskPlaceOnEventList
 .text.vTaskPlaceOnEventListRestricted
                0x080032d4       0x38 build/tasks.o
                0x080032d4                vTaskPlaceOnEventListRestricted
 .text.xTaskRemoveFromEventList
                0x0800330c       0x8c build/tasks.o
                0x0800330c                xTaskRemoveFromEventList
 .text.vTaskInternalSetTimeOutState
                0x08003398       0x18 build/tasks.o
                0x08003398                vTaskInternalSetTimeOutState
 .text.xTaskCheckForTimeOut
                0x080033b0       0x84 build/tasks.o
                0x080033b0                xTaskCheckForTimeOut
 .text.vTaskMissedYield
                0x08003434        0xc build/tasks.o
                0x08003434                vTaskMissedYield
 .text.xTaskGetSchedulerState
                0x08003440       0x20 build/tasks.o
                0x08003440                xTaskGetSchedulerState
 .text.xTaskPriorityDisinherit
                0x08003460       0x90 build/tasks.o
                0x08003460                xTaskPriorityDisinherit
 .text.prvGetNextExpireTime
                0x080034f0       0x20 build/timers.o
 .text.prvInsertTimerInActiveList
                0x08003510       0x48 build/timers.o
 .text.prvCheckForValidListAndQueue
                0x08003558       0x70 build/timers.o
 .text.xTimerCreateTimerTask
                0x080035c8       0x64 build/timers.o
                0x080035c8                xTimerCreateTimerTask
 .text.xTimerGenericCommand
                0x0800362c       0x6c build/timers.o
                0x0800362c                xTimerGenericCommand
 .text.prvSwitchTimerLists
                0x08003698       0x7c build/timers.o
 .text.prvSampleTimeNow
                0x08003714       0x2c build/timers.o
 .text.prvProcessExpiredTimer
                0x08003740       0x6c build/timers.o
 .text.prvProcessTimerOrBlockTask
                0x080037ac       0x74 build/timers.o
 .text.prvProcessReceivedCommands
                0x08003820      0x10c build/timers.o
 .text.prvTimerTask
                0x0800392c       0x16 build/timers.o
 .text.SysTick_Handler
                0x08003942       0x18 build/cmsis_os2.o
                0x08003942                SysTick_Handler
 *fill*         0x0800395a        0x2 
 .text.osKernelInitialize
                0x0800395c       0x24 build/cmsis_os2.o
                0x0800395c                osKernelInitialize
 .text.osKernelStart
                0x08003980       0x38 build/cmsis_os2.o
                0x08003980                osKernelStart
 .text.osKernelGetTickCount
                0x080039b8       0x14 build/cmsis_os2.o
                0x080039b8                osKernelGetTickCount
 .text.osThreadNew
                0x080039cc       0xb4 build/cmsis_os2.o
                0x080039cc                osThreadNew
 .text.osDelay  0x08003a80       0x1c build/cmsis_os2.o
                0x08003a80                osDelay
 .text.osDelayUntil
                0x08003a9c       0x30 build/cmsis_os2.o
                0x08003a9c                osDelayUntil
 .text.vApplicationGetIdleTaskMemory
                0x08003acc       0x18 build/cmsis_os2.o
                0x08003acc                vApplicationGetIdleTaskMemory
 .text.vApplicationGetTimerTaskMemory
                0x08003ae4       0x18 build/cmsis_os2.o
                0x08003ae4                vApplicationGetTimerTaskMemory
 .text.prvHeapInit
                0x08003afc       0x64 build/heap_4.o
 .text.prvInsertBlockIntoFreeList
                0x08003b60       0x64 build/heap_4.o
 .text.pvPortMalloc
                0x08003bc4      0x104 build/heap_4.o
                0x08003bc4                pvPortMalloc
 .text.vPortFree
                0x08003cc8       0x7c build/heap_4.o
                0x08003cc8                vPortFree
 .text.prvTaskExitError
                0x08003d44       0x40 build/port.o
 .text.prvPortStartFirstTask
                0x08003d84       0x28 build/port.o
 .text.vPortEnableVFP
                0x08003dac       0x14 build/port.o
 .text.pxPortInitialiseStack
                0x08003dc0       0x2c build/port.o
                0x08003dc0                pxPortInitialiseStack
 *fill*         0x08003dec        0x4 
 .text.SVC_Handler
                0x08003df0       0x24 build/port.o
                0x08003df0                SVC_Handler
 .text.vPortEnterCritical
                0x08003e14       0x44 build/port.o
                0x08003e14                vPortEnterCritical
 .text.vPortExitCritical
                0x08003e58       0x2c build/port.o
                0x08003e58                vPortExitCritical
 *fill*         0x08003e84        0xc 
 .text.PendSV_Handler
                0x08003e90       0x64 build/port.o
                0x08003e90                PendSV_Handler
 .text.xPortSysTickHandler
                0x08003ef4       0x2c build/port.o
                0x08003ef4                xPortSysTickHandler
 .text.vPortSetupTimerInterrupt
                0x08003f20       0x28 build/port.o
                0x08003f20                vPortSetupTimerInterrupt
 .text.xPortStartScheduler
                0x08003f48      0x118 build/port.o
                0x08003f48                xPortStartScheduler
 .text.vPortValidateInterruptPriority
                0x08004060       0x5c build/port.o
                0x08004060                vPortValidateInterruptPriority
 .text._sbrk    0x080040bc       0x48 build/sysmem.o
                0x080040bc                _sbrk
 .text._getpid  0x08004104        0x4 build/syscalls.o
                0x08004104                _getpid
 .text._kill    0x08004108       0x10 build/syscalls.o
                0x08004108                _kill
 .text._exit    0x08004118        0xc build/syscalls.o
                0x08004118                _exit
 .text._read    0x08004124       0x20 build/syscalls.o
                0x08004124                _read
 .text._write   0x08004144       0x1c build/syscalls.o
                0x08004144                _write
 .text._close   0x08004160        0x6 build/syscalls.o
                0x08004160                _close
 .text._fstat   0x08004166        0xa build/syscalls.o
                0x08004166                _fstat
 .text._isatty  0x08004170        0x4 build/syscalls.o
                0x08004170                _isatty
 .text._lseek   0x08004174        0x4 build/syscalls.o
                0x08004174                _lseek
 .text.MX_I2C1_Init
                0x08004178       0x3c build/i2c.o
                0x08004178                MX_I2C1_Init
 .text.HAL_I2C_MspInit
                0x080041b4       0x70 build/i2c.o
                0x080041b4                HAL_I2C_MspInit
 .text.I2C_IsAcknowledgeFailed
                0x08004224       0x32 build/stm32f4xx_hal_i2c.o
 .text.I2C_WaitOnFlagUntilTimeout
                0x08004256       0xaa build/stm32f4xx_hal_i2c.o
 .text.I2C_WaitOnMasterAddressFlagUntilTimeout
                0x08004300       0xd6 build/stm32f4xx_hal_i2c.o
 *fill*         0x080043d6        0x2 
 .text.I2C_MasterRequestWrite
                0x080043d8       0xb4 build/stm32f4xx_hal_i2c.o
 .text.I2C_WaitOnTXEFlagUntilTimeout
                0x0800448c       0x5e build/stm32f4xx_hal_i2c.o
 *fill*         0x080044ea        0x2 
 .text.I2C_RequestMemoryWrite
                0x080044ec       0xd8 build/stm32f4xx_hal_i2c.o
 .text.I2C_WaitOnBTFFlagUntilTimeout
                0x080045c4       0x5e build/stm32f4xx_hal_i2c.o
 *fill*         0x08004622        0x2 
 .text.HAL_I2C_Init
                0x08004624      0x1bc build/stm32f4xx_hal_i2c.o
                0x08004624                HAL_I2C_Init
 .text.HAL_I2C_Master_Transmit
                0x080047e0      0x178 build/stm32f4xx_hal_i2c.o
                0x080047e0                HAL_I2C_Master_Transmit
 .text.HAL_I2C_Mem_Write
                0x08004958      0x164 build/stm32f4xx_hal_i2c.o
                0x08004958                HAL_I2C_Mem_Write
 .text.MX_USART2_UART_Init
                0x08004abc       0x34 build/usart.o
                0x08004abc                MX_USART2_UART_Init
 .text.HAL_UART_MspInit
                0x08004af0       0x70 build/usart.o
                0x08004af0                HAL_UART_MspInit
 .text.UART_EndRxTransfer
                0x08004b60       0x5c build/stm32f4xx_hal_uart.o
 .text.UART_SetConfig
                0x08004bbc      0x110 build/stm32f4xx_hal_uart.o
 .text.UART_WaitOnFlagUntilTimeout
                0x08004ccc       0x86 build/stm32f4xx_hal_uart.o
 .text.HAL_UART_Init
                0x08004d52       0x60 build/stm32f4xx_hal_uart.o
                0x08004d52                HAL_UART_Init
 .text.HAL_UART_Transmit
                0x08004db2       0xcc build/stm32f4xx_hal_uart.o
                0x08004db2                HAL_UART_Transmit
 *fill*         0x08004e7e        0x2 
 .text.Reset_Handler
                0x08004e80       0x50 build/startup_stm32f411xe.o
                0x08004e80                Reset_Handler
 .text.Default_Handler
                0x08004ed0        0x2 build/startup_stm32f411xe.o
                0x08004ed0                DMA1_Stream3_IRQHandler
                0x08004ed0                EXTI2_IRQHandler
                0x08004ed0                SPI4_IRQHandler
                0x08004ed0                TIM1_CC_IRQHandler
                0x08004ed0                DMA2_Stream5_IRQHandler
                0x08004ed0                DMA1_Stream5_IRQHandler
                0x08004ed0                PVD_IRQHandler
                0x08004ed0                SDIO_IRQHandler
                0x08004ed0                TAMP_STAMP_IRQHandler
                0x08004ed0                EXTI3_IRQHandler
                0x08004ed0                I2C3_ER_IRQHandler
                0x08004ed0                EXTI0_IRQHandler
                0x08004ed0                I2C2_EV_IRQHandler
                0x08004ed0                DMA1_Stream2_IRQHandler
                0x08004ed0                FPU_IRQHandler
                0x08004ed0                DMA2_Stream2_IRQHandler
                0x08004ed0                SPI1_IRQHandler
                0x08004ed0                TIM1_BRK_TIM9_IRQHandler
                0x08004ed0                DMA2_Stream3_IRQHandler
                0x08004ed0                USART6_IRQHandler
                0x08004ed0                DMA2_Stream0_IRQHandler
                0x08004ed0                TIM4_IRQHandler
                0x08004ed0                I2C1_EV_IRQHandler
                0x08004ed0                DMA1_Stream6_IRQHandler
                0x08004ed0                DMA1_Stream1_IRQHandler
                0x08004ed0                TIM3_IRQHandler
                0x08004ed0                RCC_IRQHandler
                0x08004ed0                Default_Handler
                0x08004ed0                EXTI15_10_IRQHandler
                0x08004ed0                ADC_IRQHandler
                0x08004ed0                DMA1_Stream7_IRQHandler
                0x08004ed0                SPI5_IRQHandler
                0x08004ed0                TIM5_IRQHandler
                0x08004ed0                DMA2_Stream7_IRQHandler
                0x08004ed0                I2C3_EV_IRQHandler
                0x08004ed0                EXTI9_5_IRQHandler
                0x08004ed0                RTC_WKUP_IRQHandler
                0x08004ed0                SPI2_IRQHandler
                0x08004ed0                DMA1_Stream0_IRQHandler
                0x08004ed0                EXTI4_IRQHandler
                0x08004ed0                WWDG_IRQHandler
                0x08004ed0                TIM2_IRQHandler
                0x08004ed0                OTG_FS_WKUP_IRQHandler
                0x08004ed0                TIM1_TRG_COM_TIM11_IRQHandler
                0x08004ed0                EXTI1_IRQHandler
                0x08004ed0                USART2_IRQHandler
                0x08004ed0                I2C2_ER_IRQHandler
                0x08004ed0                DMA2_Stream1_IRQHandler
                0x08004ed0                FLASH_IRQHandler
                0x08004ed0                DMA2_Stream4_IRQHandler
                0x08004ed0                USART1_IRQHandler
                0x08004ed0                OTG_FS_IRQHandler
                0x08004ed0                SPI3_IRQHandler
                0x08004ed0                DMA1_Stream4_IRQHandler
                0x08004ed0                I2C1_ER_IRQHandler
                0x08004ed0                DMA2_Stream6_IRQHandler
                0x08004ed0                RTC_Alarm_IRQHandler
 .text.__cvt    0x08004ed2       0xca /Applications/STM32CubeIDE.app/Contents/Eclipse/plugins/com.st.stm32cube.ide.mcu.externaltools.gnu-tools-for-stm32.13.3.rel1.macos64_1.0.0.202411102158/tools/bin/../lib/gcc/arm-none-eabi/13.3.1/../../../../arm-none-eabi/lib/thumb/v7e-m+fp/hard/libc_nano.a(libc_a-nano-vfprintf_float.o)
                0x08004ed2                __cvt
 .text.__exponent
                0x08004f9c       0x74 /Applications/STM32CubeIDE.app/Contents/Eclipse/plugins/com.st.stm32cube.ide.mcu.externaltools.gnu-tools-for-stm32.13.3.rel1.macos64_1.0.0.202411102158/tools/bin/../lib/gcc/arm-none-eabi/13.3.1/../../../../arm-none-eabi/lib/thumb/v7e-m+fp/hard/libc_nano.a(libc_a-nano-vfprintf_float.o)
                0x08004f9c                __exponent
 .text._printf_float
                0x08005010      0x454 /Applications/STM32CubeIDE.app/Contents/Eclipse/plugins/com.st.stm32cube.ide.mcu.externaltools.gnu-tools-for-stm32.13.3.rel1.macos64_1.0.0.202411102158/tools/bin/../lib/gcc/arm-none-eabi/13.3.1/../../../../arm-none-eabi/lib/thumb/v7e-m+fp/hard/libc_nano.a(libc_a-nano-vfprintf_float.o)
                0x08005010                _printf_float
 .text._printf_common
                0x08005464       0xda /Applications/STM32CubeIDE.app/Contents/Eclipse/plugins/com.st.stm32cube.ide.mcu.externaltools.gnu-tools-for-stm32.13.3.rel1.macos64_1.0.0.202411102158/tools/bin/../lib/gcc/arm-none-eabi/13.3.1/../../../../arm-none-eabi/lib/thumb/v7e-m+fp/hard/libc_nano.a(libc_a-nano-vfprintf_i.o)
                0x08005464                _printf_common
 *fill*         0x0800553e        0x2 
 .text._printf_i
                0x08005540      0x23c /Applications/STM32CubeIDE.app/Contents/Eclipse/plugins/com.st.stm32cube.ide.mcu.externaltools.gnu-tools-for-stm32.13.3.rel1.macos64_1.0.0.202411102158/tools/bin/../lib/gcc/arm-none-eabi/13.3.1/../../../../arm-none-eabi/lib/thumb/v7e-m+fp/hard/libc_nano.a(libc_a-nano-vfprintf_i.o)
                0x08005540                _printf_i
 .text.sprintf  0x0800577c       0x44 /Applications/STM32CubeIDE.app/Contents/Eclipse/plugins/com.st.stm32cube.ide.mcu.externaltools.gnu-tools-for-stm32.13.3.rel1.macos64_1.0.0.202411102158/tools/bin/../lib/gcc/arm-none-eabi/13.3.1/../../../../arm-none-eabi/lib/thumb/v7e-m+fp/hard/libc_nano.a(libc_a-sprintf.o)
                0x0800577c                sprintf
                0x0800577c                siprintf
 .text.std      0x080057c0       0x6c /Applications/STM32CubeIDE.app/Contents/Eclipse/plugins/com.st.stm32cube.ide.mcu.externaltools.gnu-tools-for-stm32.13.3.rel1.macos64_1.0.0.202411102158/tools/bin/../lib/gcc/arm-none-eabi/13.3.1/../../../../arm-none-eabi/lib/thumb/v7e-m+fp/hard/libc_nano.a(libc_a-findfp.o)
 .text.stdio_exit_handler
                0x0800582c       0x18 /Applications/STM32CubeIDE.app/Contents/Eclipse/plugins/com.st.stm32cube.ide.mcu.externaltools.gnu-tools-for-stm32.13.3.rel1.macos64_1.0.0.202411102158/tools/bin/../lib/gcc/arm-none-eabi/13.3.1/../../../../arm-none-eabi/lib/thumb/v7e-m+fp/hard/libc_nano.a(libc_a-findfp.o)
 .text.cleanup_stdio
                0x08005844       0x40 /Applications/STM32CubeIDE.app/Contents/Eclipse/plugins/com.st.stm32cube.ide.mcu.externaltools.gnu-tools-for-stm32.13.3.rel1.macos64_1.0.0.202411102158/tools/bin/../lib/gcc/arm-none-eabi/13.3.1/../../../../arm-none-eabi/lib/thumb/v7e-m+fp/hard/libc_nano.a(libc_a-findfp.o)
 .text.global_stdio_init.part.0
                0x08005884       0x3c /Applications/STM32CubeIDE.app/Contents/Eclipse/plugins/com.st.stm32cube.ide.mcu.externaltools.gnu-tools-for-stm32.13.3.rel1.macos64_1.0.0.202411102158/tools/bin/../lib/gcc/arm-none-eabi/13.3.1/../../../../arm-none-eabi/lib/thumb/v7e-m+fp/hard/libc_nano.a(libc_a-findfp.o)
 .text.__sfp_lock_acquire
                0x080058c0        0xc /Applications/STM32CubeIDE.app/Contents/Eclipse/plugins/com.st.stm32cube.ide.mcu.externaltools.gnu-tools-for-stm32.13.3.rel1.macos64_1.0.0.202411102158/tools/bin/../lib/gcc/arm-none-eabi/13.3.1/../../../../arm-none-eabi/lib/thumb/v7e-m+fp/hard/libc_nano.a(libc_a-findfp.o)
                0x080058c0                __sfp_lock_acquire
 .text.__sfp_lock_release
                0x080058cc        0xc /Applications/STM32CubeIDE.app/Contents/Eclipse/plugins/com.st.stm32cube.ide.mcu.externaltools.gnu-tools-for-stm32.13.3.rel1.macos64_1.0.0.202411102158/tools/bin/../lib/gcc/arm-none-eabi/13.3.1/../../../../arm-none-eabi/lib/thumb/v7e-m+fp/hard/libc_nano.a(libc_a-findfp.o)
                0x080058cc                __sfp_lock_release
 .text.__sinit  0x080058d8       0x30 /Applications/STM32CubeIDE.app/Contents/Eclipse/plugins/com.st.stm32cube.ide.mcu.externaltools.gnu-tools-for-stm32.13.3.rel1.macos64_1.0.0.202411102158/tools/bin/../lib/gcc/arm-none-eabi/13.3.1/../../../../arm-none-eabi/lib/thumb/v7e-m+fp/hard/libc_nano.a(libc_a-findfp.o)
                0x080058d8                __sinit
 .text._fwalk_sglue
                0x08005908       0x3c /Applications/STM32CubeIDE.app/Contents/Eclipse/plugins/com.st.stm32cube.ide.mcu.externaltools.gnu-tools-for-stm32.13.3.rel1.macos64_1.0.0.202411102158/tools/bin/../lib/gcc/arm-none-eabi/13.3.1/../../../../arm-none-eabi/lib/thumb/v7e-m+fp/hard/libc_nano.a(libc_a-fwalk.o)
                0x08005908                _fwalk_sglue
 .text.memset   0x08005944       0x10 /Applications/STM32CubeIDE.app/Contents/Eclipse/plugins/com.st.stm32cube.ide.mcu.externaltools.gnu-tools-for-stm32.13.3.rel1.macos64_1.0.0.202411102158/tools/bin/../lib/gcc/arm-none-eabi/13.3.1/../../../../arm-none-eabi/lib/thumb/v7e-m+fp/hard/libc_nano.a(libc_a-memset.o)
                0x08005944                memset
 .text.__errno  0x08005954        0xc /Applications/STM32CubeIDE.app/Contents/Eclipse/plugins/com.st.stm32cube.ide.mcu.externaltools.gnu-tools-for-stm32.13.3.rel1.macos64_1.0.0.202411102158/tools/bin/../lib/gcc/arm-none-eabi/13.3.1/../../../../arm-none-eabi/lib/thumb/v7e-m+fp/hard/libc_nano.a(libc_a-errno.o)
                0x08005954                __errno
 .text.__libc_init_array
                0x08005960       0x48 /Applications/STM32CubeIDE.app/Contents/Eclipse/plugins/com.st.stm32cube.ide.mcu.externaltools.gnu-tools-for-stm32.13.3.rel1.macos64_1.0.0.202411102158/tools/bin/../lib/gcc/arm-none-eabi/13.3.1/../../../../arm-none-eabi/lib/thumb/v7e-m+fp/hard/libc_nano.a(libc_a-init.o)
                0x08005960                __libc_init_array
 .text.__retarget_lock_init_recursive
                0x080059a8        0x2 /Applications/STM32CubeIDE.app/Contents/Eclipse/plugins/com.st.stm32cube.ide.mcu.externaltools.gnu-tools-for-stm32.13.3.rel1.macos64_1.0.0.202411102158/tools/bin/../lib/gcc/arm-none-eabi/13.3.1/../../../../arm-none-eabi/lib/thumb/v7e-m+fp/hard/libc_nano.a(libc_a-lock.o)
                0x080059a8                __retarget_lock_init_recursive
 .text.__retarget_lock_acquire_recursive
                0x080059aa        0x2 /Applications/STM32CubeIDE.app/Contents/Eclipse/plugins/com.st.stm32cube.ide.mcu.externaltools.gnu-tools-for-stm32.13.3.rel1.macos64_1.0.0.202411102158/tools/bin/../lib/gcc/arm-none-eabi/13.3.1/../../../../arm-none-eabi/lib/thumb/v7e-m+fp/hard/libc_nano.a(libc_a-lock.o)
                0x080059aa                __retarget_lock_acquire_recursive
 .text.__retarget_lock_release_recursive
                0x080059ac        0x2 /Applications/STM32CubeIDE.app/Contents/Eclipse/plugins/com.st.stm32cube.ide.mcu.externaltools.gnu-tools-for-stm32.13.3.rel1.macos64_1.0.0.202411102158/tools/bin/../lib/gcc/arm-none-eabi/13.3.1/../../../../arm-none-eabi/lib/thumb/v7e-m+fp/hard/libc_nano.a(libc_a-lock.o)
                0x080059ac                __retarget_lock_release_recursive
 *fill*         0x080059ae        0x2 
 .text._localeconv_r
                0x080059b0        0x8 /Applications/STM32CubeIDE.app/Contents/Eclipse/plugins/com.st.stm32cube.ide.mcu.externaltools.gnu-tools-for-stm32.13.3.rel1.macos64_1.0.0.202411102158/tools/bin/../lib/gcc/arm-none-eabi/13.3.1/../../../../arm-none-eabi/lib/thumb/v7e-m+fp/hard/libc_nano.a(libc_a-localeconv.o)
                0x080059b0                _localeconv_r
 .text.memcpy   0x080059b8       0x1c /Applications/STM32CubeIDE.app/Contents/Eclipse/plugins/com.st.stm32cube.ide.mcu.externaltools.gnu-tools-for-stm32.13.3.rel1.macos64_1.0.0.202411102158/tools/bin/../lib/gcc/arm-none-eabi/13.3.1/../../../../arm-none-eabi/lib/thumb/v7e-m+fp/hard/libc_nano.a(libc_a-memcpy-stub.o)
                0x080059b8                memcpy
 .text.quorem   0x080059d4      0x110 /Applications/STM32CubeIDE.app/Contents/Eclipse/plugins/com.st.stm32cube.ide.mcu.externaltools.gnu-tools-for-stm32.13.3.rel1.macos64_1.0.0.202411102158/tools/bin/../lib/gcc/arm-none-eabi/13.3.1/../../../../arm-none-eabi/lib/thumb/v7e-m+fp/hard/libc_nano.a(libc_a-dtoa.o)
 *fill*         0x08005ae4        0x4 
 .text._dtoa_r  0x08005ae8      0xba0 /Applications/STM32CubeIDE.app/Contents/Eclipse/plugins/com.st.stm32cube.ide.mcu.externaltools.gnu-tools-for-stm32.13.3.rel1.macos64_1.0.0.202411102158/tools/bin/../lib/gcc/arm-none-eabi/13.3.1/../../../../arm-none-eabi/lib/thumb/v7e-m+fp/hard/libc_nano.a(libc_a-dtoa.o)
                0x08005ae8                _dtoa_r
 .text.__ssputs_r
                0x08006688       0xb6 /Applications/STM32CubeIDE.app/Contents/Eclipse/plugins/com.st.stm32cube.ide.mcu.externaltools.gnu-tools-for-stm32.13.3.rel1.macos64_1.0.0.202411102158/tools/bin/../lib/gcc/arm-none-eabi/13.3.1/../../../../arm-none-eabi/lib/thumb/v7e-m+fp/hard/libc_nano.a(libc_a-nano-svfprintf.o)
                0x08006688                __ssputs_r
 *fill*         0x0800673e        0x2 
 .text._svfprintf_r
                0x08006740      0x1f8 /Applications/STM32CubeIDE.app/Contents/Eclipse/plugins/com.st.stm32cube.ide.mcu.externaltools.gnu-tools-for-stm32.13.3.rel1.macos64_1.0.0.202411102158/tools/bin/../lib/gcc/arm-none-eabi/13.3.1/../../../../arm-none-eabi/lib/thumb/v7e-m+fp/hard/libc_nano.a(libc_a-nano-svfprintf.o)
                0x08006740                _svfprintf_r
                0x08006740                _svfiprintf_r
 .text.malloc   0x08006938       0x10 /Applications/STM32CubeIDE.app/Contents/Eclipse/plugins/com.st.stm32cube.ide.mcu.externaltools.gnu-tools-for-stm32.13.3.rel1.macos64_1.0.0.202411102158/tools/bin/../lib/gcc/arm-none-eabi/13.3.1/../../../../arm-none-eabi/lib/thumb/v7e-m+fp/hard/libc_nano.a(libc_a-malloc.o)
                0x08006938                malloc
 .text.sbrk_aligned
                0x08006948       0x44 /Applications/STM32CubeIDE.app/Contents/Eclipse/plugins/com.st.stm32cube.ide.mcu.externaltools.gnu-tools-for-stm32.13.3.rel1.macos64_1.0.0.202411102158/tools/bin/../lib/gcc/arm-none-eabi/13.3.1/../../../../arm-none-eabi/lib/thumb/v7e-m+fp/hard/libc_nano.a(libc_a-mallocr.o)
 .text._malloc_r
                0x0800698c      0x100 /Applications/STM32CubeIDE.app/Contents/Eclipse/plugins/com.st.stm32cube.ide.mcu.externaltools.gnu-tools-for-stm32.13.3.rel1.macos64_1.0.0.202411102158/tools/bin/../lib/gcc/arm-none-eabi/13.3.1/../../../../arm-none-eabi/lib/thumb/v7e-m+fp/hard/libc_nano.a(libc_a-mallocr.o)
                0x0800698c                _malloc_r
 .text.__sflush_r
                0x08006a8c      0x108 /Applications/STM32CubeIDE.app/Contents/Eclipse/plugins/com.st.stm32cube.ide.mcu.externaltools.gnu-tools-for-stm32.13.3.rel1.macos64_1.0.0.202411102158/tools/bin/../lib/gcc/arm-none-eabi/13.3.1/../../../../arm-none-eabi/lib/thumb/v7e-m+fp/hard/libc_nano.a(libc_a-fflush.o)
                0x08006a8c                __sflush_r
 .text._fflush_r
                0x08006b94       0x50 /Applications/STM32CubeIDE.app/Contents/Eclipse/plugins/com.st.stm32cube.ide.mcu.externaltools.gnu-tools-for-stm32.13.3.rel1.macos64_1.0.0.202411102158/tools/bin/../lib/gcc/arm-none-eabi/13.3.1/../../../../arm-none-eabi/lib/thumb/v7e-m+fp/hard/libc_nano.a(libc_a-fflush.o)
                0x08006b94                _fflush_r
 .text.__malloc_lock
                0x08006be4        0xc /Applications/STM32CubeIDE.app/Contents/Eclipse/plugins/com.st.stm32cube.ide.mcu.externaltools.gnu-tools-for-stm32.13.3.rel1.macos64_1.0.0.202411102158/tools/bin/../lib/gcc/arm-none-eabi/13.3.1/../../../../arm-none-eabi/lib/thumb/v7e-m+fp/hard/libc_nano.a(libc_a-mlock.o)
                0x08006be4                __malloc_lock
 .text.__malloc_unlock
                0x08006bf0        0xc /Applications/STM32CubeIDE.app/Contents/Eclipse/plugins/com.st.stm32cube.ide.mcu.externaltools.gnu-tools-for-stm32.13.3.rel1.macos64_1.0.0.202411102158/tools/bin/../lib/gcc/arm-none-eabi/13.3.1/../../../../arm-none-eabi/lib/thumb/v7e-m+fp/hard/libc_nano.a(libc_a-mlock.o)
                0x08006bf0                __malloc_unlock
 .text._Balloc  0x08006bfc       0x80 /Applications/STM32CubeIDE.app/Contents/Eclipse/plugins/com.st.stm32cube.ide.mcu.externaltools.gnu-tools-for-stm32.13.3.rel1.macos64_1.0.0.202411102158/tools/bin/../lib/gcc/arm-none-eabi/13.3.1/../../../../arm-none-eabi/lib/thumb/v7e-m+fp/hard/libc_nano.a(libc_a-mprec.o)
                0x08006bfc                _Balloc
 .text._Bfree   0x08006c7c       0x44 /Applications/STM32CubeIDE.app/Contents/Eclipse/plugins/com.st.stm32cube.ide.mcu.externaltools.gnu-tools-for-stm32.13.3.rel1.macos64_1.0.0.202411102158/tools/bin/../lib/gcc/arm-none-eabi/13.3.1/../../../../arm-none-eabi/lib/thumb/v7e-m+fp/hard/libc_nano.a(libc_a-mprec.o)
                0x08006c7c                _Bfree
 .text.__multadd
                0x08006cc0       0x8c /Applications/STM32CubeIDE.app/Contents/Eclipse/plugins/com.st.stm32cube.ide.mcu.externaltools.gnu-tools-for-stm32.13.3.rel1.macos64_1.0.0.202411102158/tools/bin/../lib/gcc/arm-none-eabi/13.3.1/../../../../arm-none-eabi/lib/thumb/v7e-m+fp/hard/libc_nano.a(libc_a-mprec.o)
                0x08006cc0                __multadd
 .text.__hi0bits
                0x08006d4c       0x3e /Applications/STM32CubeIDE.app/Contents/Eclipse/plugins/com.st.stm32cube.ide.mcu.externaltools.gnu-tools-for-stm32.13.3.rel1.macos64_1.0.0.202411102158/tools/bin/../lib/gcc/arm-none-eabi/13.3.1/../../../../arm-none-eabi/lib/thumb/v7e-m+fp/hard/libc_nano.a(libc_a-mprec.o)
                0x08006d4c                __hi0bits
 .text.__lo0bits
                0x08006d8a       0x5a /Applications/STM32CubeIDE.app/Contents/Eclipse/plugins/com.st.stm32cube.ide.mcu.externaltools.gnu-tools-for-stm32.13.3.rel1.macos64_1.0.0.202411102158/tools/bin/../lib/gcc/arm-none-eabi/13.3.1/../../../../arm-none-eabi/lib/thumb/v7e-m+fp/hard/libc_nano.a(libc_a-mprec.o)
                0x08006d8a                __lo0bits
 .text.__i2b    0x08006de4       0x2c /Applications/STM32CubeIDE.app/Contents/Eclipse/plugins/com.st.stm32cube.ide.mcu.externaltools.gnu-tools-for-stm32.13.3.rel1.macos64_1.0.0.202411102158/tools/bin/../lib/gcc/arm-none-eabi/13.3.1/../../../../arm-none-eabi/lib/thumb/v7e-m+fp/hard/libc_nano.a(libc_a-mprec.o)
                0x08006de4                __i2b
 .text.__multiply
                0x08006e10      0x144 /Applications/STM32CubeIDE.app/Contents/Eclipse/plugins/com.st.stm32cube.ide.mcu.externaltools.gnu-tools-for-stm32.13.3.rel1.macos64_1.0.0.202411102158/tools/bin/../lib/gcc/arm-none-eabi/13.3.1/../../../../arm-none-eabi/lib/thumb/v7e-m+fp/hard/libc_nano.a(libc_a-mprec.o)
                0x08006e10                __multiply
 .text.__pow5mult
                0x08006f54       0xb4 /Applications/STM32CubeIDE.app/Contents/Eclipse/plugins/com.st.stm32cube.ide.mcu.externaltools.gnu-tools-for-stm32.13.3.rel1.macos64_1.0.0.202411102158/tools/bin/../lib/gcc/arm-none-eabi/13.3.1/../../../../arm-none-eabi/lib/thumb/v7e-m+fp/hard/libc_nano.a(libc_a-mprec.o)
                0x08006f54                __pow5mult
 .text.__lshift
                0x08007008       0xd8 /Applications/STM32CubeIDE.app/Contents/Eclipse/plugins/com.st.stm32cube.ide.mcu.externaltools.gnu-tools-for-stm32.13.3.rel1.macos64_1.0.0.202411102158/tools/bin/../lib/gcc/arm-none-eabi/13.3.1/../../../../arm-none-eabi/lib/thumb/v7e-m+fp/hard/libc_nano.a(libc_a-mprec.o)
                0x08007008                __lshift
 .text.__mcmp   0x080070e0       0x36 /Applications/STM32CubeIDE.app/Contents/Eclipse/plugins/com.st.stm32cube.ide.mcu.externaltools.gnu-tools-for-stm32.13.3.rel1.macos64_1.0.0.202411102158/tools/bin/../lib/gcc/arm-none-eabi/13.3.1/../../../../arm-none-eabi/lib/thumb/v7e-m+fp/hard/libc_nano.a(libc_a-mprec.o)
                0x080070e0                __mcmp
 *fill*         0x08007116        0x2 
 .text.__mdiff  0x08007118      0x128 /Applications/STM32CubeIDE.app/Contents/Eclipse/plugins/com.st.stm32cube.ide.mcu.externaltools.gnu-tools-for-stm32.13.3.rel1.macos64_1.0.0.202411102158/tools/bin/../lib/gcc/arm-none-eabi/13.3.1/../../../../arm-none-eabi/lib/thumb/v7e-m+fp/hard/libc_nano.a(libc_a-mprec.o)
                0x08007118                __mdiff
 .text.__d2b    0x08007240       0xb0 /Applications/STM32CubeIDE.app/Contents/Eclipse/plugins/com.st.stm32cube.ide.mcu.externaltools.gnu-tools-for-stm32.13.3.rel1.macos64_1.0.0.202411102158/tools/bin/../lib/gcc/arm-none-eabi/13.3.1/../../../../arm-none-eabi/lib/thumb/v7e-m+fp/hard/libc_nano.a(libc_a-mprec.o)
                0x08007240                __d2b
 .text.__sread  0x080072f0       0x22 /Applications/STM32CubeIDE.app/Contents/Eclipse/plugins/com.st.stm32cube.ide.mcu.externaltools.gnu-tools-for-stm32.13.3.rel1.macos64_1.0.0.202411102158/tools/bin/../lib/gcc/arm-none-eabi/13.3.1/../../../../arm-none-eabi/lib/thumb/v7e-m+fp/hard/libc_nano.a(libc_a-stdio.o)
                0x080072f0                __sread
 .text.__swrite
                0x08007312       0x38 /Applications/STM32CubeIDE.app/Contents/Eclipse/plugins/com.st.stm32cube.ide.mcu.externaltools.gnu-tools-for-stm32.13.3.rel1.macos64_1.0.0.202411102158/tools/bin/../lib/gcc/arm-none-eabi/13.3.1/../../../../arm-none-eabi/lib/thumb/v7e-m+fp/hard/libc_nano.a(libc_a-stdio.o)
                0x08007312                __swrite
 .text.__sseek  0x0800734a       0x24 /Applications/STM32CubeIDE.app/Contents/Eclipse/plugins/com.st.stm32cube.ide.mcu.externaltools.gnu-tools-for-stm32.13.3.rel1.macos64_1.0.0.202411102158/tools/bin/../lib/gcc/arm-none-eabi/13.3.1/../../../../arm-none-eabi/lib/thumb/v7e-m+fp/hard/libc_nano.a(libc_a-stdio.o)
                0x0800734a                __sseek
 .text.__sclose
                0x0800736e        0x8 /Applications/STM32CubeIDE.app/Contents/Eclipse/plugins/com.st.stm32cube.ide.mcu.externaltools.gnu-tools-for-stm32.13.3.rel1.macos64_1.0.0.202411102158/tools/bin/../lib/gcc/arm-none-eabi/13.3.1/../../../../arm-none-eabi/lib/thumb/v7e-m+fp/hard/libc_nano.a(libc_a-stdio.o)
                0x0800736e                __sclose
 .text._realloc_r
                0x08007376       0x5c /Applications/STM32CubeIDE.app/Contents/Eclipse/plugins/com.st.stm32cube.ide.mcu.externaltools.gnu-tools-for-stm32.13.3.rel1.macos64_1.0.0.202411102158/tools/bin/../lib/gcc/arm-none-eabi/13.3.1/../../../../arm-none-eabi/lib/thumb/v7e-m+fp/hard/libc_nano.a(libc_a-reallocr.o)
                0x08007376                _realloc_r
 .text.memmove  0x080073d2       0x34 /Applications/STM32CubeIDE.app/Contents/Eclipse/plugins/com.st.stm32cube.ide.mcu.externaltools.gnu-tools-for-stm32.13.3.rel1.macos64_1.0.0.202411102158/tools/bin/../lib/gcc/arm-none-eabi/13.3.1/../../../../arm-none-eabi/lib/thumb/v7e-m+fp/hard/libc_nano.a(libc_a-memmove.o)
                0x080073d2                memmove
 *fill*         0x08007406        0x2 
 .text._lseek_r
                0x08007408       0x24 /Applications/STM32CubeIDE.app/Contents/Eclipse/plugins/com.st.stm32cube.ide.mcu.externaltools.gnu-tools-for-stm32.13.3.rel1.macos64_1.0.0.202411102158/tools/bin/../lib/gcc/arm-none-eabi/13.3.1/../../../../arm-none-eabi/lib/thumb/v7e-m+fp/hard/libc_nano.a(libc_a-lseekr.o)
                0x08007408                _lseek_r
 .text._read_r  0x0800742c       0x24 /Applications/STM32CubeIDE.app/Contents/Eclipse/plugins/com.st.stm32cube.ide.mcu.externaltools.gnu-tools-for-stm32.13.3.rel1.macos64_1.0.0.202411102158/tools/bin/../lib/gcc/arm-none-eabi/13.3.1/../../../../arm-none-eabi/lib/thumb/v7e-m+fp/hard/libc_nano.a(libc_a-readr.o)
                0x0800742c                _read_r
 .text._sbrk_r  0x08007450       0x20 /Applications/STM32CubeIDE.app/Contents/Eclipse/plugins/com.st.stm32cube.ide.mcu.externaltools.gnu-tools-for-stm32.13.3.rel1.macos64_1.0.0.202411102158/tools/bin/../lib/gcc/arm-none-eabi/13.3.1/../../../../arm-none-eabi/lib/thumb/v7e-m+fp/hard/libc_nano.a(libc_a-sbrkr.o)
                0x08007450                _sbrk_r
 .text._write_r
                0x08007470       0x24 /Applications/STM32CubeIDE.app/Contents/Eclipse/plugins/com.st.stm32cube.ide.mcu.externaltools.gnu-tools-for-stm32.13.3.rel1.macos64_1.0.0.202411102158/tools/bin/../lib/gcc/arm-none-eabi/13.3.1/../../../../arm-none-eabi/lib/thumb/v7e-m+fp/hard/libc_nano.a(libc_a-writer.o)
                0x08007470                _write_r
 .text._close_r
                0x08007494       0x20 /Applications/STM32CubeIDE.app/Contents/Eclipse/plugins/com.st.stm32cube.ide.mcu.externaltools.gnu-tools-for-stm32.13.3.rel1.macos64_1.0.0.202411102158/tools/bin/../lib/gcc/arm-none-eabi/13.3.1/../../../../arm-none-eabi/lib/thumb/v7e-m+fp/hard/libc_nano.a(libc_a-closer.o)
                0x08007494                _close_r
 .text.__assert_func
                0x080074b4       0x3c /Applications/STM32CubeIDE.app/Contents/Eclipse/plugins/com.st.stm32cube.ide.mcu.externaltools.gnu-tools-for-stm32.13.3.rel1.macos64_1.0.0.202411102158/tools/bin/../lib/gcc/arm-none-eabi/13.3.1/../../../../arm-none-eabi/lib/thumb/v7e-m+fp/hard/libc_nano.a(libc_a-assert.o)
                0x080074b4                __assert_func
 .text._calloc_r
                0x080074f0       0x28 /Applications/STM32CubeIDE.app/Contents/Eclipse/plugins/com.st.stm32cube.ide.mcu.externaltools.gnu-tools-for-stm32.13.3.rel1.macos64_1.0.0.202411102158/tools/bin/../lib/gcc/arm-none-eabi/13.3.1/../../../../arm-none-eabi/lib/thumb/v7e-m+fp/hard/libc_nano.a(libc_a-callocr.o)
                0x080074f0                _calloc_r
 .text._free_r  0x08007518       0x94 /Applications/STM32CubeIDE.app/Contents/Eclipse/plugins/com.st.stm32cube.ide.mcu.externaltools.gnu-tools-for-stm32.13.3.rel1.macos64_1.0.0.202411102158/tools/bin/../lib/gcc/arm-none-eabi/13.3.1/../../../../arm-none-eabi/lib/thumb/v7e-m+fp/hard/libc_nano.a(libc_a-freer.o)
                0x08007518                _free_r
 .text.__ascii_mbtowc
                0x080075ac       0x24 /Applications/STM32CubeIDE.app/Contents/Eclipse/plugins/com.st.stm32cube.ide.mcu.externaltools.gnu-tools-for-stm32.13.3.rel1.macos64_1.0.0.202411102158/tools/bin/../lib/gcc/arm-none-eabi/13.3.1/../../../../arm-none-eabi/lib/thumb/v7e-m+fp/hard/libc_nano.a(libc_a-mbtowc_r.o)
                0x080075ac                __ascii_mbtowc
 .text._malloc_usable_size_r
                0x080075d0       0x10 /Applications/STM32CubeIDE.app/Contents/Eclipse/plugins/com.st.stm32cube.ide.mcu.externaltools.gnu-tools-for-stm32.13.3.rel1.macos64_1.0.0.202411102158/tools/bin/../lib/gcc/arm-none-eabi/13.3.1/../../../../arm-none-eabi/lib/thumb/v7e-m+fp/hard/libc_nano.a(libc_a-msizer.o)
                0x080075d0                _malloc_usable_size_r
 .text.fprintf  0x080075e0       0x24 /Applications/STM32CubeIDE.app/Contents/Eclipse/plugins/com.st.stm32cube.ide.mcu.externaltools.gnu-tools-for-stm32.13.3.rel1.macos64_1.0.0.202411102158/tools/bin/../lib/gcc/arm-none-eabi/13.3.1/../../../../arm-none-eabi/lib/thumb/v7e-m+fp/hard/libc_nano.a(libc_a-fprintf.o)
                0x080075e0                fprintf
                0x080075e0                fiprintf
 .text.__ascii_wctomb
                0x08007604       0x1a /Applications/STM32CubeIDE.app/Contents/Eclipse/plugins/com.st.stm32cube.ide.mcu.externaltools.gnu-tools-for-stm32.13.3.rel1.macos64_1.0.0.202411102158/tools/bin/../lib/gcc/arm-none-eabi/13.3.1/../../../../arm-none-eabi/lib/thumb/v7e-m+fp/hard/libc_nano.a(libc_a-wctomb_r.o)
                0x08007604                __ascii_wctomb
 .text.abort    0x0800761e        0xe /Applications/STM32CubeIDE.app/Contents/Eclipse/plugins/com.st.stm32cube.ide.mcu.externaltools.gnu-tools-for-stm32.13.3.rel1.macos64_1.0.0.202411102158/tools/bin/../lib/gcc/arm-none-eabi/13.3.1/../../../../arm-none-eabi/lib/thumb/v7e-m+fp/hard/libc_nano.a(libc_a-abort.o)
                0x0800761e                abort
 .text.__sfputc_r
                0x0800762c       0x2e /Applications/STM32CubeIDE.app/Contents/Eclipse/plugins/com.st.stm32cube.ide.mcu.externaltools.gnu-tools-for-stm32.13.3.rel1.macos64_1.0.0.202411102158/tools/bin/../lib/gcc/arm-none-eabi/13.3.1/../../../../arm-none-eabi/lib/thumb/v7e-m+fp/hard/libc_nano.a(libc_a-nano-vfprintf.o)
 .text.__sfputs_r
                0x0800765a       0x24 /Applications/STM32CubeIDE.app/Contents/Eclipse/plugins/com.st.stm32cube.ide.mcu.externaltools.gnu-tools-for-stm32.13.3.rel1.macos64_1.0.0.202411102158/tools/bin/../lib/gcc/arm-none-eabi/13.3.1/../../../../arm-none-eabi/lib/thumb/v7e-m+fp/hard/libc_nano.a(libc_a-nano-vfprintf.o)
                0x0800765a                __sfputs_r
 *fill*         0x0800767e        0x2 
 .text._vfprintf_r
                0x08007680      0x230 /Applications/STM32CubeIDE.app/Contents/Eclipse/plugins/com.st.stm32cube.ide.mcu.externaltools.gnu-tools-for-stm32.13.3.rel1.macos64_1.0.0.202411102158/tools/bin/../lib/gcc/arm-none-eabi/13.3.1/../../../../arm-none-eabi/lib/thumb/v7e-m+fp/hard/libc_nano.a(libc_a-nano-vfprintf.o)
                0x08007680                _vfiprintf_r
                0x08007680                _vfprintf_r
 .text.__swbuf_r
                0x080078b0       0x7c /Applications/STM32CubeIDE.app/Contents/Eclipse/plugins/com.st.stm32cube.ide.mcu.externaltools.gnu-tools-for-stm32.13.3.rel1.macos64_1.0.0.202411102158/tools/bin/../lib/gcc/arm-none-eabi/13.3.1/../../../../arm-none-eabi/lib/thumb/v7e-m+fp/hard/libc_nano.a(libc_a-wbuf.o)
                0x080078b0                __swbuf_r
 .text.__swsetup_r
                0x0800792c       0xac /Applications/STM32CubeIDE.app/Contents/Eclipse/plugins/com.st.stm32cube.ide.mcu.externaltools.gnu-tools-for-stm32.13.3.rel1.macos64_1.0.0.202411102158/tools/bin/../lib/gcc/arm-none-eabi/13.3.1/../../../../arm-none-eabi/lib/thumb/v7e-m+fp/hard/libc_nano.a(libc_a-wsetup.o)
                0x0800792c                __swsetup_r
 .text.__swhatbuf_r
                0x080079d8       0x4c /Applications/STM32CubeIDE.app/Contents/Eclipse/plugins/com.st.stm32cube.ide.mcu.externaltools.gnu-tools-for-stm32.13.3.rel1.macos64_1.0.0.202411102158/tools/bin/../lib/gcc/arm-none-eabi/13.3.1/../../../../arm-none-eabi/lib/thumb/v7e-m+fp/hard/libc_nano.a(libc_a-makebuf.o)
                0x080079d8                __swhatbuf_r
 .text.__smakebuf_r
                0x08007a24       0x78 /Applications/STM32CubeIDE.app/Contents/Eclipse/plugins/com.st.stm32cube.ide.mcu.externaltools.gnu-tools-for-stm32.13.3.rel1.macos64_1.0.0.202411102158/tools/bin/../lib/gcc/arm-none-eabi/13.3.1/../../../../arm-none-eabi/lib/thumb/v7e-m+fp/hard/libc_nano.a(libc_a-makebuf.o)
                0x08007a24                __smakebuf_r
 .text._raise_r
                0x08007a9c       0x50 /Applications/STM32CubeIDE.app/Contents/Eclipse/plugins/com.st.stm32cube.ide.mcu.externaltools.gnu-tools-for-stm32.13.3.rel1.macos64_1.0.0.202411102158/tools/bin/../lib/gcc/arm-none-eabi/13.3.1/../../../../arm-none-eabi/lib/thumb/v7e-m+fp/hard/libc_nano.a(libc_a-signal.o)
                0x08007a9c                _raise_r
 .text.raise    0x08007aec       0x10 /Applications/STM32CubeIDE.app/Contents/Eclipse/plugins/com.st.stm32cube.ide.mcu.externaltools.gnu-tools-for-stm32.13.3.rel1.macos64_1.0.0.202411102158/tools/bin/../lib/gcc/arm-none-eabi/13.3.1/../../../../arm-none-eabi/lib/thumb/v7e-m+fp/hard/libc_nano.a(libc_a-signal.o)
                0x08007aec                raise
 .text._isatty_r
                0x08007afc       0x20 /Applications/STM32CubeIDE.app/Contents/Eclipse/plugins/com.st.stm32cube.ide.mcu.externaltools.gnu-tools-for-stm32.13.3.rel1.macos64_1.0.0.202411102158/tools/bin/../lib/gcc/arm-none-eabi/13.3.1/../../../../arm-none-eabi/lib/thumb/v7e-m+fp/hard/libc_nano.a(libc_a-isattyr.o)
                0x08007afc                _isatty_r
 .text._kill_r  0x08007b1c       0x24 /Applications/STM32CubeIDE.app/Contents/Eclipse/plugins/com.st.stm32cube.ide.mcu.externaltools.gnu-tools-for-stm32.13.3.rel1.macos64_1.0.0.202411102158/tools/bin/../lib/gcc/arm-none-eabi/13.3.1/../../../../arm-none-eabi/lib/thumb/v7e-m+fp/hard/libc_nano.a(libc_a-signalr.o)
                0x08007b1c                _kill_r
 .text._getpid_r
                0x08007b40        0x4 /Applications/STM32CubeIDE.app/Contents/Eclipse/plugins/com.st.stm32cube.ide.mcu.externaltools.gnu-tools-for-stm32.13.3.rel1.macos64_1.0.0.202411102158/tools/bin/../lib/gcc/arm-none-eabi/13.3.1/../../../../arm-none-eabi/lib/thumb/v7e-m+fp/hard/libc_nano.a(libc_a-signalr.o)
                0x08007b40                _getpid_r
 .text._fstat_r
                0x08007b44       0x24 /Applications/STM32CubeIDE.app/Contents/Eclipse/plugins/com.st.stm32cube.ide.mcu.externaltools.gnu-tools-for-stm32.13.3.rel1.macos64_1.0.0.202411102158/tools/bin/../lib/gcc/arm-none-eabi/13.3.1/../../../../arm-none-eabi/lib/thumb/v7e-m+fp/hard/libc_nano.a(libc_a-fstatr.o)
                0x08007b44                _fstat_r
 *(.glue_7)
 .glue_7        0x08007b68        0x0 linker stubs
 *(.glue_7t)
 .glue_7t       0x08007b68        0x0 linker stubs
 *(.eh_frame)
 .eh_frame      0x08007b68        0x0 /Applications/STM32CubeIDE.app/Contents/Eclipse/plugins/com.st.stm32cube.ide.mcu.externaltools.gnu-tools-for-stm32.13.3.rel1.macos64_1.0.0.202411102158/tools/bin/../lib/gcc/arm-none-eabi/13.3.1/thumb/v7e-m+fp/hard/crtbegin.o
 *(.init)
 .init          0x08007b68        0x4 /Applications/STM32CubeIDE.app/Contents/Eclipse/plugins/com.st.stm32cube.ide.mcu.externaltools.gnu-tools-for-stm32.13.3.rel1.macos64_1.0.0.202411102158/tools/bin/../lib/gcc/arm-none-eabi/13.3.1/thumb/v7e-m+fp/hard/crti.o
                0x08007b68                _init
 .init          0x08007b6c        0x8 /Applications/STM32CubeIDE.app/Contents/Eclipse/plugins/com.st.stm32cube.ide.mcu.externaltools.gnu-tools-for-stm32.13.3.rel1.macos64_1.0.0.202411102158/tools/bin/../lib/gcc/arm-none-eabi/13.3.1/thumb/v7e-m+fp/hard/crtn.o
 *(.fini)
 .fini          0x08007b74        0x4 /Applications/STM32CubeIDE.app/Contents/Eclipse/plugins/com.st.stm32cube.ide.mcu.externaltools.gnu-tools-for-stm32.13.3.rel1.macos64_1.0.0.202411102158/tools/bin/../lib/gcc/arm-none-eabi/13.3.1/thumb/v7e-m+fp/hard/crti.o
                0x08007b74                _fini
 .fini          0x08007b78        0x8 /Applications/STM32CubeIDE.app/Contents/Eclipse/plugins/com.st.stm32cube.ide.mcu.externaltools.gnu-tools-for-stm32.13.3.rel1.macos64_1.0.0.202411102158/tools/bin/../lib/gcc/arm-none-eabi/13.3.1/thumb/v7e-m+fp/hard/crtn.o
                0x08007b80                        . = ALIGN (0x4)
                0x08007b80                        _etext = .

.vfp11_veneer   0x08007b80        0x0
 .vfp11_veneer  0x08007b80        0x0 linker stubs

.v4_bx          0x08007b80        0x0
 .v4_bx         0x08007b80        0x0 linker stubs

.iplt           0x08007b80        0x0
 .iplt          0x08007b80        0x0 /Applications/STM32CubeIDE.app/Contents/Eclipse/plugins/com.st.stm32cube.ide.mcu.externaltools.gnu-tools-for-stm32.13.3.rel1.macos64_1.0.0.202411102158/tools/bin/../lib/gcc/arm-none-eabi/13.3.1/thumb/v7e-m+fp/hard/crtbegin.o

.rodata         0x08007b80    0x424ac
                0x08007b80                        . = ALIGN (0x4)
 *(.rodata)
 *(.rodata*)
 .rodata.StartDefaultTask.str1.4
                0x08007b80       0x54 build/freertos.o
                                 0x2d (size before relaxing)
 .rodata.str1.4
                0x08007bd4        0xc build/freertos.o
 .rodata.defaultTask_attributes
                0x08007bd4       0x24 build/freertos.o
                0x08007bd4                defaultTask_attributes
 .rodata.font_ascii_data
                0x08007bf8      0x8e8 build/font_ascii.o
                0x08007bf8                font_ascii_data
 .rodata.font_ascii_width
                0x080084e0       0x5f build/font_ascii.o
                0x080084e0                font_ascii_width
 *fill*         0x0800853f        0x1 
 .rodata.font_hangul_data
                0x08008540    0x41760 build/font_hangul.o
                0x08008540                font_hangul_data
 .rodata.APBPrescTable
                0x08049ca0        0x8 build/system_stm32f4xx.o
                0x08049ca0                APBPrescTable
 .rodata.AHBPrescTable
                0x08049ca8       0x10 build/system_stm32f4xx.o
                0x08049ca8                AHBPrescTable
 .rodata.vTaskStartScheduler.str1.4
                0x08049cb8        0x5 build/tasks.o
 .rodata.prvCheckForValidListAndQueue.str1.4
                0x08049cb8        0x5 build/timers.o
 .rodata.xTimerCreateTimerTask.str1.4
                0x08049cb8        0x8 build/timers.o
 .rodata._printf_float.str1.1
                0x08049cb8      0x171 /Applications/STM32CubeIDE.app/Contents/Eclipse/plugins/com.st.stm32cube.ide.mcu.externaltools.gnu-tools-for-stm32.13.3.rel1.macos64_1.0.0.202411102158/tools/bin/../lib/gcc/arm-none-eabi/13.3.1/../../../../arm-none-eabi/lib/thumb/v7e-m+fp/hard/libc_nano.a(libc_a-nano-vfprintf_float.o)
                                 0x12 (size before relaxing)
 .rodata._printf_i.str1.1
                0x08049e29       0x22 /Applications/STM32CubeIDE.app/Contents/Eclipse/plugins/com.st.stm32cube.ide.mcu.externaltools.gnu-tools-for-stm32.13.3.rel1.macos64_1.0.0.202411102158/tools/bin/../lib/gcc/arm-none-eabi/13.3.1/../../../../arm-none-eabi/lib/thumb/v7e-m+fp/hard/libc_nano.a(libc_a-nano-vfprintf_i.o)
 .rodata._dtoa_r.str1.1
                0x08049e29       0x8f /Applications/STM32CubeIDE.app/Contents/Eclipse/plugins/com.st.stm32cube.ide.mcu.externaltools.gnu-tools-for-stm32.13.3.rel1.macos64_1.0.0.202411102158/tools/bin/../lib/gcc/arm-none-eabi/13.3.1/../../../../arm-none-eabi/lib/thumb/v7e-m+fp/hard/libc_nano.a(libc_a-dtoa.o)
 .rodata._svfprintf_r.str1.1
                0x08049e29       0x11 /Applications/STM32CubeIDE.app/Contents/Eclipse/plugins/com.st.stm32cube.ide.mcu.externaltools.gnu-tools-for-stm32.13.3.rel1.macos64_1.0.0.202411102158/tools/bin/../lib/gcc/arm-none-eabi/13.3.1/../../../../arm-none-eabi/lib/thumb/v7e-m+fp/hard/libc_nano.a(libc_a-nano-svfprintf.o)
 .rodata._Balloc.str1.1
                0x08049e29       0x70 /Applications/STM32CubeIDE.app/Contents/Eclipse/plugins/com.st.stm32cube.ide.mcu.externaltools.gnu-tools-for-stm32.13.3.rel1.macos64_1.0.0.202411102158/tools/bin/../lib/gcc/arm-none-eabi/13.3.1/../../../../arm-none-eabi/lib/thumb/v7e-m+fp/hard/libc_nano.a(libc_a-mprec.o)
 .rodata.__multadd.str1.1
                0x08049e29       0x11 /Applications/STM32CubeIDE.app/Contents/Eclipse/plugins/com.st.stm32cube.ide.mcu.externaltools.gnu-tools-for-stm32.13.3.rel1.macos64_1.0.0.202411102158/tools/bin/../lib/gcc/arm-none-eabi/13.3.1/../../../../arm-none-eabi/lib/thumb/v7e-m+fp/hard/libc_nano.a(libc_a-mprec.o)
 *fill*         0x08049e29        0x3 
 .rodata.p05.0  0x08049e2c        0xc /Applications/STM32CubeIDE.app/Contents/Eclipse/plugins/com.st.stm32cube.ide.mcu.externaltools.gnu-tools-for-stm32.13.3.rel1.macos64_1.0.0.202411102158/tools/bin/../lib/gcc/arm-none-eabi/13.3.1/../../../../arm-none-eabi/lib/thumb/v7e-m+fp/hard/libc_nano.a(libc_a-mprec.o)
 .rodata.__mprec_bigtens
                0x08049e38       0x28 /Applications/STM32CubeIDE.app/Contents/Eclipse/plugins/com.st.stm32cube.ide.mcu.externaltools.gnu-tools-for-stm32.13.3.rel1.macos64_1.0.0.202411102158/tools/bin/../lib/gcc/arm-none-eabi/13.3.1/../../../../arm-none-eabi/lib/thumb/v7e-m+fp/hard/libc_nano.a(libc_a-mprec.o)
                0x08049e38                __mprec_bigtens
 .rodata.__mprec_tens
                0x08049e60       0xc8 /Applications/STM32CubeIDE.app/Contents/Eclipse/plugins/com.st.stm32cube.ide.mcu.externaltools.gnu-tools-for-stm32.13.3.rel1.macos64_1.0.0.202411102158/tools/bin/../lib/gcc/arm-none-eabi/13.3.1/../../../../arm-none-eabi/lib/thumb/v7e-m+fp/hard/libc_nano.a(libc_a-mprec.o)
                0x08049e60                __mprec_tens
 .rodata._setlocale_r.str1.1
                0x08049f28        0x9 /Applications/STM32CubeIDE.app/Contents/Eclipse/plugins/com.st.stm32cube.ide.mcu.externaltools.gnu-tools-for-stm32.13.3.rel1.macos64_1.0.0.202411102158/tools/bin/../lib/gcc/arm-none-eabi/13.3.1/../../../../arm-none-eabi/lib/thumb/v7e-m+fp/hard/libc_nano.a(libc_a-locale.o)
 .rodata.str1.1
                0x08049f28        0x2 /Applications/STM32CubeIDE.app/Contents/Eclipse/plugins/com.st.stm32cube.ide.mcu.externaltools.gnu-tools-for-stm32.13.3.rel1.macos64_1.0.0.202411102158/tools/bin/../lib/gcc/arm-none-eabi/13.3.1/../../../../arm-none-eabi/lib/thumb/v7e-m+fp/hard/libc_nano.a(libc_a-locale.o)
 .rodata._ctype_
                0x08049f28      0x101 /Applications/STM32CubeIDE.app/Contents/Eclipse/plugins/com.st.stm32cube.ide.mcu.externaltools.gnu-tools-for-stm32.13.3.rel1.macos64_1.0.0.202411102158/tools/bin/../lib/gcc/arm-none-eabi/13.3.1/../../../../arm-none-eabi/lib/thumb/v7e-m+fp/hard/libc_nano.a(libc_a-ctype_.o)
                0x08049f28                _ctype_
 .rodata.__assert_func.str1.1
                0x0804a029       0x3d /Applications/STM32CubeIDE.app/Contents/Eclipse/plugins/com.st.stm32cube.ide.mcu.externaltools.gnu-tools-for-stm32.13.3.rel1.macos64_1.0.0.202411102158/tools/bin/../lib/gcc/arm-none-eabi/13.3.1/../../../../arm-none-eabi/lib/thumb/v7e-m+fp/hard/libc_nano.a(libc_a-assert.o)
 .rodata._vfprintf_r.str1.1
                0x0804a029       0x11 /Applications/STM32CubeIDE.app/Contents/Eclipse/plugins/com.st.stm32cube.ide.mcu.externaltools.gnu-tools-for-stm32.13.3.rel1.macos64_1.0.0.202411102158/tools/bin/../lib/gcc/arm-none-eabi/13.3.1/../../../../arm-none-eabi/lib/thumb/v7e-m+fp/hard/libc_nano.a(libc_a-nano-vfprintf.o)
                0x0804a068                        . = ALIGN (0x4)
 *fill*         0x0804a029        0x3 

.ARM.extab      0x0804a02c        0x0
                0x0804a02c                        . = ALIGN (0x4)
 *(.ARM.extab* .gnu.linkonce.armextab.*)
                0x0804a02c                        . = ALIGN (0x4)

.ARM            0x0804a02c        0x8
                0x0804a02c                        . = ALIGN (0x4)
                0x0804a02c                        __exidx_start = .
 *(.ARM.exidx*)
 .ARM.exidx     0x0804a02c        0x8 /Applications/STM32CubeIDE.app/Contents/Eclipse/plugins/com.st.stm32cube.ide.mcu.externaltools.gnu-tools-for-stm32.13.3.rel1.macos64_1.0.0.202411102158/tools/bin/../lib/gcc/arm-none-eabi/13.3.1/../../../../arm-none-eabi/lib/thumb/v7e-m+fp/hard/libc_nano.a(libc_a-memchr.o)
 .ARM.exidx     0x0804a034        0x0 /Applications/STM32CubeIDE.app/Contents/Eclipse/plugins/com.st.stm32cube.ide.mcu.externaltools.gnu-tools-for-stm32.13.3.rel1.macos64_1.0.0.202411102158/tools/bin/../lib/gcc/arm-none-eabi/13.3.1/../../../../arm-none-eabi/lib/thumb/v7e-m+fp/hard/libc_nano.a(libc_a-strlen.o)
                                  0x8 (size before relaxing)
 .ARM.exidx     0x0804a034        0x0 /Applications/STM32CubeIDE.app/Contents/Eclipse/plugins/com.st.stm32cube.ide.mcu.externaltools.gnu-tools-for-stm32.13.3.rel1.macos64_1.0.0.202411102158/tools/bin/../lib/gcc/arm-none-eabi/13.3.1/thumb/v7e-m+fp/hard/libgcc.a(_udivmoddi4.o)
                                  0x8 (size before relaxing)
                0x0804a034                        __exidx_end = .
                0x0804a034                        . = ALIGN (0x4)

.preinit_array  0x0804a034        0x0
                0x0804a034                        . = ALIGN (0x4)
                0x0804a034                        PROVIDE (__preinit_array_start = .)
 *(.preinit_array*)
                0x0804a034                        PROVIDE (__preinit_array_end = .)
                0x0804a034                        . = ALIGN (0x4)

.init_array     0x0804a034        0x4
                0x0804a034                        . = ALIGN (0x4)
                0x0804a034                        PROVIDE (__init_array_start = .)
 *(SORT_BY_NAME(.init_array.*))
 *(.init_array*)
 .init_array    0x0804a034        0x4 /Applications/STM32CubeIDE.app/Contents/Eclipse/plugins/com.st.stm32cube.ide.mcu.externaltools.gnu-tools-for-stm32.13.3.rel1.macos64_1.0.0.202411102158/tools/bin/../lib/gcc/arm-none-eabi/13.3.1/thumb/v7e-m+fp/hard/crtbegin.o
                0x0804a038                        PROVIDE (__init_array_end = .)
                0x0804a038                        . = ALIGN (0x4)

.fini_array     0x0804a038        0x4
                0x0804a038                        . = ALIGN (0x4)
                [!provide]                        PROVIDE (__fini_array_start = .)
 *(SORT_BY_NAME(.fini_array.*))
 *(.fini_array*)
 .fini_array    0x0804a038        0x4 /Applications/STM32CubeIDE.app/Contents/Eclipse/plugins/com.st.stm32cube.ide.mcu.externaltools.gnu-tools-for-stm32.13.3.rel1.macos64_1.0.0.202411102158/tools/bin/../lib/gcc/arm-none-eabi/13.3.1/thumb/v7e-m+fp/hard/crtbegin.o
                [!provide]                        PROVIDE (__fini_array_end = .)
                0x0804a03c                        . = ALIGN (0x4)
                0x0804a03c                        _sidata = LOADADDR (.data)

.rel.dyn        0x0804a03c        0x0
 .rel.iplt      0x0804a03c        0x0 /Applications/STM32CubeIDE.app/Contents/Eclipse/plugins/com.st.stm32cube.ide.mcu.externaltools.gnu-tools-for-stm32.13.3.rel1.macos64_1.0.0.202411102158/tools/bin/../lib/gcc/arm-none-eabi/13.3.1/thumb/v7e-m+fp/hard/crtbegin.o

.data           0x20000000      0x1d8 load address 0x0804a03c
                0x20000000                        . = ALIGN (0x4)
                0x20000000                        _sdata = .
 *(.data)
 *(.data*)
 .data.uwTickFreq
                0x20000000        0x1 build/stm32f4xx_hal.o
                0x20000000                uwTickFreq
 *fill*         0x20000001        0x3 
 .data.uwTickPrio
                0x20000004        0x4 build/stm32f4xx_hal.o
                0x20000004                uwTickPrio
 .data.SystemCoreClock
                0x20000008        0x4 build/system_stm32f4xx.o
                0x20000008                SystemCoreClock
 .data.uxCriticalNesting
                0x2000000c        0x4 build/port.o
 .data.__sglue  0x20000010        0xc /Applications/STM32CubeIDE.app/Contents/Eclipse/plugins/com.st.stm32cube.ide.mcu.externaltools.gnu-tools-for-stm32.13.3.rel1.macos64_1.0.0.202411102158/tools/bin/../lib/gcc/arm-none-eabi/13.3.1/../../../../arm-none-eabi/lib/thumb/v7e-m+fp/hard/libc_nano.a(libc_a-findfp.o)
                0x20000010                __sglue
 .data._impure_ptr
                0x2000001c        0x4 /Applications/STM32CubeIDE.app/Contents/Eclipse/plugins/com.st.stm32cube.ide.mcu.externaltools.gnu-tools-for-stm32.13.3.rel1.macos64_1.0.0.202411102158/tools/bin/../lib/gcc/arm-none-eabi/13.3.1/../../../../arm-none-eabi/lib/thumb/v7e-m+fp/hard/libc_nano.a(libc_a-impure.o)
                0x2000001c                _impure_ptr
 .data._impure_data
                0x20000020       0x4c /Applications/STM32CubeIDE.app/Contents/Eclipse/plugins/com.st.stm32cube.ide.mcu.externaltools.gnu-tools-for-stm32.13.3.rel1.macos64_1.0.0.202411102158/tools/bin/../lib/gcc/arm-none-eabi/13.3.1/../../../../arm-none-eabi/lib/thumb/v7e-m+fp/hard/libc_nano.a(libc_a-impure.o)
                0x20000020                _impure_data
 .data.__global_locale
                0x2000006c      0x16c /Applications/STM32CubeIDE.app/Contents/Eclipse/plugins/com.st.stm32cube.ide.mcu.externaltools.gnu-tools-for-stm32.13.3.rel1.macos64_1.0.0.202411102158/tools/bin/../lib/gcc/arm-none-eabi/13.3.1/../../../../arm-none-eabi/lib/thumb/v7e-m+fp/hard/libc_nano.a(libc_a-locale.o)
                0x2000006c                __global_locale
 *(.RamFunc)
 *(.RamFunc*)
                0x200001d8                        . = ALIGN (0x4)
                0x200001d8                        _edata = .

.igot.plt       0x200001d8        0x0 load address 0x0804a214
 .igot.plt      0x200001d8        0x0 /Applications/STM32CubeIDE.app/Contents/Eclipse/plugins/com.st.stm32cube.ide.mcu.externaltools.gnu-tools-for-stm32.13.3.rel1.macos64_1.0.0.202411102158/tools/bin/../lib/gcc/arm-none-eabi/13.3.1/thumb/v7e-m+fp/hard/crtbegin.o
                0x200001d8                        . = ALIGN (0x4)

.bss            0x200001d8     0x4fb8 load address 0x0804a214
                0x200001d8                        _sbss = .
                0x200001d8                        __bss_start__ = _sbss
 *(.bss)
 .bss           0x200001d8       0x1c /Applications/STM32CubeIDE.app/Contents/Eclipse/plugins/com.st.stm32cube.ide.mcu.externaltools.gnu-tools-for-stm32.13.3.rel1.macos64_1.0.0.202411102158/tools/bin/../lib/gcc/arm-none-eabi/13.3.1/thumb/v7e-m+fp/hard/crtbegin.o
 *(.bss*)
 .bss.defaultTaskHandle
                0x200001f4        0x4 build/freertos.o
                0x200001f4                defaultTaskHandle
 .bss.cpuUsage  0x200001f8        0x4 build/freertos.o
                0x200001f8                cpuUsage
 .bss.idleCountMax
                0x200001fc        0x4 build/freertos.o
                0x200001fc                idleCountMax
 .bss.idleCount
                0x20000200        0x4 build/freertos.o
                0x20000200                idleCount
 .bss.htim1     0x20000204       0x48 build/stm32f4xx_hal_timebase_tim.o
                0x20000204                htim1
 .bss.cursor_y  0x2000024c        0x1 build/ssd1306_font.o
 .bss.cursor_x  0x2000024d        0x1 build/ssd1306_font.o
 *fill*         0x2000024e        0x2 
 .bss.SSD1306_Buffer
                0x20000250      0x400 build/ssd1306.o
 .bss.uwTick    0x20000650        0x4 build/stm32f4xx_hal.o
                0x20000650                uwTick
 .bss.xQueueRegistry
                0x20000654       0x40 build/queue.o
                0x20000654                xQueueRegistry
 .bss.uxSchedulerSuspended
                0x20000694        0x4 build/tasks.o
 .bss.xIdleTaskHandle
                0x20000698        0x4 build/tasks.o
 .bss.xNextTaskUnblockTime
                0x2000069c        0x4 build/tasks.o
 .bss.uxTaskNumber
                0x200006a0        0x4 build/tasks.o
 .bss.xNumOfOverflows
                0x200006a4        0x4 build/tasks.o
 .bss.xYieldPending
                0x200006a8        0x4 build/tasks.o
 .bss.xPendedTicks
                0x200006ac        0x4 build/tasks.o
 .bss.xSchedulerRunning
                0x200006b0        0x4 build/tasks.o
 .bss.uxTopReadyPriority
                0x200006b4        0x4 build/tasks.o
 .bss.xTickCount
                0x200006b8        0x4 build/tasks.o
 .bss.uxCurrentNumberOfTasks
                0x200006bc        0x4 build/tasks.o
 .bss.xSuspendedTaskList
                0x200006c0       0x14 build/tasks.o
 .bss.uxDeletedTasksWaitingCleanUp
                0x200006d4        0x4 build/tasks.o
 .bss.xTasksWaitingTermination
                0x200006d8       0x14 build/tasks.o
 .bss.xPendingReadyList
                0x200006ec       0x14 build/tasks.o
 .bss.pxOverflowDelayedTaskList
                0x20000700        0x4 build/tasks.o
 .bss.pxDelayedTaskList
                0x20000704        0x4 build/tasks.o
 .bss.xDelayedTaskList2
                0x20000708       0x14 build/tasks.o
 .bss.xDelayedTaskList1
                0x2000071c       0x14 build/tasks.o
 .bss.pxReadyTasksLists
                0x20000730      0x460 build/tasks.o
 .bss.pxCurrentTCB
                0x20000b90        0x4 build/tasks.o
                0x20000b90                pxCurrentTCB
 .bss.xStaticTimerQueue.0
                0x20000b94       0x50 build/timers.o
 .bss.ucStaticTimerQueueStorage.1
                0x20000be4       0xa0 build/timers.o
 .bss.xLastTime.2
                0x20000c84        0x4 build/timers.o
 .bss.xTimerTaskHandle
                0x20000c88        0x4 build/timers.o
 .bss.xTimerQueue
                0x20000c8c        0x4 build/timers.o
 .bss.pxOverflowTimerList
                0x20000c90        0x4 build/timers.o
 .bss.pxCurrentTimerList
                0x20000c94        0x4 build/timers.o
 .bss.xActiveTimerList2
                0x20000c98       0x14 build/timers.o
 .bss.xActiveTimerList1
                0x20000cac       0x14 build/timers.o
 .bss.Timer_Stack.0
                0x20000cc0      0x400 build/cmsis_os2.o
 .bss.Timer_TCB.1
                0x200010c0       0x5c build/cmsis_os2.o
 .bss.Idle_Stack.2
                0x2000111c      0x200 build/cmsis_os2.o
 .bss.Idle_TCB.3
                0x2000131c       0x5c build/cmsis_os2.o
 .bss.KernelState
                0x20001378        0x4 build/cmsis_os2.o
 .bss.xBlockAllocatedBit
                0x2000137c        0x4 build/heap_4.o
 .bss.xNumberOfSuccessfulFrees
                0x20001380        0x4 build/heap_4.o
 .bss.xNumberOfSuccessfulAllocations
                0x20001384        0x4 build/heap_4.o
 .bss.xMinimumEverFreeBytesRemaining
                0x20001388        0x4 build/heap_4.o
 .bss.xFreeBytesRemaining
                0x2000138c        0x4 build/heap_4.o
 .bss.pxEnd     0x20001390        0x4 build/heap_4.o
 .bss.xStart    0x20001394        0x8 build/heap_4.o
 .bss.ucHeap    0x2000139c     0x3c00 build/heap_4.o
 .bss.ulMaxPRIGROUPValue
                0x20004f9c        0x4 build/port.o
 .bss.ucMaxSysCallPriority
                0x20004fa0        0x1 build/port.o
 *fill*         0x20004fa1        0x3 
 .bss.__sbrk_heap_end
                0x20004fa4        0x4 build/sysmem.o
 .bss.hi2c1     0x20004fa8       0x54 build/i2c.o
                0x20004fa8                hi2c1
 .bss.huart2    0x20004ffc       0x48 build/usart.o
                0x20004ffc                huart2
 .bss.__sf      0x20005044      0x138 /Applications/STM32CubeIDE.app/Contents/Eclipse/plugins/com.st.stm32cube.ide.mcu.externaltools.gnu-tools-for-stm32.13.3.rel1.macos64_1.0.0.202411102158/tools/bin/../lib/gcc/arm-none-eabi/13.3.1/../../../../arm-none-eabi/lib/thumb/v7e-m+fp/hard/libc_nano.a(libc_a-findfp.o)
                0x20005044                __sf
 .bss.__stdio_exit_handler
                0x2000517c        0x4 /Applications/STM32CubeIDE.app/Contents/Eclipse/plugins/com.st.stm32cube.ide.mcu.externaltools.gnu-tools-for-stm32.13.3.rel1.macos64_1.0.0.202411102158/tools/bin/../lib/gcc/arm-none-eabi/13.3.1/../../../../arm-none-eabi/lib/thumb/v7e-m+fp/hard/libc_nano.a(libc_a-findfp.o)
                0x2000517c                __stdio_exit_handler
 .bss.__lock___malloc_recursive_mutex
                0x20005180        0x1 /Applications/STM32CubeIDE.app/Contents/Eclipse/plugins/com.st.stm32cube.ide.mcu.externaltools.gnu-tools-for-stm32.13.3.rel1.macos64_1.0.0.202411102158/tools/bin/../lib/gcc/arm-none-eabi/13.3.1/../../../../arm-none-eabi/lib/thumb/v7e-m+fp/hard/libc_nano.a(libc_a-lock.o)
                0x20005180                __lock___malloc_recursive_mutex
 .bss.__lock___sfp_recursive_mutex
                0x20005181        0x1 /Applications/STM32CubeIDE.app/Contents/Eclipse/plugins/com.st.stm32cube.ide.mcu.externaltools.gnu-tools-for-stm32.13.3.rel1.macos64_1.0.0.202411102158/tools/bin/../lib/gcc/arm-none-eabi/13.3.1/../../../../arm-none-eabi/lib/thumb/v7e-m+fp/hard/libc_nano.a(libc_a-lock.o)
                0x20005181                __lock___sfp_recursive_mutex
 *fill*         0x20005182        0x2 
 .bss.__malloc_sbrk_start
                0x20005184        0x4 /Applications/STM32CubeIDE.app/Contents/Eclipse/plugins/com.st.stm32cube.ide.mcu.externaltools.gnu-tools-for-stm32.13.3.rel1.macos64_1.0.0.202411102158/tools/bin/../lib/gcc/arm-none-eabi/13.3.1/../../../../arm-none-eabi/lib/thumb/v7e-m+fp/hard/libc_nano.a(libc_a-mallocr.o)
                0x20005184                __malloc_sbrk_start
 .bss.__malloc_free_list
                0x20005188        0x4 /Applications/STM32CubeIDE.app/Contents/Eclipse/plugins/com.st.stm32cube.ide.mcu.externaltools.gnu-tools-for-stm32.13.3.rel1.macos64_1.0.0.202411102158/tools/bin/../lib/gcc/arm-none-eabi/13.3.1/../../../../arm-none-eabi/lib/thumb/v7e-m+fp/hard/libc_nano.a(libc_a-mallocr.o)
                0x20005188                __malloc_free_list
 .bss.errno     0x2000518c        0x4 /Applications/STM32CubeIDE.app/Contents/Eclipse/plugins/com.st.stm32cube.ide.mcu.externaltools.gnu-tools-for-stm32.13.3.rel1.macos64_1.0.0.202411102158/tools/bin/../lib/gcc/arm-none-eabi/13.3.1/../../../../arm-none-eabi/lib/thumb/v7e-m+fp/hard/libc_nano.a(libc_a-reent.o)
                0x2000518c                errno
 *(COMMON)
                0x20005190                        . = ALIGN (0x4)
                0x20005190                        _ebss = .
                0x20005190                        __bss_end__ = _ebss

._user_heap_stack
                0x20005190      0x600 load address 0x0804a214
                0x20005190                        . = ALIGN (0x8)
                [!provide]                        PROVIDE (end = .)
                0x20005190                        PROVIDE (_end = .)
                0x20005390                        . = (. + _Min_Heap_Size)
 *fill*         0x20005190      0x200 
                0x20005790                        . = (. + _Min_Stack_Size)
 *fill*         0x20005390      0x400 
                0x20005790                        . = ALIGN (0x8)

/DISCARD/
 libc.a(*)
 libm.a(*)
 libgcc.a(*)
OUTPUT(build/freertosembeddedProj.elf elf32-littlearm)
LOAD linker stubs
LOAD /Applications/STM32CubeIDE.app/Contents/Eclipse/plugins/com.st.stm32cube.ide.mcu.externaltools.gnu-tools-for-stm32.13.3.rel1.macos64_1.0.0.202411102158/tools/bin/../lib/gcc/arm-none-eabi/13.3.1/../../../../arm-none-eabi/lib/thumb/v7e-m+fp/hard/libc.a
LOAD /Applications/STM32CubeIDE.app/Contents/Eclipse/plugins/com.st.stm32cube.ide.mcu.externaltools.gnu-tools-for-stm32.13.3.rel1.macos64_1.0.0.202411102158/tools/bin/../lib/gcc/arm-none-eabi/13.3.1/../../../../arm-none-eabi/lib/thumb/v7e-m+fp/hard/libm.a
LOAD /Applications/STM32CubeIDE.app/Contents/Eclipse/plugins/com.st.stm32cube.ide.mcu.externaltools.gnu-tools-for-stm32.13.3.rel1.macos64_1.0.0.202411102158/tools/bin/../lib/gcc/arm-none-eabi/13.3.1/thumb/v7e-m+fp/hard/libgcc.a

.ARM.attributes
                0x00000000       0x30
 .ARM.attributes
                0x00000000       0x22 /Applications/STM32CubeIDE.app/Contents/Eclipse/plugins/com.st.stm32cube.ide.mcu.externaltools.gnu-tools-for-stm32.13.3.rel1.macos64_1.0.0.202411102158/tools/bin/../lib/gcc/arm-none-eabi/13.3.1/thumb/v7e-m+fp/hard/crti.o
 .ARM.attributes
                0x00000022       0x34 /Applications/STM32CubeIDE.app/Contents/Eclipse/plugins/com.st.stm32cube.ide.mcu.externaltools.gnu-tools-for-stm32.13.3.rel1.macos64_1.0.0.202411102158/tools/bin/../lib/gcc/arm-none-eabi/13.3.1/thumb/v7e-m+fp/hard/crtbegin.o
 .ARM.attributes
                0x00000056       0x34 build/main.o
 .ARM.attributes
                0x0000008a       0x34 build/gpio.o
 .ARM.attributes
                0x000000be       0x34 build/freertos.o
 .ARM.attributes
                0x000000f2       0x34 build/stm32f4xx_it.o
 .ARM.attributes
                0x00000126       0x34 build/stm32f4xx_hal_msp.o
 .ARM.attributes
                0x0000015a       0x34 build/stm32f4xx_hal_timebase_tim.o
 .ARM.attributes
                0x0000018e       0x34 build/font_ascii.o
 .ARM.attributes
                0x000001c2       0x34 build/font_hangul.o
 .ARM.attributes
                0x000001f6       0x34 build/ssd1306_font.o
 .ARM.attributes
                0x0000022a       0x34 build/ssd1306.o
 .ARM.attributes
                0x0000025e       0x34 build/stm32f4xx_hal_tim.o
 .ARM.attributes
                0x00000292       0x34 build/stm32f4xx_hal_tim_ex.o
 .ARM.attributes
                0x000002c6       0x34 build/stm32f4xx_hal_rcc.o
 .ARM.attributes
                0x000002fa       0x34 build/stm32f4xx_hal_gpio.o
 .ARM.attributes
                0x0000032e       0x34 build/stm32f4xx_hal_cortex.o
 .ARM.attributes
                0x00000362       0x34 build/stm32f4xx_hal.o
 .ARM.attributes
                0x00000396       0x34 build/system_stm32f4xx.o
 .ARM.attributes
                0x000003ca       0x34 build/list.o
 .ARM.attributes
                0x000003fe       0x34 build/queue.o
 .ARM.attributes
                0x00000432       0x34 build/tasks.o
 .ARM.attributes
                0x00000466       0x34 build/timers.o
 .ARM.attributes
                0x0000049a       0x34 build/cmsis_os2.o
 .ARM.attributes
                0x000004ce       0x34 build/heap_4.o
 .ARM.attributes
                0x00000502       0x34 build/port.o
 .ARM.attributes
                0x00000536       0x34 build/sysmem.o
 .ARM.attributes
                0x0000056a       0x34 build/syscalls.o
 .ARM.attributes
                0x0000059e       0x34 build/i2c.o
 .ARM.attributes
                0x000005d2       0x34 build/stm32f4xx_hal_i2c.o
 .ARM.attributes
                0x00000606       0x34 build/usart.o
 .ARM.attributes
                0x0000063a       0x34 build/stm32f4xx_hal_uart.o
 .ARM.attributes
                0x0000066e       0x21 build/startup_stm32f411xe.o
 .ARM.attributes
                0x0000068f       0x34 /Applications/STM32CubeIDE.app/Contents/Eclipse/plugins/com.st.stm32cube.ide.mcu.externaltools.gnu-tools-for-stm32.13.3.rel1.macos64_1.0.0.202411102158/tools/bin/../lib/gcc/arm-none-eabi/13.3.1/../../../../arm-none-eabi/lib/thumb/v7e-m+fp/hard/libc_nano.a(libc_a-nano-vfprintf_float.o)
 .ARM.attributes
                0x000006c3       0x34 /Applications/STM32CubeIDE.app/Contents/Eclipse/plugins/com.st.stm32cube.ide.mcu.externaltools.gnu-tools-for-stm32.13.3.rel1.macos64_1.0.0.202411102158/tools/bin/../lib/gcc/arm-none-eabi/13.3.1/../../../../arm-none-eabi/lib/thumb/v7e-m+fp/hard/libc_nano.a(libc_a-nano-vfprintf_i.o)
 .ARM.attributes
                0x000006f7       0x34 /Applications/STM32CubeIDE.app/Contents/Eclipse/plugins/com.st.stm32cube.ide.mcu.externaltools.gnu-tools-for-stm32.13.3.rel1.macos64_1.0.0.202411102158/tools/bin/../lib/gcc/arm-none-eabi/13.3.1/../../../../arm-none-eabi/lib/thumb/v7e-m+fp/hard/libc_nano.a(libc_a-sprintf.o)
 .ARM.attributes
                0x0000072b       0x34 /Applications/STM32CubeIDE.app/Contents/Eclipse/plugins/com.st.stm32cube.ide.mcu.externaltools.gnu-tools-for-stm32.13.3.rel1.macos64_1.0.0.202411102158/tools/bin/../lib/gcc/arm-none-eabi/13.3.1/../../../../arm-none-eabi/lib/thumb/v7e-m+fp/hard/libc_nano.a(libc_a-findfp.o)
 .ARM.attributes
                0x0000075f       0x34 /Applications/STM32CubeIDE.app/Contents/Eclipse/plugins/com.st.stm32cube.ide.mcu.externaltools.gnu-tools-for-stm32.13.3.rel1.macos64_1.0.0.202411102158/tools/bin/../lib/gcc/arm-none-eabi/13.3.1/../../../../arm-none-eabi/lib/thumb/v7e-m+fp/hard/libc_nano.a(libc_a-fwalk.o)
 .ARM.attributes