Archive member included to satisfy reference by file (symbol)

/Applications/STM32CubeIDE.app/Contents/Eclipse/plugins/com.st.stm32cube.ide.mcu.externaltools.gnu-tools-for-stm32.13.3.rel1.macos64_1.0.0.202411102158/tools/bin/../lib/gcc/arm-none-eabi/13.3.1/../../../../arm-none-eabi/lib/thumb/v7e-m+fp/hard/libc_nano.a(libc_a-assert.o)
                              build/qrcodegen.o (__assert_func)
/Applications/STM32CubeIDE.app/Contents/Eclipse/plugins/com.st.stm32cube.ide.mcu.externaltools.gnu-tools-for-stm32.13.3.rel1.macos64_1.0.0.202411102158/tools/bin/../lib/gcc/arm-none-eabi/13.3.1/../../../../arm-none-eabi/lib/thumb/v7e-m+fp/hard/libc_nano.a(libc_a-exit.o)
                              /Applications/STM32CubeIDE.app/Contents/Eclipse/plugins/com.st.stm32cube.ide.mcu.externaltools.gnu-tools-for-stm32.13.3.rel1.macos64_1.0.0.202411102158/tools/bin/../lib/gcc/arm-none-eabi/13.3.1/../../../../arm-none-eabi/lib/thumb/v7e-m+fp/hard/crt0.o (exit)
/Applications/STM32CubeIDE.app/Contents/Eclipse/plugins/com.st.stm32cube.ide.mcu.externaltools.gnu-tools-for-stm32.13.3.rel1.macos64_1.0.0.202411102158/tools/bin/../lib/gcc/arm-none-eabi/13.3.1/../../../../arm-none-eabi/lib/thumb/v7e-m+fp/hard/libc_nano.a(libc_a-nano-vfprintf_float.o)
                              (_printf_float)
/Applications/STM32CubeIDE.app/Contents/Eclipse/plugins/com.st.stm32cube.ide.mcu.externaltools.gnu-tools-for-stm32.13.3.rel1.macos64_1.0.0.202411102158/tools/bin/../lib/gcc/arm-none-eabi/13.3.1/../../../../arm-none-eabi/lib/thumb/v7e-m+fp/hard/libc_nano.a(libc_a-nano-vfprintf_i.o)
                              /Applications/STM32CubeIDE.app/Contents/Eclipse/plugins/com.st.stm32cube.ide.mcu.externaltools.gnu-tools-for-stm32.13.3.rel1.macos64_1.0.0.202411102158/tools/bin/../lib/gcc/arm-none-eabi/13.3.1/../../../../arm-none-eabi/lib/thumb/v7e-m+fp/hard/libc_nano.a(libc_a-nano-vfprintf_float.o) (_printf_common)
/Applications/STM32CubeIDE.app/Contents/Eclipse/plugins/com.st.stm32cube.ide.mcu.externaltools.gnu-tools-for-stm32.13.3.rel1.macos64_1.0.0.202411102158/tools/bin/../lib/gcc/arm-none-eabi/13.3.1/../../../../arm-none-eabi/lib/thumb/v7e-m+fp/hard/libc_nano.a(libc_a-findfp.o)
                              /Applications/STM32CubeIDE.app/Contents/Eclipse/plugins/com.st.stm32cube.ide.mcu.externaltools.gnu-tools-for-stm32.13.3.rel1.macos64_1.0.0.202411102158/tools/bin/../lib/gcc/arm-none-eabi/13.3.1/../../../../arm-none-eabi/lib/thumb/v7e-m+fp/hard/libc_nano.a(libc_a-exit.o) (__stdio_exit_handler)
/Applications/STM32CubeIDE.app/Contents/Eclipse/plugins/com.st.stm32cube.ide.mcu.externaltools.gnu-tools-for-stm32.13.3.rel1.macos64_1.0.0.202411102158/tools/bin/../lib/gcc/arm-none-eabi/13.3.1/../../../../arm-none-eabi/lib/thumb/v7e-m+fp/hard/libc_nano.a(libc_a-fprintf.o)
                              /Applications/STM32CubeIDE.app/Contents/Eclipse/plugins/com.st.stm32cube.ide.mcu.externaltools.gnu-tools-for-stm32.13.3.rel1.macos64_1.0.0.202411102158/tools/bin/../lib/gcc/arm-none-eabi/13.3.1/../../../../arm-none-eabi/lib/thumb/v7e-m+fp/hard/libc_nano.a(libc_a-assert.o) (fiprintf)
/Applications/STM32CubeIDE.app/Contents/Eclipse/plugins/com.st.stm32cube.ide.mcu.externaltools.gnu-tools-for-stm32.13.3.rel1.macos64_1.0.0.202411102158/tools/bin/../lib/gcc/arm-none-eabi/13.3.1/../../../../arm-none-eabi/lib/thumb/v7e-m+fp/hard/libc_nano.a(libc_a-fwalk.o)
                              /Applications/STM32CubeIDE.app/Contents/Eclipse/plugins/com.st.stm32cube.ide.mcu.externaltools.gnu-tools-for-stm32.13.3.rel1.macos64_1.0.0.202411102158/tools/bin/../lib/gcc/arm-none-eabi/13.3.1/../../../../arm-none-eabi/lib/thumb/v7e-m+fp/hard/libc_nano.a(libc_a-findfp.o) (_fwalk_sglue)
/Applications/STM32CubeIDE.app/Contents/Eclipse/plugins/com.st.stm32cube.ide.mcu.externaltools.gnu-tools-for-stm32.13.3.rel1.macos64_1.0.0.202411102158/tools/bin/../lib/gcc/arm-none-eabi/13.3.1/../../../../arm-none-eabi/lib/thumb/v7e-m+fp/hard/libc_nano.a(libc_a-memmove.o)
                              build/qrcodegen.o (memmove)
/Applications/STM32CubeIDE.app/Contents/Eclipse/plugins/com.st.stm32cube.ide.mcu.externaltools.gnu-tools-for-stm32.13.3.rel1.macos64_1.0.0.202411102158/tools/bin/../lib/gcc/arm-none-eabi/13.3.1/../../../../arm-none-eabi/lib/thumb/v7e-m+fp/hard/libc_nano.a(libc_a-memset.o)
                              /Applications/STM32CubeIDE.app/Contents/Eclipse/plugins/com.st.stm32cube.ide.mcu.externaltools.gnu-tools-for-stm32.13.3.rel1.macos64_1.0.0.202411102158/tools/bin/../lib/gcc/arm-none-eabi/13.3.1/../../../../arm-none-eabi/lib/thumb/v7e-m+fp/hard/crt0.o (memset)
/Applications/STM32CubeIDE.app/Contents/Eclipse/plugins/com.st.stm32cube.ide.mcu.externaltools.gnu-tools-for-stm32.13.3.rel1.macos64_1.0.0.202411102158/tools/bin/../lib/gcc/arm-none-eabi/13.3.1/../../../../arm-none-eabi/lib/thumb/v7e-m+fp/hard/libc_nano.a(libc_a-strchr.o)
                              build/qrcodegen.o (strchr)
[...]
Memory Configuration

Name             Origin             Length             Attributes
RAM              0x20000000         0x00020000         xrw
FLASH            0x08000000         0x00080000         xr
*default*        0x00000000         0xffffffff

Linker script and memory map

LOAD /Applications/STM32CubeIDE.app/Contents/Eclipse/plugins/com.st.stm32cube.ide.mcu.externaltools.gnu-tools-for-stm32.13.3.rel1.macos64_1.0.0.202411102158/tools/bin/../lib/gcc/arm-none-eabi/13.3.1/thumb/v7e-m+fp/hard/crti.o
LOAD /Applications/STM32CubeIDE.app/Contents/Eclipse/plugins/com.st.stm32cube.ide.mcu.externaltools.gnu-tools-for-stm32.13.3.rel1.macos64_1.0.0.202411102158/tools/bin/../lib/gcc/arm-none-eabi/13.3.1/thumb/v7e-m+fp/hard/crtbegin.o
LOAD /Applications/STM32CubeIDE.app/Contents/Eclipse/plugins/com.st.stm32cube.ide.mcu.externaltools.gnu-tools-for-stm32.13.3.rel1.macos64_1.0.0.202411102158/tools/bin/../lib/gcc/arm-none-eabi/13.3.1/../../../../arm-none-eabi/lib/thumb/v7e-m+fp/hard/crt0.o
LOAD build/main.o
LOAD build/gpio.o
LOAD build/freertos.o
LOAD build/stm32f4xx_it.o
LOAD build/stm32f4xx_hal_msp.o
LOAD build/stm32f4xx_hal_timebase_tim.o
LOAD build/font_ascii.o
LOAD build/font_hangul.o
LOAD build/ssd1306_font.o
LOAD build/ssd1306.o
LOAD build/makeqrcode.o
LOAD build/qrcodegen.o
LOAD build/stm32f4xx_hal_tim.o
LOAD build/stm32f4xx_hal_tim_ex.o
LOAD build/stm32f4xx_hal_rcc.o
LOAD build/stm32f4xx_hal_rcc_ex.o
LOAD build/stm32f4xx_hal_flash.o
LOAD build/stm32f4xx_hal_flash_ex.o
LOAD build/stm32f4xx_hal_flash_ramfunc.o
LOAD build/stm32f4xx_hal_gpio.o
LOAD build/stm32f4xx_hal_dma_ex.o
LOAD build/stm32f4xx_hal_dma.o
LOAD build/stm32f4xx_hal_pwr.o
LOAD build/stm32f4xx_hal_pwr_ex.o
LOAD build/stm32f4xx_hal_cortex.o
LOAD build/stm32f4xx_hal.o
LOAD build/stm32f4xx_hal_exti.o
LOAD build/system_stm32f4xx.o
LOAD build/croutine.o
LOAD build/event_groups.o
LOAD build/list.o
LOAD build/queue.o
LOAD build/stream_buffer.o
LOAD build/tasks.o
LOAD build/timers.o
LOAD build/cmsis_os2.o
LOAD build/heap_4.o
LOAD build/port.o
LOAD build/sysmem.o
LOAD build/syscalls.o
LOAD build/i2c.o
LOAD build/stm32f4xx_hal_i2c.o
LOAD build/stm32f4xx_hal_i2c_ex.o
LOAD build/usart.o
LOAD build/stm32f4xx_hal_uart.o
LOAD build/startup_stm32f411xe.o
LOAD /Applications/STM32CubeIDE.app/Contents/Eclipse/plugins/com.st.stm32cube.ide.mcu.externaltools.gnu-tools-for-stm32.13.3.rel1.macos64_1.0.0.202411102158/tools/bin/../lib/gcc/arm-none-eabi/13.3.1/../../../../arm-none-eabi/lib/thumb/v7e-m+fp/hard/libc_nano.a
LOAD /Applications/STM32CubeIDE.app/Contents/Eclipse/plugins/com.st.stm32cube.ide.mcu.externaltools.gnu-tools-for-stm32.13.3.rel1.macos64_1.0.0.202411102158/tools/bin/../lib/gcc/arm-none-eabi/13.3.1/../../../../arm-none-eabi/lib/thumb/v7e-m+fp/hard/libm.a
LOAD /Applications/STM32CubeIDE.app/Contents/Eclipse/plugins/com.st.stm32cube.ide.mcu.externaltools.gnu-tools-for-stm32.13.3.rel1.macos64_1.0.0.202411102158/tools/bin/../lib/gcc/arm-none-eabi/13.3.1/../../../../arm-none-eabi/lib/thumb/v7e-m+fp/hard/libnosys.a
START GROUP
LOAD /Applications/STM32CubeIDE.app/Contents/Eclipse/plugins/com.st.stm32cube.ide.mcu.externaltools.gnu-tools-for-stm32.13.3.rel1.macos64_1.0.0.202411102158/tools/bin/../lib/gcc/arm-none-eabi/13.3.1/thumb/v7e-m+fp/hard/libgcc.a
LOAD /Applications/STM32CubeIDE.app/Contents/Eclipse/plugins/com.st.stm32cube.ide.mcu.externaltools.gnu-tools-for-stm32.13.3.rel1.macos64_1.0.0.202411102158/tools/bin/../lib/gcc/arm-none-eabi/13.3.1/../../../../arm-none-eabi/lib/thumb/v7e-m+fp/hard/libc_nano.a
END GROUP
START GROUP
LOAD /Applications/STM32CubeIDE.app/Contents/Eclipse/plugins/com.st.stm32cube.ide.mcu.externaltools.gnu-tools-for-stm32.13.3.rel1.macos64_1.0.0.202411102158/tools/bin/../lib/gcc/arm-none-eabi/13.3.1/thumb/v7e-m+fp/hard/libgcc.a
LOAD /Applications/STM32CubeIDE.app/Contents/Eclipse/plugins/com.st.stm32cube.ide.mcu.externaltools.gnu-tools-for-stm32.13.3.rel1.macos64_1.0.0.202411102158/tools/bin/../lib/gcc/arm-none-eabi/13.3.1/../../../../arm-none-eabi/lib/thumb/v7e-m+fp/hard/libc_nano.a
END GROUP
LOAD /Applications/STM32CubeIDE.app/Contents/Eclipse/plugins/com.st.stm32cube.ide.mcu.externaltools.gnu-tools-for-stm32.13.3.rel1.macos64_1.0.0.202411102158/tools/bin/../lib/gcc/arm-none-eabi/13.3.1/thumb/v7e-m+fp/hard/crtend.o
LOAD /Applications/STM32CubeIDE.app/Contents/Eclipse/plugins/com.st.stm32cube.ide.mcu.externaltools.gnu-tools-for-stm32.13.3.rel1.macos64_1.0.0.202411102158/tools/bin/../lib/gcc/arm-none-eabi/13.3.1/thumb/v7e-m+fp/hard/crtn.o
                0x20020000                        _estack = (ORIGIN (RAM) + LENGTH (RAM))
                0x00000200                        _Min_Heap_Size = 0x200
                0x00000400                        _Min_Stack_Size = 0x400

.isr_vector     0x08000000      0x198
                0x08000000                        . = ALIGN (0x4)
 *(.isr_vector)
 .isr_vector    0x08000000      0x198 build/startup_stm32f411xe.o
                0x08000000                g_pfnVectors
                0x08000198                        . = ALIGN (0x4)

.text           0x080001a0     0x8ae4
                0x080001a0                        . = ALIGN (0x4)
 *(.text)
 .text          0x080001a0       0x40 /Applications/STM32CubeIDE.app/Contents/Eclipse/plugins/com.st.stm32cube.ide.mcu.externaltools.gnu-tools-for-stm32.13.3.rel1.macos64_1.0.0.202411102158/tools/bin/../lib/gcc/arm-none-eabi/13.3.1/thumb/v7e-m+fp/hard/crtbegin.o
 .text          0x080001e0       0xa0 /Applications/STM32CubeIDE.app/Contents/Eclipse/plugins/com.st.stm32cube.ide.mcu.externaltools.gnu-tools-for-stm32.13.3.rel1.macos64_1.0.0.202411102158/tools/bin/../lib/gcc/arm-none-eabi/13.3.1/../../../../arm-none-eabi/lib/thumb/v7e-m+fp/hard/libc_nano.a(libc_a-memchr.o)
                0x080001e0                memchr
 .text          0x08000280       0x10 /Applications/STM32CubeIDE.app/Contents/Eclipse/plugins/com.st.stm32cube.ide.mcu.externaltools.gnu-tools-for-stm32.13.3.rel1.macos64_1.0.0.202411102158/tools/bin/../lib/gcc/arm-none-eabi/13.3.1/../../../../arm-none-eabi/lib/thumb/v7e-m+fp/hard/libc_nano.a(libc_a-strlen.o)
                0x08000280                strlen
 .text          0x08000290      0x378 /Applications/STM32CubeIDE.app/Contents/Eclipse/plugins/com.st.stm32cube.ide.mcu.externaltools.gnu-tools-for-stm32.13.3.rel1.macos64_1.0.0.202411102158/tools/bin/../lib/gcc/arm-none-eabi/13.3.1/thumb/v7e-m+fp/hard/libgcc.a(_arm_addsubdf3.o)
                0x08000290                __aeabi_drsub
                0x08000298                __subdf3
                0x08000298                __aeabi_dsub
                0x0800029c                __aeabi_dadd
                0x0800029c                __adddf3
                0x08000514                __aeabi_ui2d
                0x08000514                __floatunsidf
                0x08000534                __floatsidf
                0x08000534                __aeabi_i2d
                0x08000558                __extendsfdf2
                0x08000558                __aeabi_f2d
                0x0800059c                __aeabi_ul2d
                0x0800059c                __floatundidf
                0x080005ac                __aeabi_l2d
                0x080005ac                __floatdidf
 .text          0x08000608      0x424 /Applications/STM32CubeIDE.app/Contents/Eclipse/plugins/com.st.stm32cube.ide.mcu.externaltools.gnu-tools-for-stm32.13.3.rel1.macos64_1.0.0.202411102158/tools/bin/../lib/gcc/arm-none-eabi/13.3.1/thumb/v7e-m+fp/hard/libgcc.a(_arm_muldivdf3.o)
                0x08000608                __aeabi_dmul
                0x08000608                __muldf3
                0x0800085c                __aeabi_ddiv
                0x0800085c                __divdf3
 .text          0x08000a2c      0x110 /Applications/STM32CubeIDE.app/Contents/Eclipse/plugins/com.st.stm32cube.ide.mcu.externaltools.gnu-tools-for-stm32.13.3.rel1.macos64_1.0.0.202411102158/tools/bin/../lib/gcc/arm-none-eabi/13.3.1/thumb/v7e-m+fp/hard/libgcc.a(_arm_cmpdf2.o)
                0x08000a2c                __gedf2
                0x08000a2c                __gtdf2
                0x08000a34                __ledf2
                0x08000a34                __ltdf2
                0x08000a3c                __cmpdf2
                0x08000a3c                __eqdf2
                0x08000a3c                __nedf2
                0x08000ab8                __aeabi_cdrcmple
                0x08000ac8                __aeabi_cdcmple
                0x08000ac8                __aeabi_cdcmpeq
                0x08000ad8                __aeabi_dcmpeq
                0x08000aec                __aeabi_dcmplt
                0x08000b00                __aeabi_dcmple
                0x08000b14                __aeabi_dcmpge
                0x08000b28                __aeabi_dcmpgt
 .text          0x08000b3c       0x2c /Applications/STM32CubeIDE.app/Contents/Eclipse/plugins/com.st.stm32cube.ide.mcu.externaltools.gnu-tools-for-stm32.13.3.rel1.macos64_1.0.0.202411102158/tools/bin/../lib/gcc/arm-none-eabi/13.3.1/thumb/v7e-m+fp/hard/libgcc.a(_arm_unorddf2.o)
                0x08000b3c                __aeabi_dcmpun
                0x08000b3c                __unorddf2
 .text          0x08000b68       0x50 /Applications/STM32CubeIDE.app/Contents/Eclipse/plugins/com.st.stm32cube.ide.mcu.externaltools.gnu-tools-for-stm32.13.3.rel1.macos64_1.0.0.202411102158/tools/bin/../lib/gcc/arm-none-eabi/13.3.1/thumb/v7e-m+fp/hard/libgcc.a(_arm_fixdfsi.o)
                0x08000b68                __fixdfsi
                0x08000b68                __aeabi_d2iz
 .text          0x08000bb8       0x30 /Applications/STM32CubeIDE.app/Contents/Eclipse/plugins/com.st.stm32cube.ide.mcu.externaltools.gnu-tools-for-stm32.13.3.rel1.macos64_1.0.0.202411102158/tools/bin/../lib/gcc/arm-none-eabi/13.3.1/thumb/v7e-m+fp/hard/libgcc.a(_aeabi_uldivmod.o)
                0x08000bb8                __aeabi_uldivmod
 .text          0x08000be8      0x2f8 /Applications/STM32CubeIDE.app/Contents/Eclipse/plugins/com.st.stm32cube.ide.mcu.externaltools.gnu-tools-for-stm32.13.3.rel1.macos64_1.0.0.202411102158/tools/bin/../lib/gcc/arm-none-eabi/13.3.1/thumb/v7e-m+fp/hard/libgcc.a(_udivmoddi4.o)
                0x08000be8                __udivmoddi4
 .text          0x08000ee0        0x4 /Applications/STM32CubeIDE.app/Contents/Eclipse/plugins/com.st.stm32cube.ide.mcu.externaltools.gnu-tools-for-stm32.13.3.rel1.macos64_1.0.0.202411102158/tools/bin/../lib/gcc/arm-none-eabi/13.3.1/thumb/v7e-m+fp/hard/libgcc.a(_dvmd_tls.o)
                0x08000ee0                __aeabi_ldiv0
                0x08000ee0                __aeabi_idiv0
 *(.text*)
 .text.HAL_TIM_PeriodElapsedCallback
                0x08000ee4       0x18 build/main.o
                0x08000ee4                HAL_TIM_PeriodElapsedCallback
 .text.Error_Handler
                0x08000efc        0x4 build/main.o
                0x08000efc                Error_Handler
 .text.SystemClock_Config
                0x08000f00       0xa0 build/main.o
                0x08000f00                SystemClock_Config
 .text.main     0x08000fa0       0x24 build/main.o
                0x08000fa0                main
 .text.MX_GPIO_Init
                0x08000fc4       0xa8 build/gpio.o
                0x08000fc4                MX_GPIO_Init
 .text.StartDefaultTask
                0x0800106c       0x84 build/freertos.o
                0x0800106c                StartDefaultTask
 .text.MX_FREERTOS_Init
                0x080010f0       0x20 build/freertos.o
                0x080010f0                MX_FREERTOS_Init
 .text.vApplicationIdleHook
                0x08001110       0x1c build/freertos.o
                0x08001110                vApplicationIdleHook
 .text.NMI_Handler
                0x0800112c        0x2 build/stm32f4xx_it.o
                0x0800112c                NMI_Handler
 .text.HardFault_Handler
                0x0800112e        0x2 build/stm32f4xx_it.o
                0x0800112e                HardFault_Handler
 .text.MemManage_Handler
                0x08001130        0x2 build/stm32f4xx_it.o
                0x08001130                MemManage_Handler
 .text.BusFault_Handler
                0x08001132        0x2 build/stm32f4xx_it.o
                0x08001132                BusFault_Handler
 .text.UsageFault_Handler
                0x08001134        0x2 build/stm32f4xx_it.o
                0x08001134                UsageFault_Handler
 .text.DebugMon_Handler
                0x08001136        0x2 build/stm32f4xx_it.o
                0x08001136                DebugMon_Handler
 .text.TIM1_UP_TIM10_IRQHandler
                0x08001138       0x10 build/stm32f4xx_it.o
                0x08001138                TIM1_UP_TIM10_IRQHandler
 .text.HAL_MspInit
                0x08001148       0x44 build/stm32f4xx_hal_msp.o
                0x08001148                HAL_MspInit
 .text.HAL_InitTick
                0x0800118c       0x94 build/stm32f4xx_hal_timebase_tim.o
                0x0800118c                HAL_InitTick
 .text.SSD1306_SetCursor
                0x08001220       0x14 build/ssd1306_font.o
                0x08001220                SSD1306_SetCursor
 .text.SSD1306_WriteCommand
                0x08001234       0x28 build/ssd1306.o
 .text.SSD1306_Init
                0x0800125c       0x76 build/ssd1306.o
                0x0800125c                SSD1306_Init
 *fill*         0x080012d2        0x2 
 .text.SSD1306_UpdateScreen
                0x080012d4       0x50 build/ssd1306.o
                0x080012d4                SSD1306_UpdateScreen
 .text.SSD1306_Fill
                0x08001324       0x1c build/ssd1306.o
                0x08001324                SSD1306_Fill
 .text.SSD1306_DrawPixel
                0x08001340       0x50 build/ssd1306.o
                0x08001340                SSD1306_DrawPixel
 .text.createQR
                0x08001390       0x30 build/makeqrcode.o
                0x08001390                createQR
 .text.renderQR
                0x080013c0       0x98 build/makeqrcode.o
                0x080013c0                renderQR
 .text.reedSolomonMultiply
                0x08001458       0x34 build/qrcodegen.o
 .text.getAlignmentPatternPositions
                0x0800148c       0x54 build/qrcodegen.o
 .text.getBit   0x080014e0        0x8 build/qrcodegen.o
 .text.calcSegmentBitLength
                0x080014e8       0x9c build/qrcodegen.o
 .text.numCharCountBits
                0x08001584       0x8c build/qrcodegen.o
 .text.getTotalBits
                0x08001610       0xd4 build/qrcodegen.o
 .text.appendBitsToBuffer
                0x080016e4       0x58 build/qrcodegen.o
 .text.getNumRawDataModules
                0x0800173c       0x80 build/qrcodegen.o
 .text.getNumDataCodewords
                0x080017bc       0x58 build/qrcodegen.o
 .text.getModuleBounded
                0x08001814       0x4c build/qrcodegen.o
 .text.setModuleBounded
                0x08001860       0x68 build/qrcodegen.o
 .text.setModuleUnbounded
                0x080018c8       0x1e build/qrcodegen.o
 .text.fillRectangle
                0x080018e6       0x36 build/qrcodegen.o
 .text.finderPenaltyCountPatterns
                0x0800191c       0x98 build/qrcodegen.o
 .text.reedSolomonComputeDivisor
                0x080019b4       0x7c build/qrcodegen.o
 .text.initializeFunctionModules
                0x08001a30       0xfe build/qrcodegen.o
 *fill*         0x08001b2e        0x2 
 .text.reedSolomonComputeRemainder
                0x08001b30       0x88 build/qrcodegen.o
 .text.addEccAndInterleave
                0x08001bb8       0xf4 build/qrcodegen.o
 .text.finderPenaltyAddHistory
                0x08001cac       0x1a build/qrcodegen.o
 .text.finderPenaltyTerminateAndCount
                0x08001cc6       0x30 build/qrcodegen.o
 *fill*         0x08001cf6        0x2 
 .text.qrcodegen_getSize
                0x08001cf8       0x3c build/qrcodegen.o
                0x08001cf8                qrcodegen_getSize
 .text.drawCodewords
                0x08001d34       0xcc build/qrcodegen.o
 .text.drawLightFunctionModules
                0x08001e00      0x1b4 build/qrcodegen.o
 .text.getPenaltyScore
                0x08001fb4      0x234 build/qrcodegen.o
 .text.applyMask
                0x080021e8      0x198 build/qrcodegen.o
 .text.drawFormatBits
                0x08002380      0x14c build/qrcodegen.o
 .text.qrcodegen_encodeSegmentsAdvanced
                0x080024cc      0x2cc build/qrcodegen.o
                0x080024cc                qrcodegen_encodeSegmentsAdvanced
 .text.qrcodegen_getModule
                0x08002798       0x54 build/qrcodegen.o
                0x08002798                qrcodegen_getModule
 .text.qrcodegen_isNumeric
                0x080027ec       0x38 build/qrcodegen.o
                0x080027ec                qrcodegen_isNumeric
 .text.qrcodegen_isAlphanumeric
                0x08002824       0x3c build/qrcodegen.o
                0x08002824                qrcodegen_isAlphanumeric
 .text.qrcodegen_calcSegmentBufferSize
                0x08002860       0x38 build/qrcodegen.o
                0x08002860                qrcodegen_calcSegmentBufferSize
 .text.qrcodegen_makeNumeric
                0x08002898       0xf8 build/qrcodegen.o
                0x08002898                qrcodegen_makeNumeric
 .text.qrcodegen_makeAlphanumeric
                0x08002990       0xfc build/qrcodegen.o
                0x08002990                qrcodegen_makeAlphanumeric
 .text.qrcodegen_encodeText
                0x08002a8c      0x100 build/qrcodegen.o
                0x08002a8c                qrcodegen_encodeText
 .text.HAL_TIM_Base_MspInit
                0x08002b8c        0x2 build/stm32f4xx_hal_tim.o
                0x08002b8c                HAL_TIM_Base_MspInit
 *fill*         0x08002b8e        0x2 
 .text.HAL_TIM_Base_Start_IT
                0x08002b90       0x78 build/stm32f4xx_hal_tim.o
                0x08002b90                HAL_TIM_Base_Start_IT
 .text.HAL_TIM_OC_DelayElapsedCallback
                0x08002c08        0x2 build/stm32f4xx_hal_tim.o
                0x08002c08                HAL_TIM_OC_DelayElapsedCallback
 .text.HAL_TIM_IC_CaptureCallback
                0x08002c0a        0x2 build/stm32f4xx_hal_tim.o
                0x08002c0a                HAL_TIM_IC_CaptureCallback
 .text.HAL_TIM_PWM_PulseFinishedCallback
                0x08002c0c        0x2 build/stm32f4xx_hal_tim.o
                0x08002c0c                HAL_TIM_PWM_PulseFinishedCallback
 .text.HAL_TIM_TriggerCallback
                0x08002c0e        0x2 build/stm32f4xx_hal_tim.o
                0x08002c0e                HAL_TIM_TriggerCallback
 .text.HAL_TIM_IRQHandler
                0x08002c10      0x15e build/stm32f4xx_hal_tim.o
                0x08002c10                HAL_TIM_IRQHandler
 *fill*         0x08002d6e        0x2 
 .text.TIM_Base_SetConfig
                0x08002d70       0xa4 build/stm32f4xx_hal_tim.o
                0x08002d70                TIM_Base_SetConfig
 .text.HAL_TIM_Base_Init
                0x08002e14       0x58 build/stm32f4xx_hal_tim.o
                0x08002e14                HAL_TIM_Base_Init
 .text.HAL_TIMEx_CommutCallback
                0x08002e6c        0x2 build/stm32f4xx_hal_tim_ex.o
                0x08002e6c                HAL_TIMEx_CommutCallback
 .text.HAL_TIMEx_BreakCallback
                0x08002e6e        0x2 build/stm32f4xx_hal_tim_ex.o
                0x08002e6e                HAL_TIMEx_BreakCallback
 .text.HAL_RCC_OscConfig
                0x08002e70      0x3f8 build/stm32f4xx_hal_rcc.o
                0x08002e70                HAL_RCC_OscConfig
 .text.HAL_RCC_GetSysClockFreq
                0x08003268       0xdc build/stm32f4xx_hal_rcc.o
                0x08003268                HAL_RCC_GetSysClockFreq
 .text.HAL_RCC_ClockConfig
                0x08003344      0x160 build/stm32f4xx_hal_rcc.o
                0x08003344                HAL_RCC_ClockConfig
 .text.HAL_RCC_GetHCLKFreq
                0x080034a4        0xc build/stm32f4xx_hal_rcc.o
                0x080034a4                HAL_RCC_GetHCLKFreq
 .text.HAL_RCC_GetPCLK1Freq
                0x080034b0       0x20 build/stm32f4xx_hal_rcc.o
                0x080034b0                HAL_RCC_GetPCLK1Freq
 .text.HAL_RCC_GetPCLK2Freq
                0x080034d0       0x20 build/stm32f4xx_hal_rcc.o
                0x080034d0                HAL_RCC_GetPCLK2Freq
 .text.HAL_RCC_GetClockConfig
                0x080034f0       0x3c build/stm32f4xx_hal_rcc.o
                0x080034f0                HAL_RCC_GetClockConfig
 .text.HAL_GPIO_Init
                0x0800352c      0x1c8 build/stm32f4xx_hal_gpio.o
                0x0800352c                HAL_GPIO_Init
 .text.HAL_GPIO_WritePin
                0x080036f4        0xc build/stm32f4xx_hal_gpio.o
                0x080036f4                HAL_GPIO_WritePin
 .text.__NVIC_EnableIRQ
                0x08003700       0x1c build/stm32f4xx_hal_cortex.o
 .text.__NVIC_SetPriority
                0x0800371c       0x28 build/stm32f4xx_hal_cortex.o
 .text.NVIC_EncodePriority
                0x08003744       0x3e build/stm32f4xx_hal_cortex.o
 *fill*         0x08003782        0x2 
 .text.HAL_NVIC_SetPriorityGrouping
                0x08003784       0x24 build/stm32f4xx_hal_cortex.o
                0x08003784                HAL_NVIC_SetPriorityGrouping
 .text.HAL_NVIC_SetPriority
                0x080037a8       0x20 build/stm32f4xx_hal_cortex.o
                0x080037a8                HAL_NVIC_SetPriority
 .text.HAL_NVIC_EnableIRQ
                0x080037c8        0x8 build/stm32f4xx_hal_cortex.o
                0x080037c8                HAL_NVIC_EnableIRQ
 .text.HAL_Init
                0x080037d0       0x34 build/stm32f4xx_hal.o
                0x080037d0                HAL_Init
 .text.HAL_IncTick
                0x08003804       0x18 build/stm32f4xx_hal.o
                0x08003804                HAL_IncTick
 .text.HAL_GetTick
                0x0800381c        0xc build/stm32f4xx_hal.o
                0x0800381c                HAL_GetTick
 .text.SystemInit
                0x08003828       0x14 build/system_stm32f4xx.o
                0x08003828                SystemInit
 .text.vListInitialise
                0x0800383c       0x16 build/list.o
                0x0800383c                vListInitialise
 .text.vListInitialiseItem
                0x08003852        0x6 build/list.o
                0x08003852                vListInitialiseItem
 .text.vListInsertEnd
                0x08003858       0x16 build/list.o
                0x08003858                vListInsertEnd
 .text.vListInsert
                0x0800386e       0x32 build/list.o
                0x0800386e                vListInsert
 .text.uxListRemove
                0x080038a0       0x26 build/list.o
                0x080038a0                uxListRemove
 .text.prvIsQueueFull
                0x080038c6       0x1e build/queue.o
 .text.prvIsQueueEmpty
                0x080038e4       0x1a build/queue.o
 .text.prvCopyDataToQueue
                0x080038fe       0x76 build/queue.o
 .text.prvCopyDataFromQueue
                0x08003974       0x24 build/queue.o
 .text.prvUnlockQueue
                0x08003998       0x6e build/queue.o
 .text.xQueueGenericReset
                0x08003a06       0x84 build/queue.o
                0x08003a06                xQueueGenericReset
 .text.prvInitialiseNewQueue
                0x08003a8a       0x22 build/queue.o
 .text.xQueueGenericCreateStatic
                0x08003aac       0x94 build/queue.o
                0x08003aac                xQueueGenericCreateStatic
 .text.xQueueGenericSend
                0x08003b40      0x188 build/queue.o
                0x08003b40                xQueueGenericSend
 .text.xQueueGenericSendFromISR
                0x08003cc8       0xce build/queue.o
                0x08003cc8                xQueueGenericSendFromISR
 .text.xQueueReceive
                0x08003d96      0x15e build/queue.o
                0x08003d96                xQueueReceive
 .text.vQueueAddToRegistry
                0x08003ef4       0x28 build/queue.o
                0x08003ef4                vQueueAddToRegistry
 .text.vQueueWaitForMessageRestricted
                0x08003f1c       0x52 build/queue.o
                0x08003f1c                vQueueWaitForMessageRestricted
 *fill*         0x08003f6e        0x2 
 .text.prvResetNextTaskUnblockTime
                0x08003f70       0x2c build/tasks.o
 .text.prvInitialiseNewTask
                0x08003f9c       0xa2 build/tasks.o
 *fill*         0x0800403e        0x2 
 .text.prvInitialiseTaskLists
                0x08004040       0x68 build/tasks.o
 .text.prvAddNewTaskToReadyList
                0x080040a8       0xac build/tasks.o
 .text.prvDeleteTCB
                0x08004154       0x38 build/tasks.o
 .text.prvCheckTasksWaitingTermination
                0x0800418c       0x4c build/tasks.o
 .text.prvAddCurrentTaskToDelayedList
                0x080041d8       0x7c build/tasks.o
 .text.prvIdleTask
                0x08004254       0x30 build/tasks.o
 .text.xTaskCreateStatic
                0x08004284       0x76 build/tasks.o
                0x08004284                xTaskCreateStatic
 .text.xTaskCreate
                0x080042fa       0x64 build/tasks.o
                0x080042fa                xTaskCreate
 *fill*         0x0800435e        0x2 
 .text.vTaskStartScheduler
                0x08004360       0x98 build/tasks.o
                0x08004360                vTaskStartScheduler
 .text.vTaskSuspendAll
                0x080043f8       0x10 build/tasks.o
                0x080043f8                vTaskSuspendAll
 .text.xTaskGetTickCount
                0x08004408        0xc build/tasks.o
                0x08004408                xTaskGetTickCount
 .text.xTaskGetTickCountFromISR
                0x08004414       0x10 build/tasks.o
                0x08004414                xTaskGetTickCountFromISR
 .text.xTaskIncrementTick
                0x08004424      0x118 build/tasks.o
                0x08004424                xTaskIncrementTick
 .text.xTaskResumeAll
                0x0800453c       0xf8 build/tasks.o
                0x0800453c                xTaskResumeAll
 .text.vTaskDelay
                0x08004634       0x4c build/tasks.o
                0x08004634                vTaskDelay
 .text.vTaskSwitchContext
                0x08004680       0x98 build/tasks.o
                0x08004680                vTaskSwitchContext
 .text.vTaskPlaceOnEventList
                0x08004718       0x30 build/tasks.o
                0x08004718                vTaskPlaceOnEventList
 .text.vTaskPlaceOnEventListRestricted
                0x08004748       0x38 build/tasks.o
                0x08004748                vTaskPlaceOnEventListRestricted
 .text.xTaskRemoveFromEventList
                0x08004780       0x8c build/tasks.o
                0x08004780                xTaskRemoveFromEventList
 .text.vTaskInternalSetTimeOutState
                0x0800480c       0x18 build/tasks.o
                0x0800480c                vTaskInternalSetTimeOutState
 .text.xTaskCheckForTimeOut
                0x08004824       0x84 build/tasks.o
                0x08004824                xTaskCheckForTimeOut
 .text.vTaskMissedYield
                0x080048a8        0xc build/tasks.o
                0x080048a8                vTaskMissedYield
 .text.xTaskGetSchedulerState
                0x080048b4       0x20 build/tasks.o
                0x080048b4                xTaskGetSchedulerState
 .text.xTaskPriorityDisinherit
                0x080048d4       0x90 build/tasks.o
                0x080048d4                xTaskPriorityDisinherit
 .text.prvGetNextExpireTime
                0x08004964       0x20 build/timers.o
 .text.prvInsertTimerInActiveList
                0x08004984       0x48 build/timers.o
 .text.prvCheckForValidListAndQueue
                0x080049cc       0x70 build/timers.o
 .text.xTimerCreateTimerTask
                0x08004a3c       0x64 build/timers.o
                0x08004a3c                xTimerCreateTimerTask
 .text.xTimerGenericCommand
                0x08004aa0       0x6c build/timers.o
                0x08004aa0                xTimerGenericCommand
 .text.prvSwitchTimerLists
                0x08004b0c       0x7c build/timers.o
 .text.prvSampleTimeNow
                0x08004b88       0x2c build/timers.o
 .text.prvProcessExpiredTimer
                0x08004bb4       0x6c build/timers.o
 .text.prvProcessTimerOrBlockTask
                0x08004c20       0x74 build/timers.o
 .text.prvProcessReceivedCommands
                0x08004c94      0x10c build/timers.o
 .text.prvTimerTask
                0x08004da0       0x16 build/timers.o
 .text.SysTick_Handler
                0x08004db6       0x18 build/cmsis_os2.o
                0x08004db6                SysTick_Handler
 *fill*         0x08004dce        0x2 
 .text.osKernelInitialize
                0x08004dd0       0x24 build/cmsis_os2.o
                0x08004dd0                osKernelInitialize
 .text.osKernelStart
                0x08004df4       0x38 build/cmsis_os2.o
                0x08004df4                osKernelStart
 .text.osKernelGetTickCount
                0x08004e2c       0x14 build/cmsis_os2.o
                0x08004e2c                osKernelGetTickCount
 .text.osThreadNew
                0x08004e40       0xb4 build/cmsis_os2.o
                0x08004e40                osThreadNew
 .text.osDelay  0x08004ef4       0x1c build/cmsis_os2.o
                0x08004ef4                osDelay
 .text.vApplicationGetIdleTaskMemory
                0x08004f10       0x18 build/cmsis_os2.o
                0x08004f10                vApplicationGetIdleTaskMemory
 .text.vApplicationGetTimerTaskMemory
                0x08004f28       0x18 build/cmsis_os2.o
                0x08004f28                vApplicationGetTimerTaskMemory
 .text.prvHeapInit
                0x08004f40       0x64 build/heap_4.o
 .text.prvInsertBlockIntoFreeList
                0x08004fa4       0x64 build/heap_4.o
 .text.pvPortMalloc
                0x08005008      0x104 build/heap_4.o
                0x08005008                pvPortMalloc
 .text.vPortFree
                0x0800510c       0x7c build/heap_4.o
                0x0800510c                vPortFree
 .text.prvTaskExitError
                0x08005188       0x40 build/port.o
 .text.prvPortStartFirstTask
                0x080051c8       0x28 build/port.o
 .text.vPortEnableVFP
                0x080051f0       0x14 build/port.o
 .text.pxPortInitialiseStack
                0x08005204       0x2c build/port.o
                0x08005204                pxPortInitialiseStack
 .text.SVC_Handler
                0x08005230       0x24 build/port.o
                0x08005230                SVC_Handler
 .text.vPortEnterCritical
                0x08005254       0x44 build/port.o
                0x08005254                vPortEnterCritical
 .text.vPortExitCritical
                0x08005298       0x2c build/port.o
                0x08005298                vPortExitCritical
 *fill*         0x080052c4        0xc 
 .text.PendSV_Handler
                0x080052d0       0x64 build/port.o
                0x080052d0                PendSV_Handler
 .text.xPortSysTickHandler
                0x08005334       0x2c build/port.o
                0x08005334                xPortSysTickHandler
 .text.vPortSetupTimerInterrupt
                0x08005360       0x28 build/port.o
                0x08005360                vPortSetupTimerInterrupt
 .text.xPortStartScheduler
                0x08005388      0x118 build/port.o
                0x08005388                xPortStartScheduler
 .text.vPortValidateInterruptPriority
                0x080054a0       0x5c build/port.o
                0x080054a0                vPortValidateInterruptPriority
 .text._sbrk    0x080054fc       0x48 build/sysmem.o
                0x080054fc                _sbrk
 .text._getpid  0x08005544        0x4 build/syscalls.o
                0x08005544                _getpid
 .text._kill    0x08005548       0x10 build/syscalls.o
                0x08005548                _kill
 .text._exit    0x08005558        0xc build/syscalls.o
                0x08005558                _exit
 .text._read    0x08005564       0x20 build/syscalls.o
                0x08005564                _read
 .text._write   0x08005584       0x1c build/syscalls.o
                0x08005584                _write
 .text._close   0x080055a0        0x6 build/syscalls.o
                0x080055a0                _close
 .text._fstat   0x080055a6        0xa build/syscalls.o
                0x080055a6                _fstat
 .text._isatty  0x080055b0        0x4 build/syscalls.o
                0x080055b0                _isatty
 .text._lseek   0x080055b4        0x4 build/syscalls.o
                0x080055b4                _lseek
 .text.MX_I2C1_Init
                0x080055b8       0x3c build/i2c.o
                0x080055b8                MX_I2C1_Init
 .text.HAL_I2C_MspInit
                0x080055f4       0x70 build/i2c.o
                0x080055f4                HAL_I2C_MspInit
 .text.I2C_IsAcknowledgeFailed
                0x08005664       0x32 build/stm32f4xx_hal_i2c.o
 .text.I2C_WaitOnFlagUntilTimeout
                0x08005696       0xaa build/stm32f4xx_hal_i2c.o
 .text.I2C_WaitOnMasterAddressFlagUntilTimeout
                0x08005740       0xd6 build/stm32f4xx_hal_i2c.o
 *fill*         0x08005816        0x2 
 .text.I2C_MasterRequestWrite
                0x08005818       0xb4 build/stm32f4xx_hal_i2c.o
 .text.I2C_WaitOnTXEFlagUntilTimeout
                0x080058cc       0x5e build/stm32f4xx_hal_i2c.o
 *fill*         0x0800592a        0x2 
 .text.I2C_RequestMemoryWrite
                0x0800592c       0xd8 build/stm32f4xx_hal_i2c.o
 .text.I2C_WaitOnBTFFlagUntilTimeout
                0x08005a04       0x5e build/stm32f4xx_hal_i2c.o
 *fill*         0x08005a62        0x2 
 .text.HAL_I2C_Init
                0x08005a64      0x1bc build/stm32f4xx_hal_i2c.o
                0x08005a64                HAL_I2C_Init
 .text.HAL_I2C_Master_Transmit
                0x08005c20      0x178 build/stm32f4xx_hal_i2c.o
                0x08005c20                HAL_I2C_Master_Transmit
 .text.HAL_I2C_Mem_Write
                0x08005d98      0x164 build/stm32f4xx_hal_i2c.o
                0x08005d98                HAL_I2C_Mem_Write
 .text.MX_USART2_UART_Init
                0x08005efc       0x34 build/usart.o
                0x08005efc                MX_USART2_UART_Init
 .text.HAL_UART_MspInit
                0x08005f30       0x70 build/usart.o
                0x08005f30                HAL_UART_MspInit
 .text.UART_EndRxTransfer
                0x08005fa0       0x5c build/stm32f4xx_hal_uart.o
 .text.UART_SetConfig
                0x08005ffc      0x110 build/stm32f4xx_hal_uart.o
 .text.UART_WaitOnFlagUntilTimeout
                0x0800610c       0x86 build/stm32f4xx_hal_uart.o
 .text.HAL_UART_Init
                0x08006192       0x60 build/stm32f4xx_hal_uart.o
                0x08006192                HAL_UART_Init
 .text.HAL_UART_Transmit
                0x080061f2       0xcc build/stm32f4xx_hal_uart.o
                0x080061f2                HAL_UART_Transmit
 *fill*         0x080062be        0x2 
 .text.Reset_Handler
                0x080062c0       0x50 build/startup_stm32f411xe.o
                0x080062c0                Reset_Handler
 .text.Default_Handler
                0x08006310        0x2 build/startup_stm32f411xe.o
                0x08006310                DMA1_Stream3_IRQHandler
                0x08006310                EXTI2_IRQHandler
                0x08006310                SPI4_IRQHandler
                0x08006310                TIM1_CC_IRQHandler
                0x08006310                DMA2_Stream5_IRQHandler
                0x08006310                DMA1_Stream5_IRQHandler
                0x08006310                PVD_IRQHandler
                0x08006310                SDIO_IRQHandler
                0x08006310                TAMP_STAMP_IRQHandler
                0x08006310                EXTI3_IRQHandler
                0x08006310                I2C3_ER_IRQHandler
                0x08006310                EXTI0_IRQHandler
                0x08006310                I2C2_EV_IRQHandler
                0x08006310                DMA1_Stream2_IRQHandler
                0x08006310                FPU_IRQHandler
                0x08006310                DMA2_Stream2_IRQHandler
                0x08006310                SPI1_IRQHandler
                0x08006310                TIM1_BRK_TIM9_IRQHandler
                0x08006310                DMA2_Stream3_IRQHandler
                0x08006310                USART6_IRQHandler
                0x08006310                DMA2_Stream0_IRQHandler
                0x08006310                TIM4_IRQHandler
                0x08006310                I2C1_EV_IRQHandler
                0x08006310                DMA1_Stream6_IRQHandler
                0x08006310                DMA1_Stream1_IRQHandler
                0x08006310                TIM3_IRQHandler
                0x08006310                RCC_IRQHandler
                0x08006310                Default_Handler
                0x08006310                EXTI15_10_IRQHandler
                0x08006310                ADC_IRQHandler
                0x08006310                DMA1_Stream7_IRQHandler
                0x08006310                SPI5_IRQHandler
                0x08006310                TIM5_IRQHandler
                0x08006310                DMA2_Stream7_IRQHandler
                0x08006310                I2C3_EV_IRQHandler
                0x08006310                EXTI9_5_IRQHandler
                0x08006310                RTC_WKUP_IRQHandler
                0x08006310                SPI2_IRQHandler
                0x08006310                DMA1_Stream0_IRQHandler
                0x08006310                EXTI4_IRQHandler
                0x08006310                WWDG_IRQHandler
                0x08006310                TIM2_IRQHandler
                0x08006310                OTG_FS_WKUP_IRQHandler
                0x08006310                TIM1_TRG_COM_TIM11_IRQHandler
                0x08006310                EXTI1_IRQHandler
                0x08006310                USART2_IRQHandler
                0x08006310                I2C2_ER_IRQHandler
                0x08006310                DMA2_Stream1_IRQHandler
                0x08006310                FLASH_IRQHandler
                0x08006310                DMA2_Stream4_IRQHandler
                0x08006310                USART1_IRQHandler
                0x08006310                OTG_FS_IRQHandler
                0x08006310                SPI3_IRQHandler
                0x08006310                DMA1_Stream4_IRQHandler
                0x08006310                I2C1_ER_IRQHandler
                0x08006310                DMA2_Stream6_IRQHandler
                0x08006310                RTC_Alarm_IRQHandler
 *fill*         0x08006312        0x2 
 .text.__assert_func
                0x08006314       0x3c /Applications/STM32CubeIDE.app/Contents/Eclipse/plugins/com.st.stm32cube.ide.mcu.externaltools.gnu-tools-for-stm32.13.3.rel1.macos64_1.0.0.202411102158/tools/bin/../lib/gcc/arm-none-eabi/13.3.1/../../../../arm-none-eabi/lib/thumb/v7e-m+fp/hard/libc_nano.a(libc_a-assert.o)
                0x08006314                __assert_func
 .text.__cvt    0x08006350       0xca /Applications/STM32CubeIDE.app/Contents/Eclipse/plugins/com.st.stm32cube.ide.mcu.externaltools.gnu-tools-for-stm32.13.3.rel1.macos64_1.0.0.202411102158/tools/bin/../lib/gcc/arm-none-eabi/13.3.1/../../../../arm-none-eabi/lib/thumb/v7e-m+fp/hard/libc_nano.a(libc_a-nano-vfprintf_float.o)
                0x08006350                __cvt
 .text.__exponent
                0x0800641a       0x74 /Applications/STM32CubeIDE.app/Contents/Eclipse/plugins/com.st.stm32cube.ide.mcu.externaltools.gnu-tools-for-stm32.13.3.rel1.macos64_1.0.0.202411102158/tools/bin/../lib/gcc/arm-none-eabi/13.3.1/../../../../arm-none-eabi/lib/thumb/v7e-m+fp/hard/libc_nano.a(libc_a-nano-vfprintf_float.o)
                0x0800641a                __exponent
 *fill*         0x0800648e        0x2 
 .text._printf_float
                0x08006490      0x454 /Applications/STM32CubeIDE.app/Contents/Eclipse/plugins/com.st.stm32cube.ide.mcu.externaltools.gnu-tools-for-stm32.13.3.rel1.macos64_1.0.0.202411102158/tools/bin/../lib/gcc/arm-none-eabi/13.3.1/../../../../arm-none-eabi/lib/thumb/v7e-m+fp/hard/libc_nano.a(libc_a-nano-vfprintf_float.o)
                0x08006490                _printf_float
 .text._printf_common
                0x080068e4       0xda /Applications/STM32CubeIDE.app/Contents/Eclipse/plugins/com.st.stm32cube.ide.mcu.externaltools.gnu-tools-for-stm32.13.3.rel1.macos64_1.0.0.202411102158/tools/bin/../lib/gcc/arm-none-eabi/13.3.1/../../../../arm-none-eabi/lib/thumb/v7e-m+fp/hard/libc_nano.a(libc_a-nano-vfprintf_i.o)
                0x080068e4                _printf_common
 *fill*         0x080069be        0x2 
 .text._printf_i
                0x080069c0      0x23c /Applications/STM32CubeIDE.app/Contents/Eclipse/plugins/com.st.stm32cube.ide.mcu.externaltools.gnu-tools-for-stm32.13.3.rel1.macos64_1.0.0.202411102158/tools/bin/../lib/gcc/arm-none-eabi/13.3.1/../../../../arm-none-eabi/lib/thumb/v7e-m+fp/hard/libc_nano.a(libc_a-nano-vfprintf_i.o)
                0x080069c0                _printf_i
 .text.std      0x08006bfc       0x6c /Applications/STM32CubeIDE.app/Contents/Eclipse/plugins/com.st.stm32cube.ide.mcu.externaltools.gnu-tools-for-stm32.13.3.rel1.macos64_1.0.0.202411102158/tools/bin/../lib/gcc/arm-none-eabi/13.3.1/../../../../arm-none-eabi/lib/thumb/v7e-m+fp/hard/libc_nano.a(libc_a-findfp.o)
 .text.stdio_exit_handler
                0x08006c68       0x18 /Applications/STM32CubeIDE.app/Contents/Eclipse/plugins/com.st.stm32cube.ide.mcu.externaltools.gnu-tools-for-stm32.13.3.rel1.macos64_1.0.0.202411102158/tools/bin/../lib/gcc/arm-none-eabi/13.3.1/../../../../arm-none-eabi/lib/thumb/v7e-m+fp/hard/libc_nano.a(libc_a-findfp.o)
 .text.cleanup_stdio
                0x08006c80       0x40 /Applications/STM32CubeIDE.app/Contents/Eclipse/plugins/com.st.stm32cube.ide.mcu.externaltools.gnu-tools-for-stm32.13.3.rel1.macos64_1.0.0.202411102158/tools/bin/../lib/gcc/arm-none-eabi/13.3.1/../../../../arm-none-eabi/lib/thumb/v7e-m+fp/hard/libc_nano.a(libc_a-findfp.o)
 .text.global_stdio_init.part.0
                0x08006cc0       0x3c /Applications/STM32CubeIDE.app/Contents/Eclipse/plugins/com.st.stm32cube.ide.mcu.externaltools.gnu-tools-for-stm32.13.3.rel1.macos64_1.0.0.202411102158/tools/bin/../lib/gcc/arm-none-eabi/13.3.1/../../../../arm-none-eabi/lib/thumb/v7e-m+fp/hard/libc_nano.a(libc_a-findfp.o)
 .text.__sfp_lock_acquire
                0x08006cfc        0xc /Applications/STM32CubeIDE.app/Contents/Eclipse/plugins/com.st.stm32cube.ide.mcu.externaltools.gnu-tools-for-stm32.13.3.rel1.macos64_1.0.0.202411102158/tools/bin/../lib/gcc/arm-none-eabi/13.3.1/../../../../arm-none-eabi/lib/thumb/v7e-m+fp/hard/libc_nano.a(libc_a-findfp.o)
                0x08006cfc                __sfp_lock_acquire
 .text.__sfp_lock_release
                0x08006d08        0xc /Applications/STM32CubeIDE.app/Contents/Eclipse/plugins/com.st.stm32cube.ide.mcu.externaltools.gnu-tools-for-stm32.13.3.rel1.macos64_1.0.0.202411102158/tools/bin/../lib/gcc/arm-none-eabi/13.3.1/../../../../arm-none-eabi/lib/thumb/v7e-m+fp/hard/libc_nano.a(libc_a-findfp.o)
                0x08006d08                __sfp_lock_release
 .text.__sinit  0x08006d14       0x30 /Applications/STM32CubeIDE.app/Contents/Eclipse/plugins/com.st.stm32cube.ide.mcu.externaltools.gnu-tools-for-stm32.13.3.rel1.macos64_1.0.0.202411102158/tools/bin/../lib/gcc/arm-none-eabi/13.3.1/../../../../arm-none-eabi/lib/thumb/v7e-m+fp/hard/libc_nano.a(libc_a-findfp.o)
                0x08006d14                __sinit
 .text.fprintf  0x08006d44       0x24 /Applications/STM32CubeIDE.app/Contents/Eclipse/plugins/com.st.stm32cube.ide.mcu.externaltools.gnu-tools-for-stm32.13.3.rel1.macos64_1.0.0.202411102158/tools/bin/../lib/gcc/arm-none-eabi/13.3.1/../../../../arm-none-eabi/lib/thumb/v7e-m+fp/hard/libc_nano.a(libc_a-fprintf.o)
                0x08006d44                fprintf
                0x08006d44                fiprintf
 .text._fwalk_sglue
                0x08006d68       0x3c /Applications/STM32CubeIDE.app/Contents/Eclipse/plugins/com.st.stm32cube.ide.mcu.externaltools.gnu-tools-for-stm32.13.3.rel1.macos64_1.0.0.202411102158/tools/bin/../lib/gcc/arm-none-eabi/13.3.1/../../../../arm-none-eabi/lib/thumb/v7e-m+fp/hard/libc_nano.a(libc_a-fwalk.o)
                0x08006d68                _fwalk_sglue
 .text.memmove  0x08006da4       0x34 /Applications/STM32CubeIDE.app/Contents/Eclipse/plugins/com.st.stm32cube.ide.mcu.externaltools.gnu-tools-for-stm32.13.3.rel1.macos64_1.0.0.202411102158/tools/bin/../lib/gcc/arm-none-eabi/13.3.1/../../../../arm-none-eabi/lib/thumb/v7e-m+fp/hard/libc_nano.a(libc_a-memmove.o)
                0x08006da4                memmove
 .text.memset   0x08006dd8       0x10 /Applications/STM32CubeIDE.app/Contents/Eclipse/plugins/com.st.stm32cube.ide.mcu.externaltools.gnu-tools-for-stm32.13.3.rel1.macos64_1.0.0.202411102158/tools/bin/../lib/gcc/arm-none-eabi/13.3.1/../../../../arm-none-eabi/lib/thumb/v7e-m+fp/hard/libc_nano.a(libc_a-memset.o)
                0x08006dd8                memset
 .text.strchr   0x08006de8       0x1a /Applications/STM32CubeIDE.app/Contents/Eclipse/plugins/com.st.stm32cube.ide.mcu.externaltools.gnu-tools-for-stm32.13.3.rel1.macos64_1.0.0.202411102158/tools/bin/../lib/gcc/arm-none-eabi/13.3.1/../../../../arm-none-eabi/lib/thumb/v7e-m+fp/hard/libc_nano.a(libc_a-strchr.o)
                0x08006de8                strchr
 *fill*         0x08006e02        0x2 
 .text.__errno  0x08006e04        0xc /Applications/STM32CubeIDE.app/Contents/Eclipse/plugins/com.st.stm32cube.ide.mcu.externaltools.gnu-tools-for-stm32.13.3.rel1.macos64_1.0.0.202411102158/tools/bin/../lib/gcc/arm-none-eabi/13.3.1/../../../../arm-none-eabi/lib/thumb/v7e-m+fp/hard/libc_nano.a(libc_a-errno.o)
                0x08006e04                __errno
 .text.__libc_init_array
                0x08006e10       0x48 /Applications/STM32CubeIDE.app/Contents/Eclipse/plugins/com.st.stm32cube.ide.mcu.externaltools.gnu-tools-for-stm32.13.3.rel1.macos64_1.0.0.202411102158/tools/bin/../lib/gcc/arm-none-eabi/13.3.1/../../../../arm-none-eabi/lib/thumb/v7e-m+fp/hard/libc_nano.a(libc_a-init.o)
                0x08006e10                __libc_init_array
 .text.__retarget_lock_init_recursive
                0x08006e58        0x2 /Applications/STM32CubeIDE.app/Contents/Eclipse/plugins/com.st.stm32cube.ide.mcu.externaltools.gnu-tools-for-stm32.13.3.rel1.macos64_1.0.0.202411102158/tools/bin/../lib/gcc/arm-none-eabi/13.3.1/../../../../arm-none-eabi/lib/thumb/v7e-m+fp/hard/libc_nano.a(libc_a-lock.o)
                0x08006e58                __retarget_lock_init_recursive
 .text.__retarget_lock_acquire_recursive
                0x08006e5a        0x2 /Applications/STM32CubeIDE.app/Contents/Eclipse/plugins/com.st.stm32cube.ide.mcu.externaltools.gnu-tools-for-stm32.13.3.rel1.macos64_1.0.0.202411102158/tools/bin/../lib/gcc/arm-none-eabi/13.3.1/../../../../arm-none-eabi/lib/thumb/v7e-m+fp/hard/libc_nano.a(libc_a-lock.o)
                0x08006e5a                __retarget_lock_acquire_recursive
 .text.__retarget_lock_release_recursive
                0x08006e5c        0x2 /Applications/STM32CubeIDE.app/Contents/Eclipse/plugins/com.st.stm32cube.ide.mcu.externaltools.gnu-tools-for-stm32.13.3.rel1.macos64_1.0.0.202411102158/tools/bin/../lib/gcc/arm-none-eabi/13.3.1/../../../../arm-none-eabi/lib/thumb/v7e-m+fp/hard/libc_nano.a(libc_a-lock.o)
                0x08006e5c                __retarget_lock_release_recursive
 *fill*         0x08006e5e        0x2 
 .text._localeconv_r
                0x08006e60        0x8 /Applications/STM32CubeIDE.app/Contents/Eclipse/plugins/com.st.stm32cube.ide.mcu.externaltools.gnu-tools-for-stm32.13.3.rel1.macos64_1.0.0.202411102158/tools/bin/../lib/gcc/arm-none-eabi/13.3.1/../../../../arm-none-eabi/lib/thumb/v7e-m+fp/hard/libc_nano.a(libc_a-localeconv.o)
                0x08006e60                _localeconv_r
 .text.memcpy   0x08006e68       0x1c /Applications/STM32CubeIDE.app/Contents/Eclipse/plugins/com.st.stm32cube.ide.mcu.externaltools.gnu-tools-for-stm32.13.3.rel1.macos64_1.0.0.202411102158/tools/bin/../lib/gcc/arm-none-eabi/13.3.1/../../../../arm-none-eabi/lib/thumb/v7e-m+fp/hard/libc_nano.a(libc_a-memcpy-stub.o)
                0x08006e68                memcpy
 .text.abort    0x08006e84        0xe /Applications/STM32CubeIDE.app/Contents/Eclipse/plugins/com.st.stm32cube.ide.mcu.externaltools.gnu-tools-for-stm32.13.3.rel1.macos64_1.0.0.202411102158/tools/bin/../lib/gcc/arm-none-eabi/13.3.1/../../../../arm-none-eabi/lib/thumb/v7e-m+fp/hard/libc_nano.a(libc_a-abort.o)
                0x08006e84                abort
 .text.quorem   0x08006e92      0x110 /Applications/STM32CubeIDE.app/Contents/Eclipse/plugins/com.st.stm32cube.ide.mcu.externaltools.gnu-tools-for-stm32.13.3.rel1.macos64_1.0.0.202411102158/tools/bin/../lib/gcc/arm-none-eabi/13.3.1/../../../../arm-none-eabi/lib/thumb/v7e-m+fp/hard/libc_nano.a(libc_a-dtoa.o)
 *fill*         0x08006fa2        0x6 
 .text._dtoa_r  0x08006fa8      0xba0 /Applications/STM32CubeIDE.app/Contents/Eclipse/plugins/com.st.stm32cube.ide.mcu.externaltools.gnu-tools-for-stm32.13.3.rel1.macos64_1.0.0.202411102158/tools/bin/../lib/gcc/arm-none-eabi/13.3.1/../../../../arm-none-eabi/lib/thumb/v7e-m+fp/hard/libc_nano.a(libc_a-dtoa.o)
                0x08006fa8                _dtoa_r
 .text.__sfputc_r
                0x08007b48       0x2e /Applications/STM32CubeIDE.app/Contents/Eclipse/plugins/com.st.stm32cube.ide.mcu.externaltools.gnu-tools-for-stm32.13.3.rel1.macos64_1.0.0.202411102158/tools/bin/../lib/gcc/arm-none-eabi/13.3.1/../../../../arm-none-eabi/lib/thumb/v7e-m+fp/hard/libc_nano.a(libc_a-nano-vfprintf.o)
 .text.__sfputs_r
                0x08007b76       0x24 /Applications/STM32CubeIDE.app/Contents/Eclipse/plugins/com.st.stm32cube.ide.mcu.externaltools.gnu-tools-for-stm32.13.3.rel1.macos64_1.0.0.202411102158/tools/bin/../lib/gcc/arm-none-eabi/13.3.1/../../../../arm-none-eabi/lib/thumb/v7e-m+fp/hard/libc_nano.a(libc_a-nano-vfprintf.o)
                0x08007b76                __sfputs_r
 *fill*         0x08007b9a        0x2 
 .text._vfprintf_r
                0x08007b9c      0x230 /Applications/STM32CubeIDE.app/Contents/Eclipse/plugins/com.st.stm32cube.ide.mcu.externaltools.gnu-tools-for-stm32.13.3.rel1.macos64_1.0.0.202411102158/tools/bin/../lib/gcc/arm-none-eabi/13.3.1/../../../../arm-none-eabi/lib/thumb/v7e-m+fp/hard/libc_nano.a(libc_a-nano-vfprintf.o)
                0x08007b9c                _vfiprintf_r
                0x08007b9c                _vfprintf_r
 .text.malloc   0x08007dcc       0x10 /Applications/STM32CubeIDE.app/Contents/Eclipse/plugins/com.st.stm32cube.ide.mcu.externaltools.gnu-tools-for-stm32.13.3.rel1.macos64_1.0.0.202411102158/tools/bin/../lib/gcc/arm-none-eabi/13.3.1/../../../../arm-none-eabi/lib/thumb/v7e-m+fp/hard/libc_nano.a(libc_a-malloc.o)
                0x08007dcc                malloc
 .text.sbrk_aligned
                0x08007ddc       0x44 /Applications/STM32CubeIDE.app/Contents/Eclipse/plugins/com.st.stm32cube.ide.mcu.externaltools.gnu-tools-for-stm32.13.3.rel1.macos64_1.0.0.202411102158/tools/bin/../lib/gcc/arm-none-eabi/13.3.1/../../../../arm-none-eabi/lib/thumb/v7e-m+fp/hard/libc_nano.a(libc_a-mallocr.o)
 .text._malloc_r
                0x08007e20      0x100 /Applications/STM32CubeIDE.app/Contents/Eclipse/plugins/com.st.stm32cube.ide.mcu.externaltools.gnu-tools-for-stm32.13.3.rel1.macos64_1.0.0.202411102158/tools/bin/../lib/gcc/arm-none-eabi/13.3.1/../../../../arm-none-eabi/lib/thumb/v7e-m+fp/hard/libc_nano.a(libc_a-mallocr.o)
                0x08007e20                _malloc_r
 .text.__sflush_r
                0x08007f20      0x108 /Applications/STM32CubeIDE.app/Contents/Eclipse/plugins/com.st.stm32cube.ide.mcu.externaltools.gnu-tools-for-stm32.13.3.rel1.macos64_1.0.0.202411102158/tools/bin/../lib/gcc/arm-none-eabi/13.3.1/../../../../arm-none-eabi/lib/thumb/v7e-m+fp/hard/libc_nano.a(libc_a-fflush.o)
                0x08007f20                __sflush_r
 .text._fflush_r
                0x08008028       0x50 /Applications/STM32CubeIDE.app/Contents/Eclipse/plugins/com.st.stm32cube.ide.mcu.externaltools.gnu-tools-for-stm32.13.3.rel1.macos64_1.0.0.202411102158/tools/bin/../lib/gcc/arm-none-eabi/13.3.1/../../../../arm-none-eabi/lib/thumb/v7e-m+fp/hard/libc_nano.a(libc_a-fflush.o)
                0x08008028                _fflush_r
 .text.__malloc_lock
                0x08008078        0xc /Applications/STM32CubeIDE.app/Contents/Eclipse/plugins/com.st.stm32cube.ide.mcu.externaltools.gnu-tools-for-stm32.13.3.rel1.macos64_1.0.0.202411102158/tools/bin/../lib/gcc/arm-none-eabi/13.3.1/../../../../arm-none-eabi/lib/thumb/v7e-m+fp/hard/libc_nano.a(libc_a-mlock.o)
                0x08008078                __malloc_lock
 .text.__malloc_unlock
                0x08008084        0xc /Applications/STM32CubeIDE.app/Contents/Eclipse/plugins/com.st.stm32cube.ide.mcu.externaltools.gnu-tools-for-stm32.13.3.rel1.macos64_1.0.0.202411102158/tools/bin/../lib/gcc/arm-none-eabi/13.3.1/../../../../arm-none-eabi/lib/thumb/v7e-m+fp/hard/libc_nano.a(libc_a-mlock.o)
                0x08008084                __malloc_unlock
 .text._Balloc  0x08008090       0x80 /Applications/STM32CubeIDE.app/Contents/Eclipse/plugins/com.st.stm32cube.ide.mcu.externaltools.gnu-tools-for-stm32.13.3.rel1.macos64_1.0.0.202411102158/tools/bin/../lib/gcc/arm-none-eabi/13.3.1/../../../../arm-none-eabi/lib/thumb/v7e-m+fp/hard/libc_nano.a(libc_a-mprec.o)
                0x08008090                _Balloc
 .text._Bfree   0x08008110       0x44 /Applications/STM32CubeIDE.app/Contents/Eclipse/plugins/com.st.stm32cube.ide.mcu.externaltools.gnu-tools-for-stm32.13.3.rel1.macos64_1.0.0.202411102158/tools/bin/../lib/gcc/arm-none-eabi/13.3.1/../../../../arm-none-eabi/lib/thumb/v7e-m+fp/hard/libc_nano.a(libc_a-mprec.o)
                0x08008110                _Bfree
 .text.__multadd
                0x08008154       0x8c /Applications/STM32CubeIDE.app/Contents/Eclipse/plugins/com.st.stm32cube.ide.mcu.externaltools.gnu-tools-for-stm32.13.3.rel1.macos64_1.0.0.202411102158/tools/bin/../lib/gcc/arm-none-eabi/13.3.1/../../../../arm-none-eabi/lib/thumb/v7e-m+fp/hard/libc_nano.a(libc_a-mprec.o)
                0x08008154                __multadd
 .text.__hi0bits
                0x080081e0       0x3e /Applications/STM32CubeIDE.app/Contents/Eclipse/plugins/com.st.stm32cube.ide.mcu.externaltools.gnu-tools-for-stm32.13.3.rel1.macos64_1.0.0.202411102158/tools/bin/../lib/gcc/arm-none-eabi/13.3.1/../../../../arm-none-eabi/lib/thumb/v7e-m+fp/hard/libc_nano.a(libc_a-mprec.o)
                0x080081e0                __hi0bits
 .text.__lo0bits
                0x0800821e       0x5a /Applications/STM32CubeIDE.app/Contents/Eclipse/plugins/com.st.stm32cube.ide.mcu.externaltools.gnu-tools-for-stm32.13.3.rel1.macos64_1.0.0.202411102158/tools/bin/../lib/gcc/arm-none-eabi/13.3.1/../../../../arm-none-eabi/lib/thumb/v7e-m+fp/hard/libc_nano.a(libc_a-mprec.o)
                0x0800821e                __lo0bits
 .text.__i2b    0x08008278       0x2c /Applications/STM32CubeIDE.app/Contents/Eclipse/plugins/com.st.stm32cube.ide.mcu.externaltools.gnu-tools-for-stm32.13.3.rel1.macos64_1.0.0.202411102158/tools/bin/../lib/gcc/arm-none-eabi/13.3.1/../../../../arm-none-eabi/lib/thumb/v7e-m+fp/hard/libc_nano.a(libc_a-mprec.o)
                0x08008278                __i2b
 .text.__multiply
                0x080082a4      0x144 /Applications/STM32CubeIDE.app/Contents/Eclipse/plugins/com.st.stm32cube.ide.mcu.externaltools.gnu-tools-for-stm32.13.3.rel1.macos64_1.0.0.202411102158/tools/bin/../lib/gcc/arm-none-eabi/13.3.1/../../../../arm-none-eabi/lib/thumb/v7e-m+fp/hard/libc_nano.a(libc_a-mprec.o)
                0x080082a4                __multiply
 .text.__pow5mult
                0x080083e8       0xb4 /Applications/STM32CubeIDE.app/Contents/Eclipse/plugins/com.st.stm32cube.ide.mcu.externaltools.gnu-tools-for-stm32.13.3.rel1.macos64_1.0.0.202411102158/tools/bin/../lib/gcc/arm-none-eabi/13.3.1/../../../../arm-none-eabi/lib/thumb/v7e-m+fp/hard/libc_nano.a(libc_a-mprec.o)
                0x080083e8                __pow5mult
 .text.__lshift
                0x0800849c       0xd8 /Applications/STM32CubeIDE.app/Contents/Eclipse/plugins/com.st.stm32cube.ide.mcu.externaltools.gnu-tools-for-stm32.13.3.rel1.macos64_1.0.0.202411102158/tools/bin/../lib/gcc/arm-none-eabi/13.3.1/../../../../arm-none-eabi/lib/thumb/v7e-m+fp/hard/libc_nano.a(libc_a-mprec.o)
                0x0800849c                __lshift
 .text.__mcmp   0x08008574       0x36 /Applications/STM32CubeIDE.app/Contents/Eclipse/plugins/com.st.stm32cube.ide.mcu.externaltools.gnu-tools-for-stm32.13.3.rel1.macos64_1.0.0.202411102158/tools/bin/../lib/gcc/arm-none-eabi/13.3.1/../../../../arm-none-eabi/lib/thumb/v7e-m+fp/hard/libc_nano.a(libc_a-mprec.o)
                0x08008574                __mcmp
 *fill*         0x080085aa        0x2 
 .text.__mdiff  0x080085ac      0x128 /Applications/STM32CubeIDE.app/Contents/Eclipse/plugins/com.st.stm32cube.ide.mcu.externaltools.gnu-tools-for-stm32.13.3.rel1.macos64_1.0.0.202411102158/tools/bin/../lib/gcc/arm-none-eabi/13.3.1/../../../../arm-none-eabi/lib/thumb/v7e-m+fp/hard/libc_nano.a(libc_a-mprec.o)
                0x080085ac                __mdiff
 .text.__d2b    0x080086d4       0xb0 /Applications/STM32CubeIDE.app/Contents/Eclipse/plugins/com.st.stm32cube.ide.mcu.externaltools.gnu-tools-for-stm32.13.3.rel1.macos64_1.0.0.202411102158/tools/bin/../lib/gcc/arm-none-eabi/13.3.1/../../../../arm-none-eabi/lib/thumb/v7e-m+fp/hard/libc_nano.a(libc_a-mprec.o)
                0x080086d4                __d2b
 .text.__sread  0x08008784       0x22 /Applications/STM32CubeIDE.app/Contents/Eclipse/plugins/com.st.stm32cube.ide.mcu.externaltools.gnu-tools-for-stm32.13.3.rel1.macos64_1.0.0.202411102158/tools/bin/../lib/gcc/arm-none-eabi/13.3.1/../../../../arm-none-eabi/lib/thumb/v7e-m+fp/hard/libc_nano.a(libc_a-stdio.o)
                0x08008784                __sread
 .text.__swrite
                0x080087a6       0x38 /Applications/STM32CubeIDE.app/Contents/Eclipse/plugins/com.st.stm32cube.ide.mcu.externaltools.gnu-tools-for-stm32.13.3.rel1.macos64_1.0.0.202411102158/tools/bin/../lib/gcc/arm-none-eabi/13.3.1/../../../../arm-none-eabi/lib/thumb/v7e-m+fp/hard/libc_nano.a(libc_a-stdio.o)
                0x080087a6                __swrite
 .text.__sseek  0x080087de       0x24 /Applications/STM32CubeIDE.app/Contents/Eclipse/plugins/com.st.stm32cube.ide.mcu.externaltools.gnu-tools-for-stm32.13.3.rel1.macos64_1.0.0.202411102158/tools/bin/../lib/gcc/arm-none-eabi/13.3.1/../../../../arm-none-eabi/lib/thumb/v7e-m+fp/hard/libc_nano.a(libc_a-stdio.o)
                0x080087de                __sseek
 .text.__sclose
                0x08008802        0x8 /Applications/STM32CubeIDE.app/Contents/Eclipse/plugins/com.st.stm32cube.ide.mcu.externaltools.gnu-tools-for-stm32.13.3.rel1.macos64_1.0.0.202411102158/tools/bin/../lib/gcc/arm-none-eabi/13.3.1/../../../../arm-none-eabi/lib/thumb/v7e-m+fp/hard/libc_nano.a(libc_a-stdio.o)
                0x08008802                __sclose
 .text.__swbuf_r
                0x0800880a       0x7c /Applications/STM32CubeIDE.app/Contents/Eclipse/plugins/com.st.stm32cube.ide.mcu.externaltools.gnu-tools-for-stm32.13.3.rel1.macos64_1.0.0.202411102158/tools/bin/../lib/gcc/arm-none-eabi/13.3.1/../../../../arm-none-eabi/lib/thumb/v7e-m+fp/hard/libc_nano.a(libc_a-wbuf.o)
                0x0800880a                __swbuf_r
 *fill*         0x08008886        0x2 
 .text.__swsetup_r
                0x08008888       0xac /Applications/STM32CubeIDE.app/Contents/Eclipse/plugins/com.st.stm32cube.ide.mcu.externaltools.gnu-tools-for-stm32.13.3.rel1.macos64_1.0.0.202411102158/tools/bin/../lib/gcc/arm-none-eabi/13.3.1/../../../../arm-none-eabi/lib/thumb/v7e-m+fp/hard/libc_nano.a(libc_a-wsetup.o)
                0x08008888                __swsetup_r
 .text.__swhatbuf_r
                0x08008934       0x4c /Applications/STM32CubeIDE.app/Contents/Eclipse/plugins/com.st.stm32cube.ide.mcu.externaltools.gnu-tools-for-stm32.13.3.rel1.macos64_1.0.0.202411102158/tools/bin/../lib/gcc/arm-none-eabi/13.3.1/../../../../arm-none-eabi/lib/thumb/v7e-m+fp/hard/libc_nano.a(libc_a-makebuf.o)
                0x08008934                __swhatbuf_r
 .text.__smakebuf_r
                0x08008980       0x78 /Applications/STM32CubeIDE.app/Contents/Eclipse/plugins/com.st.stm32cube.ide.mcu.externaltools.gnu-tools-for-stm32.13.3.rel1.macos64_1.0.0.202411102158/tools/bin/../lib/gcc/arm-none-eabi/13.3.1/../../../../arm-none-eabi/lib/thumb/v7e-m+fp/hard/libc_nano.a(libc_a-makebuf.o)
                0x08008980                __smakebuf_r
 .text._raise_r
                0x080089f8       0x50 /Applications/STM32CubeIDE.app/Contents/Eclipse/plugins/com.st.stm32cube.ide.mcu.externaltools.gnu-tools-for-stm32.13.3.rel1.macos64_1.0.0.202411102158/tools/bin/../lib/gcc/arm-none-eabi/13.3.1/../../../../arm-none-eabi/lib/thumb/v7e-m+fp/hard/libc_nano.a(libc_a-signal.o)
                0x080089f8                _raise_r
 .text.raise    0x08008a48       0x10 /Applications/STM32CubeIDE.app/Contents/Eclipse/plugins/com.st.stm32cube.ide.mcu.externaltools.gnu-tools-for-stm32.13.3.rel1.macos64_1.0.0.202411102158/tools/bin/../lib/gcc/arm-none-eabi/13.3.1/../../../../arm-none-eabi/lib/thumb/v7e-m+fp/hard/libc_nano.a(libc_a-signal.o)
                0x08008a48                raise
 .text._isatty_r
                0x08008a58       0x20 /Applications/STM32CubeIDE.app/Contents/Eclipse/plugins/com.st.stm32cube.ide.mcu.externaltools.gnu-tools-for-stm32.13.3.rel1.macos64_1.0.0.202411102158/tools/bin/../lib/gcc/arm-none-eabi/13.3.1/../../../../arm-none-eabi/lib/thumb/v7e-m+fp/hard/libc_nano.a(libc_a-isattyr.o)
                0x08008a58                _isatty_r
 .text._lseek_r
                0x08008a78       0x24 /Applications/STM32CubeIDE.app/Contents/Eclipse/plugins/com.st.stm32cube.ide.mcu.externaltools.gnu-tools-for-stm32.13.3.rel1.macos64_1.0.0.202411102158/tools/bin/../lib/gcc/arm-none-eabi/13.3.1/../../../../arm-none-eabi/lib/thumb/v7e-m+fp/hard/libc_nano.a(libc_a-lseekr.o)
                0x08008a78                _lseek_r
 .text._read_r  0x08008a9c       0x24 /Applications/STM32CubeIDE.app/Contents/Eclipse/plugins/com.st.stm32cube.ide.mcu.externaltools.gnu-tools-for-stm32.13.3.rel1.macos64_1.0.0.202411102158/tools/bin/../lib/gcc/arm-none-eabi/13.3.1/../../../../arm-none-eabi/lib/thumb/v7e-m+fp/hard/libc_nano.a(libc_a-readr.o)
                0x08008a9c                _read_r
 .text._kill_r  0x08008ac0       0x24 /Applications/STM32CubeIDE.app/Contents/Eclipse/plugins/com.st.stm32cube.ide.mcu.externaltools.gnu-tools-for-stm32.13.3.rel1.macos64_1.0.0.202411102158/tools/bin/../lib/gcc/arm-none-eabi/13.3.1/../../../../arm-none-eabi/lib/thumb/v7e-m+fp/hard/libc_nano.a(libc_a-signalr.o)
                0x08008ac0                _kill_r
 .text._getpid_r
                0x08008ae4        0x4 /Applications/STM32CubeIDE.app/Contents/Eclipse/plugins/com.st.stm32cube.ide.mcu.externaltools.gnu-tools-for-stm32.13.3.rel1.macos64_1.0.0.202411102158/tools/bin/../lib/gcc/arm-none-eabi/13.3.1/../../../../arm-none-eabi/lib/thumb/v7e-m+fp/hard/libc_nano.a(libc_a-signalr.o)
                0x08008ae4                _getpid_r
 .text._sbrk_r  0x08008ae8       0x20 /Applications/STM32CubeIDE.app/Contents/Eclipse/plugins/com.st.stm32cube.ide.mcu.externaltools.gnu-tools-for-stm32.13.3.rel1.macos64_1.0.0.202411102158/tools/bin/../lib/gcc/arm-none-eabi/13.3.1/../../../../arm-none-eabi/lib/thumb/v7e-m+fp/hard/libc_nano.a(libc_a-sbrkr.o)
                0x08008ae8                _sbrk_r
 .text._write_r
                0x08008b08       0x24 /Applications/STM32CubeIDE.app/Contents/Eclipse/plugins/com.st.stm32cube.ide.mcu.externaltools.gnu-tools-for-stm32.13.3.rel1.macos64_1.0.0.202411102158/tools/bin/../lib/gcc/arm-none-eabi/13.3.1/../../../../arm-none-eabi/lib/thumb/v7e-m+fp/hard/libc_nano.a(libc_a-writer.o)
                0x08008b08                _write_r
 .text._close_r
                0x08008b2c       0x20 /Applications/STM32CubeIDE.app/Contents/Eclipse/plugins/com.st.stm32cube.ide.mcu.externaltools.gnu-tools-for-stm32.13.3.rel1.macos64_1.0.0.202411102158/tools/bin/../lib/gcc/arm-none-eabi/13.3.1/../../../../arm-none-eabi/lib/thumb/v7e-m+fp/hard/libc_nano.a(libc_a-closer.o)
                0x08008b2c                _close_r
 .text._fstat_r
                0x08008b4c       0x24 /Applications/STM32CubeIDE.app/Contents/Eclipse/plugins/com.st.stm32cube.ide.mcu.externaltools.gnu-tools-for-stm32.13.3.rel1.macos64_1.0.0.202411102158/tools/bin/../lib/gcc/arm-none-eabi/13.3.1/../../../../arm-none-eabi/lib/thumb/v7e-m+fp/hard/libc_nano.a(libc_a-fstatr.o)
                0x08008b4c                _fstat_r
 .text._calloc_r
                0x08008b70       0x28 /Applications/STM32CubeIDE.app/Contents/Eclipse/plugins/com.st.stm32cube.ide.mcu.externaltools.gnu-tools-for-stm32.13.3.rel1.macos64_1.0.0.202411102158/tools/bin/../lib/gcc/arm-none-eabi/13.3.1/../../../../arm-none-eabi/lib/thumb/v7e-m+fp/hard/libc_nano.a(libc_a-callocr.o)
                0x08008b70                _calloc_r
 .text._free_r  0x08008b98       0x94 /Applications/STM32CubeIDE.app/Contents/Eclipse/plugins/com.st.stm32cube.ide.mcu.externaltools.gnu-tools-for-stm32.13.3.rel1.macos64_1.0.0.202411102158/tools/bin/../lib/gcc/arm-none-eabi/13.3.1/../../../../arm-none-eabi/lib/thumb/v7e-m+fp/hard/libc_nano.a(libc_a-freer.o)
                0x08008b98                _free_r
 .text.__ascii_mbtowc
                0x08008c2c       0x24 /Applications/STM32CubeIDE.app/Contents/Eclipse/plugins/com.st.stm32cube.ide.mcu.externaltools.gnu-tools-for-stm32.13.3.rel1.macos64_1.0.0.202411102158/tools/bin/../lib/gcc/arm-none-eabi/13.3.1/../../../../arm-none-eabi/lib/thumb/v7e-m+fp/hard/libc_nano.a(libc_a-mbtowc_r.o)
                0x08008c2c                __ascii_mbtowc
 .text.__ascii_wctomb
                0x08008c50       0x1a /Applications/STM32CubeIDE.app/Contents/Eclipse/plugins/com.st.stm32cube.ide.mcu.externaltools.gnu-tools-for-stm32.13.3.rel1.macos64_1.0.0.202411102158/tools/bin/../lib/gcc/arm-none-eabi/13.3.1/../../../../arm-none-eabi/lib/thumb/v7e-m+fp/hard/libc_nano.a(libc_a-wctomb_r.o)
                0x08008c50                __ascii_wctomb
 *(.glue_7)
 .glue_7        0x08008c6a        0x0 linker stubs
 *(.glue_7t)
 .glue_7t       0x08008c6a        0x0 linker stubs
 *(.eh_frame)
 *fill*         0x08008c6a        0x2 
 .eh_frame      0x08008c6c        0x0 /Applications/STM32CubeIDE.app/Contents/Eclipse/plugins/com.st.stm32cube.ide.mcu.externaltools.gnu-tools-for-stm32.13.3.rel1.macos64_1.0.0.202411102158/tools/bin/../lib/gcc/arm-none-eabi/13.3.1/thumb/v7e-m+fp/hard/crtbegin.o
 *(.init)
 .init          0x08008c6c        0x4 /Applications/STM32CubeIDE.app/Contents/Eclipse/plugins/com.st.stm32cube.ide.mcu.externaltools.gnu-tools-for-stm32.13.3.rel1.macos64_1.0.0.202411102158/tools/bin/../lib/gcc/arm-none-eabi/13.3.1/thumb/v7e-m+fp/hard/crti.o
                0x08008c6c                _init
 .init          0x08008c70        0x8 /Applications/STM32CubeIDE.app/Contents/Eclipse/plugins/com.st.stm32cube.ide.mcu.externaltools.gnu-tools-for-stm32.13.3.rel1.macos64_1.0.0.202411102158/tools/bin/../lib/gcc/arm-none-eabi/13.3.1/thumb/v7e-m+fp/hard/crtn.o
 *(.fini)
 .fini          0x08008c78        0x4 /Applications/STM32CubeIDE.app/Contents/Eclipse/plugins/com.st.stm32cube.ide.mcu.externaltools.gnu-tools-for-stm32.13.3.rel1.macos64_1.0.0.202411102158/tools/bin/../lib/gcc/arm-none-eabi/13.3.1/thumb/v7e-m+fp/hard/crti.o
                0x08008c78                _fini
 .fini          0x08008c7c        0x8 /Applications/STM32CubeIDE.app/Contents/Eclipse/plugins/com.st.stm32cube.ide.mcu.externaltools.gnu-tools-for-stm32.13.3.rel1.macos64_1.0.0.202411102158/tools/bin/../lib/gcc/arm-none-eabi/13.3.1/thumb/v7e-m+fp/hard/crtn.o
                0x08008c84                        . = ALIGN (0x4)
                0x08008c84                        _etext = .

.vfp11_veneer   0x08008c84        0x0
 .vfp11_veneer  0x08008c84        0x0 linker stubs

.v4_bx          0x08008c84        0x0
 .v4_bx         0x08008c84        0x0 linker stubs

.iplt           0x08008c84        0x0
 .iplt          0x08008c84        0x0 /Applications/STM32CubeIDE.app/Contents/Eclipse/plugins/com.st.stm32cube.ide.mcu.externaltools.gnu-tools-for-stm32.13.3.rel1.macos64_1.0.0.202411102158/tools/bin/../lib/gcc/arm-none-eabi/13.3.1/thumb/v7e-m+fp/hard/crtbegin.o

.rodata         0x08008c88      0xd5c
                0x08008c88                        . = ALIGN (0x4)
 *(.rodata)
 *(.rodata*)
 .rodata.StartDefaultTask.str1.4
                0x08008c88      0x5f0 build/freertos.o
                                 0x11 (size before relaxing)
 .rodata.str1.4
                0x08009278        0xc build/freertos.o
 .rodata.defaultTask_attributes
                0x08009278       0x24 build/freertos.o
                0x08009278                defaultTask_attributes
 .rodata.createQR.str1.4
                0x0800929c       0x1c build/makeqrcode.o
 .rodata.calcSegmentBitLength.str1.4
                0x0800929c       0x2c build/qrcodegen.o
 .rodata.numCharCountBits.str1.4
                0x0800929c       0x45 build/qrcodegen.o
 .rodata.getTotalBits.str1.4
                0x0800929c       0xaf build/qrcodegen.o
 .rodata.appendBitsToBuffer.str1.4
                0x0800929c       0x44 build/qrcodegen.o
 .rodata.getNumRawDataModules.str1.4
                0x0800929c       0x61 build/qrcodegen.o
 .rodata.getNumDataCodewords.str1.4
                0x0800929c       0x10 build/qrcodegen.o
 .rodata.getModuleBounded.str1.4
                0x0800929c       0x4e build/qrcodegen.o
 .rodata.finderPenaltyCountPatterns.str1.4
                0x0800929c       0x10 build/qrcodegen.o
 .rodata.reedSolomonComputeDivisor.str1.4
                0x0800929c       0x3b build/qrcodegen.o
 .rodata.addEccAndInterleave.str1.4
                0x0800929c       0x66 build/qrcodegen.o
 .rodata.qrcodegen_getSize.str1.4
                0x0800929c       0x69 build/qrcodegen.o
 .rodata.drawCodewords.str1.4
                0x0800929c       0x11 build/qrcodegen.o
 .rodata.drawLightFunctionModules.str1.4
                0x0800929c       0x10 build/qrcodegen.o
 .rodata.getPenaltyScore.str1.4
                0x0800929c       0x36 build/qrcodegen.o
 .rodata.applyMask.str1.4
                0x0800929c       0x21 build/qrcodegen.o
 .rodata.drawFormatBits.str1.4
                0x0800929c       0x10 build/qrcodegen.o
 .rodata.qrcodegen_encodeSegmentsAdvanced.str1.4
                0x0800929c       0xf0 build/qrcodegen.o
 .rodata.qrcodegen_isNumeric.str1.4
                0x0800929c        0xd build/qrcodegen.o
 .rodata.qrcodegen_isAlphanumeric.str1.4
                0x0800929c       0x2e build/qrcodegen.o
 .rodata.qrcodegen_calcSegmentBufferSize.str1.4
                0x0800929c       0x1f build/qrcodegen.o
 .rodata.qrcodegen_makeNumeric.str1.4
                0x0800929c       0x5f build/qrcodegen.o
 .rodata.qrcodegen_makeAlphanumeric.str1.4
                0x0800929c        0xd build/qrcodegen.o
 .rodata.__func__.1
                0x0800929c       0x1b build/qrcodegen.o
 *fill*         0x080092b7        0x1 
 .rodata.__func__.2
                0x080092b8       0x16 build/qrcodegen.o
 *fill*         0x080092ce        0x2 
 .rodata.__func__.4
                0x080092d0       0x20 build/qrcodegen.o
 .rodata.__func__.5
                0x080092f0       0x19 build/qrcodegen.o
 *fill*         0x08009309        0x3 
 .rodata.__func__.6
                0x0800930c       0x14 build/qrcodegen.o
 .rodata.__func__.7
                0x08009320       0x14 build/qrcodegen.o
 .rodata.__func__.8
                0x08009334       0x12 build/qrcodegen.o
 *fill*         0x08009346        0x2 
 .rodata.table.9
                0x08009348       0x10 build/qrcodegen.o
 .rodata.__func__.10
                0x08009358        0xf build/qrcodegen.o
 *fill*         0x08009367        0x1 
 .rodata.__func__.11
                0x08009368        0xa build/qrcodegen.o
 *fill*         0x08009372        0x2 
 .rodata.__func__.12
                0x08009374       0x1b build/qrcodegen.o
 *fill*         0x0800938f        0x1 
 .rodata.__func__.13
                0x08009390       0x10 build/qrcodegen.o
 .rodata.__func__.14
                0x080093a0       0x19 build/qrcodegen.o
 *fill*         0x080093b9        0x3 
 .rodata.__func__.15
                0x080093bc       0x11 build/qrcodegen.o
 *fill*         0x080093cd        0x3 
 .rodata.__func__.16
                0x080093d0       0x11 build/qrcodegen.o
 *fill*         0x080093e1        0x3 
 .rodata.__func__.17
                0x080093e4        0xe build/qrcodegen.o
 *fill*         0x080093f2        0x2 
 .rodata.__func__.18
                0x080093f4       0x15 build/qrcodegen.o
 *fill*         0x08009409        0x3 
 .rodata.__func__.19
                0x0800940c       0x1c build/qrcodegen.o
 .rodata.__func__.20
                0x08009428       0x1a build/qrcodegen.o
 *fill*         0x08009442        0x2 
 .rodata.__func__.21
                0x08009444       0x14 build/qrcodegen.o
 .rodata.__func__.22
                0x08009458       0x13 build/qrcodegen.o
 *fill*         0x0800946b        0x1 
 .rodata.__func__.23
                0x0800946c       0x14 build/qrcodegen.o
 .rodata.temp.24
                0x08009480        0xc build/qrcodegen.o
 .rodata.temp.25
                0x0800948c        0xc build/qrcodegen.o
 .rodata.temp.26
                0x08009498        0xc build/qrcodegen.o
 .rodata.temp.27
                0x080094a4        0xc build/qrcodegen.o
 .rodata.__func__.28
                0x080094b0       0x11 build/qrcodegen.o
 *fill*         0x080094c1        0x3 
 .rodata.__func__.29
                0x080094c4        0xd build/qrcodegen.o
 *fill*         0x080094d1        0x3 
 .rodata.__func__.30
                0x080094d4       0x21 build/qrcodegen.o
 *fill*         0x080094f5        0x3 
 .rodata.__func__.31
                0x080094f8       0x15 build/qrcodegen.o
 *fill*         0x0800950d        0x3 
 .rodata.NUM_ERROR_CORRECTION_BLOCKS
                0x08009510       0xa4 build/qrcodegen.o
 .rodata.ECC_CODEWORDS_PER_BLOCK
                0x080095b4       0xa4 build/qrcodegen.o
 .rodata.APBPrescTable
                0x08009658        0x8 build/system_stm32f4xx.o
                0x08009658                APBPrescTable
 .rodata.AHBPrescTable
                0x08009660       0x10 build/system_stm32f4xx.o
                0x08009660                AHBPrescTable
 .rodata.vTaskStartScheduler.str1.4
                0x08009670        0x5 build/tasks.o
 .rodata.prvCheckForValidListAndQueue.str1.4
                0x08009670        0x5 build/timers.o
 .rodata.xTimerCreateTimerTask.str1.4
                0x08009670        0x8 build/timers.o
 .rodata.__assert_func.str1.1
                0x08009670      0x171 /Applications/STM32CubeIDE.app/Contents/Eclipse/plugins/com.st.stm32cube.ide.mcu.externaltools.gnu-tools-for-stm32.13.3.rel1.macos64_1.0.0.202411102158/tools/bin/../lib/gcc/arm-none-eabi/13.3.1/../../../../arm-none-eabi/lib/thumb/v7e-m+fp/hard/libc_nano.a(libc_a-assert.o)
                                 0x3d (size before relaxing)
 .rodata._printf_float.str1.1
                0x080097e1       0x12 /Applications/STM32CubeIDE.app/Contents/Eclipse/plugins/com.st.stm32cube.ide.mcu.externaltools.gnu-tools-for-stm32.13.3.rel1.macos64_1.0.0.202411102158/tools/bin/../lib/gcc/arm-none-eabi/13.3.1/../../../../arm-none-eabi/lib/thumb/v7e-m+fp/hard/libc_nano.a(libc_a-nano-vfprintf_float.o)
 .rodata._printf_i.str1.1
                0x080097e1       0x22 /Applications/STM32CubeIDE.app/Contents/Eclipse/plugins/com.st.stm32cube.ide.mcu.externaltools.gnu-tools-for-stm32.13.3.rel1.macos64_1.0.0.202411102158/tools/bin/../lib/gcc/arm-none-eabi/13.3.1/../../../../arm-none-eabi/lib/thumb/v7e-m+fp/hard/libc_nano.a(libc_a-nano-vfprintf_i.o)
 .rodata._dtoa_r.str1.1
                0x080097e1       0x8f /Applications/STM32CubeIDE.app/Contents/Eclipse/plugins/com.st.stm32cube.ide.mcu.externaltools.gnu-tools-for-stm32.13.3.rel1.macos64_1.0.0.202411102158/tools/bin/../lib/gcc/arm-none-eabi/13.3.1/../../../../arm-none-eabi/lib/thumb/v7e-m+fp/hard/libc_nano.a(libc_a-dtoa.o)
 .rodata._vfprintf_r.str1.1
                0x080097e1       0x11 /Applications/STM32CubeIDE.app/Contents/Eclipse/plugins/com.st.stm32cube.ide.mcu.externaltools.gnu-tools-for-stm32.13.3.rel1.macos64_1.0.0.202411102158/tools/bin/../lib/gcc/arm-none-eabi/13.3.1/../../../../arm-none-eabi/lib/thumb/v7e-m+fp/hard/libc_nano.a(libc_a-nano-vfprintf.o)
 .rodata._Balloc.str1.1
                0x080097e1       0x70 /Applications/STM32CubeIDE.app/Contents/Eclipse/plugins/com.st.stm32cube.ide.mcu.externaltools.gnu-tools-for-stm32.13.3.rel1.macos64_1.0.0.202411102158/tools/bin/../lib/gcc/arm-none-eabi/13.3.1/../../../../arm-none-eabi/lib/thumb/v7e-m+fp/hard/libc_nano.a(libc_a-mprec.o)
 .rodata.__multadd.str1.1
                0x080097e1       0x11 /Applications/STM32CubeIDE.app/Contents/Eclipse/plugins/com.st.stm32cube.ide.mcu.externaltools.gnu-tools-for-stm32.13.3.rel1.macos64_1.0.0.202411102158/tools/bin/../lib/gcc/arm-none-eabi/13.3.1/../../../../arm-none-eabi/lib/thumb/v7e-m+fp/hard/libc_nano.a(libc_a-mprec.o)
 *fill*         0x080097e1        0x3 
 .rodata.p05.0  0x080097e4        0xc /Applications/STM32CubeIDE.app/Contents/Eclipse/plugins/com.st.stm32cube.ide.mcu.externaltools.gnu-tools-for-stm32.13.3.rel1.macos64_1.0.0.202411102158/tools/bin/../lib/gcc/arm-none-eabi/13.3.1/../../../../arm-none-eabi/lib/thumb/v7e-m+fp/hard/libc_nano.a(libc_a-mprec.o)
 .rodata.__mprec_bigtens
                0x080097f0       0x28 /Applications/STM32CubeIDE.app/Contents/Eclipse/plugins/com.st.stm32cube.ide.mcu.externaltools.gnu-tools-for-stm32.13.3.rel1.macos64_1.0.0.202411102158/tools/bin/../lib/gcc/arm-none-eabi/13.3.1/../../../../arm-none-eabi/lib/thumb/v7e-m+fp/hard/libc_nano.a(libc_a-mprec.o)
                0x080097f0                __mprec_bigtens
 .rodata.__mprec_tens
                0x08009818       0xc8 /Applications/STM32CubeIDE.app/Contents/Eclipse/plugins/com.st.stm32cube.ide.mcu.externaltools.gnu-tools-for-stm32.13.3.rel1.macos64_1.0.0.202411102158/tools/bin/../lib/gcc/arm-none-eabi/13.3.1/../../../../arm-none-eabi/lib/thumb/v7e-m+fp/hard/libc_nano.a(libc_a-mprec.o)
                0x08009818                __mprec_tens
 .rodata._setlocale_r.str1.1
                0x080098e0        0x9 /Applications/STM32CubeIDE.app/Contents/Eclipse/plugins/com.st.stm32cube.ide.mcu.externaltools.gnu-tools-for-stm32.13.3.rel1.macos64_1.0.0.202411102158/tools/bin/../lib/gcc/arm-none-eabi/13.3.1/../../../../arm-none-eabi/lib/thumb/v7e-m+fp/hard/libc_nano.a(libc_a-locale.o)
 .rodata.str1.1
                0x080098e0        0x2 /Applications/STM32CubeIDE.app/Contents/Eclipse/plugins/com.st.stm32cube.ide.mcu.externaltools.gnu-tools-for-stm32.13.3.rel1.macos64_1.0.0.202411102158/tools/bin/../lib/gcc/arm-none-eabi/13.3.1/../../../../arm-none-eabi/lib/thumb/v7e-m+fp/hard/libc_nano.a(libc_a-locale.o)
 .rodata._ctype_
                0x080098e0      0x101 /Applications/STM32CubeIDE.app/Contents/Eclipse/plugins/com.st.stm32cube.ide.mcu.externaltools.gnu-tools-for-stm32.13.3.rel1.macos64_1.0.0.202411102158/tools/bin/../lib/gcc/arm-none-eabi/13.3.1/../../../../arm-none-eabi/lib/thumb/v7e-m+fp/hard/libc_nano.a(libc_a-ctype_.o)
                0x080098e0                _ctype_
                0x080099e4                        . = ALIGN (0x4)
 *fill*         0x080099e1        0x3 

.ARM.extab      0x080099e4        0x0
                0x080099e4                        . = ALIGN (0x4)
 *(.ARM.extab* .gnu.linkonce.armextab.*)
                0x080099e4                        . = ALIGN (0x4)

.ARM            0x080099e4        0x8
                0x080099e4                        . = ALIGN (0x4)
                0x080099e4                        __exidx_start = .
 *(.ARM.exidx*)
 .ARM.exidx     0x080099e4        0x8 /Applications/STM32CubeIDE.app/Contents/Eclipse/plugins/com.st.stm32cube.ide.mcu.externaltools.gnu-tools-for-stm32.13.3.rel1.macos64_1.0.0.202411102158/tools/bin/../lib/gcc/arm-none-eabi/13.3.1/../../../../arm-none-eabi/lib/thumb/v7e-m+fp/hard/libc_nano.a(libc_a-memchr.o)
 .ARM.exidx     0x080099ec        0x0 /Applications/STM32CubeIDE.app/Contents/Eclipse/plugins/com.st.stm32cube.ide.mcu.externaltools.gnu-tools-for-stm32.13.3.rel1.macos64_1.0.0.202411102158/tools/bin/../lib/gcc/arm-none-eabi/13.3.1/../../../../arm-none-eabi/lib/thumb/v7e-m+fp/hard/libc_nano.a(libc_a-strlen.o)
                                  0x8 (size before relaxing)
 .ARM.exidx     0x080099ec        0x0 /Applications/STM32CubeIDE.app/Contents/Eclipse/plugins/com.st.stm32cube.ide.mcu.externaltools.gnu-tools-for-stm32.13.3.rel1.macos64_1.0.0.202411102158/tools/bin/../lib/gcc/arm-none-eabi/13.3.1/thumb/v7e-m+fp/hard/libgcc.a(_udivmoddi4.o)
                                  0x8 (size before relaxing)
                0x080099ec                        __exidx_end = .
                0x080099ec                        . = ALIGN (0x4)

.preinit_array  0x080099ec        0x0
                0x080099ec                        . = ALIGN (0x4)
                0x080099ec                        PROVIDE (__preinit_array_start = .)
 *(.preinit_array*)
                0x080099ec                        PROVIDE (__preinit_array_end = .)
                0x080099ec                        . = ALIGN (0x4)

.init_array     0x080099ec        0x4
                0x080099ec                        . = ALIGN (0x4)
                0x080099ec                        PROVIDE (__init_array_start = .)
 *(SORT_BY_NAME(.init_array.*))
 *(.init_array*)
 .init_array    0x080099ec        0x4 /Applications/STM32CubeIDE.app/Contents/Eclipse/plugins/com.st.stm32cube.ide.mcu.externaltools.gnu-tools-for-stm32.13.3.rel1.macos64_1.0.0.202411102158/tools/bin/../lib/gcc/arm-none-eabi/13.3.1/thumb/v7e-m+fp/hard/crtbegin.o
                0x080099f0                        PROVIDE (__init_array_end = .)
                0x080099f0                        . = ALIGN (0x4)

.fini_array     0x080099f0        0x4
                0x080099f0                        . = ALIGN (0x4)
                [!provide]                        PROVIDE (__fini_array_start = .)
 *(SORT_BY_NAME(.fini_array.*))
 *(.fini_array*)
 .fini_array    0x080099f0        0x4 /Applications/STM32CubeIDE.app/Contents/Eclipse/plugins/com.st.stm32cube.ide.mcu.externaltools.gnu-tools-for-stm32.13.3.rel1.macos64_1.0.0.202411102158/tools/bin/../lib/gcc/arm-none-eabi/13.3.1/thumb/v7e-m+fp/hard/crtbegin.o
                [!provide]                        PROVIDE (__fini_array_end = .)
                0x080099f4                        . = ALIGN (0x4)
                0x080099f4                        _sidata = LOADADDR (.data)

.rel.dyn        0x080099f4        0x0
 .rel.iplt      0x080099f4        0x0 /Applications/STM32CubeIDE.app/Contents/Eclipse/plugins/com.st.stm32cube.ide.mcu.externaltools.gnu-tools-for-stm32.13.3.rel1.macos64_1.0.0.202411102158/tools/bin/../lib/gcc/arm-none-eabi/13.3.1/thumb/v7e-m+fp/hard/crtbegin.o

.data           0x20000000      0x1d8 load address 0x080099f4
                0x20000000                        . = ALIGN (0x4)
                0x20000000                        _sdata = .
 *(.data)
 *(.data*)
 .data.uwTickFreq
                0x20000000        0x1 build/stm32f4xx_hal.o
                0x20000000                uwTickFreq
 *fill*         0x20000001        0x3 
 .data.uwTickPrio
                0x20000004        0x4 build/stm32f4xx_hal.o
                0x20000004                uwTickPrio
 .data.SystemCoreClock
                0x20000008        0x4 build/system_stm32f4xx.o
                0x20000008                SystemCoreClock
 .data.uxCriticalNesting
                0x2000000c        0x4 build/port.o
 .data.__sglue  0x20000010        0xc /Applications/STM32CubeIDE.app/Contents/Eclipse/plugins/com.st.stm32cube.ide.mcu.externaltools.gnu-tools-for-stm32.13.3.rel1.macos64_1.0.0.202411102158/tools/bin/../lib/gcc/arm-none-eabi/13.3.1/../../../../arm-none-eabi/lib/thumb/v7e-m+fp/hard/libc_nano.a(libc_a-findfp.o)
                0x20000010                __sglue
 .data._impure_ptr
                0x2000001c        0x4 /Applications/STM32CubeIDE.app/Contents/Eclipse/plugins/com.st.stm32cube.ide.mcu.externaltools.gnu-tools-for-stm32.13.3.rel1.macos64_1.0.0.202411102158/tools/bin/../lib/gcc/arm-none-eabi/13.3.1/../../../../arm-none-eabi/lib/thumb/v7e-m+fp/hard/libc_nano.a(libc_a-impure.o)
                0x2000001c                _impure_ptr
 .data._impure_data
                0x20000020       0x4c /Applications/STM32CubeIDE.app/Contents/Eclipse/plugins/com.st.stm32cube.ide.mcu.externaltools.gnu-tools-for-stm32.13.3.rel1.macos64_1.0.0.202411102158/tools/bin/../lib/gcc/arm-none-eabi/13.3.1/../../../../arm-none-eabi/lib/thumb/v7e-m+fp/hard/libc_nano.a(libc_a-impure.o)
                0x20000020                _impure_data
 .data.__global_locale
                0x2000006c      0x16c /Applications/STM32CubeIDE.app/Contents/Eclipse/plugins/com.st.stm32cube.ide.mcu.externaltools.gnu-tools-for-stm32.13.3.rel1.macos64_1.0.0.202411102158/tools/bin/../lib/gcc/arm-none-eabi/13.3.1/../../../../arm-none-eabi/lib/thumb/v7e-m+fp/hard/libc_nano.a(libc_a-locale.o)
                0x2000006c                __global_locale
 *(.RamFunc)
 *(.RamFunc*)
                0x200001d8                        . = ALIGN (0x4)
                0x200001d8                        _edata = .

.igot.plt       0x200001d8        0x0 load address 0x08009bcc
 .igot.plt      0x200001d8        0x0 /Applications/STM32CubeIDE.app/Contents/Eclipse/plugins/com.st.stm32cube.ide.mcu.externaltools.gnu-tools-for-stm32.13.3.rel1.macos64_1.0.0.202411102158/tools/bin/../lib/gcc/arm-none-eabi/13.3.1/thumb/v7e-m+fp/hard/crtbegin.o
                0x200001d8                        . = ALIGN (0x4)

.bss            0x200001d8     0x6e54 load address 0x08009bcc
                0x200001d8                        _sbss = .
                0x200001d8                        __bss_start__ = _sbss
 *(.bss)
 .bss           0x200001d8       0x1c /Applications/STM32CubeIDE.app/Contents/Eclipse/plugins/com.st.stm32cube.ide.mcu.externaltools.gnu-tools-for-stm32.13.3.rel1.macos64_1.0.0.202411102158/tools/bin/../lib/gcc/arm-none-eabi/13.3.1/thumb/v7e-m+fp/hard/crtbegin.o
 *(.bss*)
 .bss.defaultTaskHandle
                0x200001f4        0x4 build/freertos.o
                0x200001f4                defaultTaskHandle
 .bss.idleCountMax
                0x200001f8        0x4 build/freertos.o
                0x200001f8                idleCountMax
 .bss.idleCount
                0x200001fc        0x4 build/freertos.o
                0x200001fc                idleCount
 .bss.htim1     0x20000200       0x48 build/stm32f4xx_hal_timebase_tim.o
                0x20000200                htim1
 .bss.cursor_y  0x20000248        0x1 build/ssd1306_font.o
 .bss.cursor_x  0x20000249        0x1 build/ssd1306_font.o
 *fill*         0x2000024a        0x2 
 .bss.SSD1306_Buffer
                0x2000024c      0x400 build/ssd1306.o
 .bss.tempBuffer
                0x2000064c      0xf4e build/makeqrcode.o
 *fill*         0x2000159a        0x2 
 .bss.qr0       0x2000159c      0xf4e build/makeqrcode.o
 *fill*         0x200024ea        0x2 
 .bss.uwTick    0x200024ec        0x4 build/stm32f4xx_hal.o
                0x200024ec                uwTick
 .bss.xQueueRegistry
                0x200024f0       0x40 build/queue.o
                0x200024f0                xQueueRegistry
 .bss.uxSchedulerSuspended
                0x20002530        0x4 build/tasks.o
 .bss.xIdleTaskHandle
                0x20002534        0x4 build/tasks.o
 .bss.xNextTaskUnblockTime
                0x20002538        0x4 build/tasks.o
 .bss.uxTaskNumber
                0x2000253c        0x4 build/tasks.o
 .bss.xNumOfOverflows
                0x20002540        0x4 build/tasks.o
 .bss.xYieldPending
                0x20002544        0x4 build/tasks.o
 .bss.xPendedTicks
                0x20002548        0x4 build/tasks.o
 .bss.xSchedulerRunning
                0x2000254c        0x4 build/tasks.o
 .bss.uxTopReadyPriority
                0x20002550        0x4 build/tasks.o
 .bss.xTickCount
                0x20002554        0x4 build/tasks.o
 .bss.uxCurrentNumberOfTasks
                0x20002558        0x4 build/tasks.o
 .bss.xSuspendedTaskList
                0x2000255c       0x14 build/tasks.o
 .bss.uxDeletedTasksWaitingCleanUp
                0x20002570        0x4 build/tasks.o
 .bss.xTasksWaitingTermination
                0x20002574       0x14 build/tasks.o
 .bss.xPendingReadyList
                0x20002588       0x14 build/tasks.o
 .bss.pxOverflowDelayedTaskList
                0x2000259c        0x4 build/tasks.o
 .bss.pxDelayedTaskList
                0x200025a0        0x4 build/tasks.o
 .bss.xDelayedTaskList2
                0x200025a4       0x14 build/tasks.o
 .bss.xDelayedTaskList1
                0x200025b8       0x14 build/tasks.o
 .bss.pxReadyTasksLists
                0x200025cc      0x460 build/tasks.o
 .bss.pxCurrentTCB
                0x20002a2c        0x4 build/tasks.o
                0x20002a2c                pxCurrentTCB
 .bss.xStaticTimerQueue.0
                0x20002a30       0x50 build/timers.o
 .bss.ucStaticTimerQueueStorage.1
                0x20002a80       0xa0 build/timers.o
 .bss.xLastTime.2
                0x20002b20        0x4 build/timers.o
 .bss.xTimerTaskHandle
                0x20002b24        0x4 build/timers.o
 .bss.xTimerQueue
                0x20002b28        0x4 build/timers.o
 .bss.pxOverflowTimerList
                0x20002b2c        0x4 build/timers.o
 .bss.pxCurrentTimerList
                0x20002b30        0x4 build/timers.o
 .bss.xActiveTimerList2
                0x20002b34       0x14 build/timers.o
 .bss.xActiveTimerList1
                0x20002b48       0x14 build/timers.o
 .bss.Timer_Stack.0
                0x20002b5c      0x400 build/cmsis_os2.o
 .bss.Timer_TCB.1
                0x20002f5c       0x5c build/cmsis_os2.o
 .bss.Idle_Stack.2
                0x20002fb8      0x200 build/cmsis_os2.o
 .bss.Idle_TCB.3
                0x200031b8       0x5c build/cmsis_os2.o
 .bss.KernelState
                0x20003214        0x4 build/cmsis_os2.o
 .bss.xBlockAllocatedBit
                0x20003218        0x4 build/heap_4.o
 .bss.xNumberOfSuccessfulFrees
                0x2000321c        0x4 build/heap_4.o
 .bss.xNumberOfSuccessfulAllocations
                0x20003220        0x4 build/heap_4.o
 .bss.xMinimumEverFreeBytesRemaining
                0x20003224        0x4 build/heap_4.o
 .bss.xFreeBytesRemaining
                0x20003228        0x4 build/heap_4.o
 .bss.pxEnd     0x2000322c        0x4 build/heap_4.o
 .bss.xStart    0x20003230        0x8 build/heap_4.o
 .bss.ucHeap    0x20003238     0x3c00 build/heap_4.o
 .bss.ulMaxPRIGROUPValue
                0x20006e38        0x4 build/port.o
 .bss.ucMaxSysCallPriority
                0x20006e3c        0x1 build/port.o
 *fill*         0x20006e3d        0x3 
 .bss.__sbrk_heap_end
                0x20006e40        0x4 build/sysmem.o
 .bss.hi2c1     0x20006e44       0x54 build/i2c.o
                0x20006e44                hi2c1
 .bss.huart2    0x20006e98       0x48 build/usart.o
                0x20006e98                huart2
 .bss.__sf      0x20006ee0      0x138 /Applications/STM32CubeIDE.app/Contents/Eclipse/plugins/com.st.stm32cube.ide.mcu.externaltools.gnu-tools-for-stm32.13.3.rel1.macos64_1.0.0.202411102158/tools/bin/../lib/gcc/arm-none-eabi/13.3.1/../../../../arm-none-eabi/lib/thumb/v7e-m+fp/hard/libc_nano.a(libc_a-findfp.o)
                0x20006ee0                __sf
 .bss.__stdio_exit_handler
                0x20007018        0x4 /Applications/STM32CubeIDE.app/Contents/Eclipse/plugins/com.st.stm32cube.ide.mcu.externaltools.gnu-tools-for-stm32.13.3.rel1.macos64_1.0.0.202411102158/tools/bin/../lib/gcc/arm-none-eabi/13.3.1/../../../../arm-none-eabi/lib/thumb/v7e-m+fp/hard/libc_nano.a(libc_a-findfp.o)
                0x20007018                __stdio_exit_handler
 .bss.__lock___malloc_recursive_mutex
                0x2000701c        0x1 /Applications/STM32CubeIDE.app/Contents/Eclipse/plugins/com.st.stm32cube.ide.mcu.externaltools.gnu-tools-for-stm32.13.3.rel1.macos64_1.0.0.202411102158/tools/bin/../lib/gcc/arm-none-eabi/13.3.1/../../../../arm-none-eabi/lib/thumb/v7e-m+fp/hard/libc_nano.a(libc_a-lock.o)
                0x2000701c                __lock___malloc_recursive_mutex
 .bss.__lock___sfp_recursive_mutex
                0x2000701d        0x1 /Applications/STM32CubeIDE.app/Contents/Eclipse/plugins/com.st.stm32cube.ide.mcu.externaltools.gnu-tools-for-stm32.13.3.rel1.macos64_1.0.0.202411102158/tools/bin/../lib/gcc/arm-none-eabi/13.3.1/../../../../arm-none-eabi/lib/thumb/v7e-m+fp/hard/libc_nano.a(libc_a-lock.o)
                0x2000701d                __lock___sfp_recursive_mutex
 *fill*         0x2000701e        0x2 
 .bss.__malloc_sbrk_start
                0x20007020        0x4 /Applications/STM32CubeIDE.app/Contents/Eclipse/plugins/com.st.stm32cube.ide.mcu.externaltools.gnu-tools-for-stm32.13.3.rel1.macos64_1.0.0.202411102158/tools/bin/../lib/gcc/arm-none-eabi/13.3.1/../../../../arm-none-eabi/lib/thumb/v7e-m+fp/hard/libc_nano.a(libc_a-mallocr.o)
                0x20007020                __malloc_sbrk_start
 .bss.__malloc_free_list
                0x20007024        0x4 /Applications/STM32CubeIDE.app/Contents/Eclipse/plugins/com.st.stm32cube.ide.mcu.externaltools.gnu-tools-for-stm32.13.3.rel1.macos64_1.0.0.202411102158/tools/bin/../lib/gcc/arm-none-eabi/13.3.1/../../../../arm-none-eabi/lib/thumb/v7e-m+fp/hard/libc_nano.a(libc_a-mallocr.o)
                0x20007024                __malloc_free_list
 .bss.errno     0x20007028        0x4 /Applications/STM32CubeIDE.app/Contents/Eclipse/plugins/com.st.stm32cube.ide.mcu.externaltools.gnu-tools-for-stm32.13.3.rel1.macos64_1.0.0.202411102158/tools/bin/../lib/gcc/arm-none-eabi/13.3.1/../../../../arm-none-eabi/lib/thumb/v7e-m+fp/hard/libc_nano.a(libc_a-reent.o)
                0x20007028                errno
 *(COMMON)
                0x2000702c                        . = ALIGN (0x4)
                0x2000702c                        _ebss = .
                0x2000702c                        __bss_end__ = _ebss

._user_heap_stack
                0x2000702c      0x604 load address 0x08009bcc
                0x20007030                        . = ALIGN (0x8)
 *fill*         0x2000702c        0x4 
                [!provide]                        PROVIDE (end = .)